[    0.000000] Initializing cgroup subsys cpuset
[    0.000000] Initializing cgroup subsys cpu
[    0.000000] Initializing cgroup subsys cpuacct
[    0.000000] Linux version 4.2.5-1-ARCH (builduser@tobias) (gcc version 5.2.0 (GCC) ) #1 SMP PREEMPT Tue Oct 27 08:13:28 CET 2015
[    0.000000] Command line: BOOT_IMAGE=/boot/vmlinuz-linux root=UUID=5127356f-df2f-4b44-ae1f-f662af9ea68b rw quiet i915.enable_ips=0
[    0.000000] x86/fpu: xstate_offset[2]: 0240, xstate_sizes[2]: 0100
[    0.000000] x86/fpu: Supporting XSAVE feature 0x01: 'x87 floating point registers'
[    0.000000] x86/fpu: Supporting XSAVE feature 0x02: 'SSE registers'
[    0.000000] x86/fpu: Supporting XSAVE feature 0x04: 'AVX registers'
[    0.000000] x86/fpu: Enabled xstate features 0x7, context size is 0x340 bytes, using 'standard' format.
[    0.000000] x86/fpu: Using 'eager' FPU context switches.
[    0.000000] e820: BIOS-provided physical RAM map:
[    0.000000] BIOS-e820: [mem 0x0000000000000000-0x000000000009cfff] usable
[    0.000000] BIOS-e820: [mem 0x000000000009d000-0x000000000009ffff] reserved
[    0.000000] BIOS-e820: [mem 0x00000000000e0000-0x00000000000fffff] reserved
[    0.000000] BIOS-e820: [mem 0x0000000000100000-0x00000000ce22ffff] usable
[    0.000000] BIOS-e820: [mem 0x00000000ce230000-0x00000000dcd3efff] reserved
[    0.000000] BIOS-e820: [mem 0x00000000dcd3f000-0x00000000dce7efff] ACPI NVS
[    0.000000] BIOS-e820: [mem 0x00000000dce7f000-0x00000000dcefefff] ACPI data
[    0.000000] BIOS-e820: [mem 0x00000000dceff000-0x00000000df9fffff] reserved
[    0.000000] BIOS-e820: [mem 0x00000000f8000000-0x00000000fbffffff] reserved
[    0.000000] BIOS-e820: [mem 0x00000000fe101000-0x00000000fe112fff] reserved
[    0.000000] BIOS-e820: [mem 0x00000000fec00000-0x00000000fec00fff] reserved
[    0.000000] BIOS-e820: [mem 0x00000000fed08000-0x00000000fed08fff] reserved
[    0.000000] BIOS-e820: [mem 0x00000000fed10000-0x00000000fed19fff] reserved
[    0.000000] BIOS-e820: [mem 0x00000000fed1c000-0x00000000fed1ffff] reserved
[    0.000000] BIOS-e820: [mem 0x00000000fee00000-0x00000000fee00fff] reserved
[    0.000000] BIOS-e820: [mem 0x00000000ffc00000-0x00000000ffffffff] reserved
[    0.000000] BIOS-e820: [mem 0x0000000100000000-0x000000021e5fffff] usable
[    0.000000] NX (Execute Disable) protection: active
[    0.000000] SMBIOS 2.7 present.
[    0.000000] DMI: LENOVO 20B7S1DP00/20B7S1DP00, BIOS GJET76WW (2.26 ) 05/12/2014
[    0.000000] e820: update [mem 0x00000000-0x00000fff] usable ==> reserved
[    0.000000] e820: remove [mem 0x000a0000-0x000fffff] usable
[    0.000000] e820: last_pfn = 0x21e600 max_arch_pfn = 0x400000000
[    0.000000] MTRR default type: write-back
[    0.000000] MTRR fixed ranges enabled:
[    0.000000]   00000-9FFFF write-back
[    0.000000]   A0000-BFFFF uncachable
[    0.000000]   C0000-FFFFF write-protect
[    0.000000] MTRR variable ranges enabled:
[    0.000000]   0 base 00E0000000 mask 7FE0000000 uncachable
[    0.000000]   1 base 00DE000000 mask 7FFE000000 uncachable
[    0.000000]   2 base 00DD000000 mask 7FFF000000 uncachable
[    0.000000]   3 base 00DCF00000 mask 7FFFF00000 uncachable
[    0.000000]   4 disabled
[    0.000000]   5 disabled
[    0.000000]   6 disabled
[    0.000000]   7 disabled
[    0.000000]   8 disabled
[    0.000000]   9 disabled
[    0.000000] x86/PAT: Configuration [0-7]: WB  WC  UC- UC  WB  WC  UC- WT  
[    0.000000] e820: last_pfn = 0xce230 max_arch_pfn = 0x400000000
[    0.000000] found SMP MP-table at [mem 0x000f0100-0x000f010f] mapped at [ffff8800000f0100]
[    0.000000] Scanning 1 areas for low memory corruption
[    0.000000] Base memory trampoline at [ffff880000097000] 97000 size 24576
[    0.000000] Using GB pages for direct mapping
[    0.000000] init_memory_mapping: [mem 0x00000000-0x000fffff]
[    0.000000]  [mem 0x00000000-0x000fffff] page 4k
[    0.000000] BRK [0x01b36000, 0x01b36fff] PGTABLE
[    0.000000] BRK [0x01b37000, 0x01b37fff] PGTABLE
[    0.000000] BRK [0x01b38000, 0x01b38fff] PGTABLE
[    0.000000] init_memory_mapping: [mem 0x21e400000-0x21e5fffff]
[    0.000000]  [mem 0x21e400000-0x21e5fffff] page 2M
[    0.000000] BRK [0x01b39000, 0x01b39fff] PGTABLE
[    0.000000] init_memory_mapping: [mem 0x200000000-0x21e3fffff]
[    0.000000]  [mem 0x200000000-0x21e3fffff] page 2M
[    0.000000] init_memory_mapping: [mem 0x1e0000000-0x1ffffffff]
[    0.000000]  [mem 0x1e0000000-0x1ffffffff] page 1G
[    0.000000] init_memory_mapping: [mem 0x00100000-0xce22ffff]
[    0.000000]  [mem 0x00100000-0x001fffff] page 4k
[    0.000000]  [mem 0x00200000-0x3fffffff] page 2M
[    0.000000]  [mem 0x40000000-0xbfffffff] page 1G
[    0.000000]  [mem 0xc0000000-0xce1fffff] page 2M
[    0.000000]  [mem 0xce200000-0xce22ffff] page 4k
[    0.000000] init_memory_mapping: [mem 0x100000000-0x1dfffffff]
[    0.000000]  [mem 0x100000000-0x1dfffffff] page 1G
[    0.000000] RAMDISK: [mem 0x378f2000-0x37c70fff]
[    0.000000] ACPI: Early table checksum verification disabled
[    0.000000] ACPI: RSDP 0x00000000000F0120 000024 (v02 LENOVO)
[    0.000000] ACPI: XSDT 0x00000000DCEFE170 0000F4 (v01 LENOVO TP-GJ    00002260 PTEC 00000002)
[    0.000000] ACPI: FACP 0x00000000DCEF8000 00010C (v05 LENOVO TP-GJ    00002260 PTEC 00000002)
[    0.000000] ACPI: DSDT 0x00000000DCEE2000 010F03 (v01 LENOVO TP-GJ    00002260 INTL 20120711)
[    0.000000] ACPI: FACS 0x00000000DCE4A000 000040
[    0.000000] ACPI: SLIC 0x00000000DCEFD000 000176 (v01 LENOVO TP-GJ    00002260 PTEC 00000001)
[    0.000000] ACPI: DBGP 0x00000000DCEFB000 000034 (v01 LENOVO TP-GJ    00002260 PTEC 00000002)
[    0.000000] ACPI: ECDT 0x00000000DCEFA000 000052 (v01 LENOVO TP-GJ    00002260 PTEC 00000002)
[    0.000000] ACPI: HPET 0x00000000DCEF7000 000038 (v01 LENOVO TP-GJ    00002260 PTEC 00000002)
[    0.000000] ACPI: APIC 0x00000000DCEF6000 000098 (v01 LENOVO TP-GJ    00002260 PTEC 00000002)
[    0.000000] ACPI: MCFG 0x00000000DCEF5000 00003C (v01 LENOVO TP-GJ    00002260 PTEC 00000002)
[    0.000000] ACPI: SSDT 0x00000000DCEF4000 000033 (v01 LENOVO TP-SSDT1 00000100 INTL 20120711)
[    0.000000] ACPI: SSDT 0x00000000DCEF3000 000486 (v01 LENOVO TP-SSDT2 00000200 INTL 20120711)
[    0.000000] ACPI: SSDT 0x00000000DCEE1000 0009CB (v01 LENOVO SataAhci 00001000 INTL 20120711)
[    0.000000] ACPI: SSDT 0x00000000DCEE0000 000152 (v01 LENOVO Rmv_Batt 00001000 INTL 20120711)
[    0.000000] ACPI: SSDT 0x00000000DCEDF000 0007F5 (v01 LENOVO Cpu0Ist  00003000 INTL 20120711)
[    0.000000] ACPI: SSDT 0x00000000DCEDE000 000AD8 (v01 LENOVO CpuPm    00003000 INTL 20120711)
[    0.000000] ACPI: SSDT 0x00000000DCEDC000 001215 (v01 LENOVO SaSsdt   00003000 INTL 20120711)
[    0.000000] ACPI: SSDT 0x00000000DCEDB000 000379 (v01 LENOVO CppcTabl 00001000 INTL 20120711)
[    0.000000] ACPI: PCCT 0x00000000DCEDA000 00006E (v05 LENOVO TP-GJ    00002260 PTEC 00000002)
[    0.000000] ACPI: SSDT 0x00000000DCED9000 000AC4 (v01 LENOVO Cpc_Tabl 00001000 INTL 20120711)
[    0.000000] ACPI: TCPA 0x00000000DCED8000 000032 (v02 PTL    LENOVO   06040000 LNVO 00000001)
[    0.000000] ACPI: UEFI 0x00000000DCED7000 000042 (v01 LENOVO TP-GJ    00002260 PTEC 00000002)
[    0.000000] ACPI: POAT 0x00000000DCDB2000 000055 (v03 LENOVO TP-GJ    00002260 PTEC 00000002)
[    0.000000] ACPI: ASF! 0x00000000DCEFC000 0000A5 (v32 LENOVO TP-GJ    00002260 PTEC 00000002)
[    0.000000] ACPI: BATB 0x00000000DCED6000 000046 (v01 LENOVO TP-GJ    00002260 PTEC 00000002)
[    0.000000] ACPI: FPDT 0x00000000DCED5000 000064 (v01 LENOVO TP-GJ    00002260 PTEC 00000002)
[    0.000000] ACPI: UEFI 0x00000000DCED4000 0002E2 (v01 LENOVO TP-GJ    00002260 PTEC 00000002)
[    0.000000] ACPI: SSDT 0x00000000DCED3000 00047F (v01 LENOVO IsctTabl 00001000 INTL 20120711)
[    0.000000] ACPI: DMAR 0x00000000DCED2000 0000B0 (v01 LENOVO TP-GJ    00002260 PTEC 00000002)
[    0.000000] ACPI: Local APIC address 0xfee00000
[    0.000000] No NUMA configuration found
[    0.000000] Faking a node at [mem 0x0000000000000000-0x000000021e5fffff]
[    0.000000] NODE_DATA(0) allocated [mem 0x21e5fa000-0x21e5fdfff]
[    0.000000]  [ffffea0000000000-ffffea00087fffff] PMD -> [ffff880216000000-ffff88021dbfffff] on node 0
[    0.000000] Zone ranges:
[    0.000000]   DMA      [mem 0x0000000000001000-0x0000000000ffffff]
[    0.000000]   DMA32    [mem 0x0000000001000000-0x00000000ffffffff]
[    0.000000]   Normal   [mem 0x0000000100000000-0x000000021e5fffff]
[    0.000000] Movable zone start for each node
[    0.000000] Early memory node ranges
[    0.000000]   node   0: [mem 0x0000000000001000-0x000000000009cfff]
[    0.000000]   node   0: [mem 0x0000000000100000-0x00000000ce22ffff]
[    0.000000]   node   0: [mem 0x0000000100000000-0x000000021e5fffff]
[    0.000000] Initmem setup node 0 [mem 0x0000000000001000-0x000000021e5fffff]
[    0.000000] On node 0 totalpages: 2017228
[    0.000000]   DMA zone: 64 pages used for memmap
[    0.000000]   DMA zone: 21 pages reserved
[    0.000000]   DMA zone: 3996 pages, LIFO batch:0
[    0.000000]   DMA32 zone: 13129 pages used for memmap
[    0.000000]   DMA32 zone: 840240 pages, LIFO batch:31
[    0.000000]   Normal zone: 18328 pages used for memmap
[    0.000000]   Normal zone: 1172992 pages, LIFO batch:31
[    0.000000] Reserving Intel graphics stolen memory at 0xdda00000-0xdf9fffff
[    0.000000] ACPI: PM-Timer IO Port: 0x1808
[    0.000000] ACPI: Local APIC address 0xfee00000
[    0.000000] ACPI: LAPIC_NMI (acpi_id[0x00] high edge lint[0x1])
[    0.000000] ACPI: LAPIC_NMI (acpi_id[0x01] high edge lint[0x1])
[    0.000000] IOAPIC[0]: apic_id 2, version 32, address 0xfec00000, GSI 0-39
[    0.000000] ACPI: INT_SRC_OVR (bus 0 bus_irq 0 global_irq 2 dfl dfl)
[    0.000000] ACPI: INT_SRC_OVR (bus 0 bus_irq 9 global_irq 9 high level)
[    0.000000] ACPI: IRQ0 used by override.
[    0.000000] ACPI: IRQ9 used by override.
[    0.000000] Using ACPI (MADT) for SMP configuration information
[    0.000000] ACPI: HPET id: 0x8086a301 base: 0xfed00000
[    0.000000] smpboot: Allowing 8 CPUs, 4 hotplug CPUs
[    0.000000] PM: Registered nosave memory: [mem 0x00000000-0x00000fff]
[    0.000000] PM: Registered nosave memory: [mem 0x0009d000-0x0009ffff]
[    0.000000] PM: Registered nosave memory: [mem 0x000a0000-0x000dffff]
[    0.000000] PM: Registered nosave memory: [mem 0x000e0000-0x000fffff]
[    0.000000] PM: Registered nosave memory: [mem 0xce230000-0xdcd3efff]
[    0.000000] PM: Registered nosave memory: [mem 0xdcd3f000-0xdce7efff]
[    0.000000] PM: Registered nosave memory: [mem 0xdce7f000-0xdcefefff]
[    0.000000] PM: Registered nosave memory: [mem 0xdceff000-0xdf9fffff]
[    0.000000] PM: Registered nosave memory: [mem 0xdfa00000-0xf7ffffff]
[    0.000000] PM: Registered nosave memory: [mem 0xf8000000-0xfbffffff]
[    0.000000] PM: Registered nosave memory: [mem 0xfc000000-0xfe100fff]
[    0.000000] PM: Registered nosave memory: [mem 0xfe101000-0xfe112fff]
[    0.000000] PM: Registered nosave memory: [mem 0xfe113000-0xfebfffff]
[    0.000000] PM: Registered nosave memory: [mem 0xfec00000-0xfec00fff]
[    0.000000] PM: Registered nosave memory: [mem 0xfec01000-0xfed07fff]
[    0.000000] PM: Registered nosave memory: [mem 0xfed08000-0xfed08fff]
[    0.000000] PM: Registered nosave memory: [mem 0xfed09000-0xfed0ffff]
[    0.000000] PM: Registered nosave memory: [mem 0xfed10000-0xfed19fff]
[    0.000000] PM: Registered nosave memory: [mem 0xfed1a000-0xfed1bfff]
[    0.000000] PM: Registered nosave memory: [mem 0xfed1c000-0xfed1ffff]
[    0.000000] PM: Registered nosave memory: [mem 0xfed20000-0xfedfffff]
[    0.000000] PM: Registered nosave memory: [mem 0xfee00000-0xfee00fff]
[    0.000000] PM: Registered nosave memory: [mem 0xfee01000-0xffbfffff]
[    0.000000] PM: Registered nosave memory: [mem 0xffc00000-0xffffffff]
[    0.000000] e820: [mem 0xdfa00000-0xf7ffffff] available for PCI devices
[    0.000000] Booting paravirtualized kernel on bare hardware
[    0.000000] clocksource: refined-jiffies: mask: 0xffffffff max_cycles: 0xffffffff, max_idle_ns: 6370452778343963 ns
[    0.000000] setup_percpu: NR_CPUS:128 nr_cpumask_bits:128 nr_cpu_ids:8 nr_node_ids:1
[    0.000000] PERCPU: Embedded 32 pages/cpu @ffff88021e200000 s91480 r8192 d31400 u262144
[    0.000000] pcpu-alloc: s91480 r8192 d31400 u262144 alloc=1*2097152
[    0.000000] pcpu-alloc: [0] 0 1 2 3 4 5 6 7 
[    0.000000] Built 1 zonelists in Node order, mobility grouping on.  Total pages: 1985686
[    0.000000] Policy zone: Normal
[    0.000000] Kernel command line: BOOT_IMAGE=/boot/vmlinuz-linux root=UUID=5127356f-df2f-4b44-ae1f-f662af9ea68b rw quiet i915.enable_ips=0
[    0.000000] PID hash table entries: 4096 (order: 3, 32768 bytes)
[    0.000000] Calgary: detecting Calgary via BIOS EBDA area
[    0.000000] Calgary: Unable to locate Rio Grande table in EBDA - bailing!
[    0.000000] Memory: 7859416K/8068912K available (5611K kernel code, 922K rwdata, 1768K rodata, 1180K init, 1152K bss, 209496K reserved, 0K cma-reserved)
[    0.000000] SLUB: HWalign=64, Order=0-3, MinObjects=0, CPUs=8, Nodes=1
[    0.000000] Preemptible hierarchical RCU implementation.
[    0.000000] 	Build-time adjustment of leaf fanout to 64.
[    0.000000] 	RCU restricting CPUs from NR_CPUS=128 to nr_cpu_ids=8.
[    0.000000] RCU: Adjusting geometry for rcu_fanout_leaf=64, nr_cpu_ids=8
[    0.000000] NR_IRQS:8448 nr_irqs:760 16
[    0.000000] Console: colour dummy device 80x25
[    0.000000] console [tty0] enabled
[    0.000000] clocksource: hpet: mask: 0xffffffff max_cycles: 0xffffffff, max_idle_ns: 133484882848 ns
[    0.000000] hpet clockevent registered
[    0.000000] tsc: Fast TSC calibration using PIT
[    0.000000] tsc: Detected 2494.232 MHz processor
[    0.000037] Calibrating delay loop (skipped), value calculated using timer frequency.. 4990.31 BogoMIPS (lpj=8314106)
[    0.000040] pid_max: default: 32768 minimum: 301
[    0.000045] ACPI: Core revision 20150619
[    0.019705] ACPI: All ACPI Tables successfully acquired
[    0.019728] Security Framework initialized
[    0.019730] Yama: becoming mindful.
[    0.020362] Dentry cache hash table entries: 1048576 (order: 11, 8388608 bytes)
[    0.022326] Inode-cache hash table entries: 524288 (order: 10, 4194304 bytes)
[    0.023155] Mount-cache hash table entries: 16384 (order: 5, 131072 bytes)
[    0.023168] Mountpoint-cache hash table entries: 16384 (order: 5, 131072 bytes)
[    0.023416] Initializing cgroup subsys blkio
[    0.023419] Initializing cgroup subsys memory
[    0.023427] Initializing cgroup subsys devices
[    0.023429] Initializing cgroup subsys freezer
[    0.023431] Initializing cgroup subsys net_cls
[    0.023456] CPU: Physical Processor ID: 0
[    0.023457] CPU: Processor Core ID: 0
[    0.023462] ENERGY_PERF_BIAS: Set to 'normal', was 'performance'
[    0.023463] ENERGY_PERF_BIAS: View and update with x86_energy_perf_policy(8)
[    0.024604] mce: CPU supports 7 MCE banks
[    0.024618] CPU0: Thermal monitoring enabled (TM1)
[    0.024628] process: using mwait in idle threads
[    0.024631] Last level iTLB entries: 4KB 1024, 2MB 1024, 4MB 1024
[    0.024632] Last level dTLB entries: 4KB 1024, 2MB 1024, 4MB 1024, 1GB 4
[    0.025011] Freeing SMP alternatives memory: 20K (ffffffff81a0f000 - ffffffff81a14000)
[    0.026806] ftrace: allocating 22161 entries in 87 pages
[    0.037801] DMAR: Host address width 39
[    0.037803] DMAR: DRHD base: 0x000000fed90000 flags: 0x0
[    0.037811] DMAR: dmar0: reg_base_addr fed90000 ver 1:0 cap c0000020660462 ecap f0101a
[    0.037812] DMAR: DRHD base: 0x000000fed91000 flags: 0x1
[    0.037817] DMAR: dmar1: reg_base_addr fed91000 ver 1:0 cap d2008020660462 ecap f010da
[    0.037818] DMAR: RMRR base: 0x000000daee5000 end: 0x000000daefbfff
[    0.037819] DMAR: RMRR base: 0x000000dd800000 end: 0x000000df9fffff
[    0.037822] DMAR-IR: IOAPIC id 2 under DRHD base  0xfed91000 IOMMU 1
[    0.037823] DMAR-IR: HPET id 0 under DRHD base 0xfed91000
[    0.037825] DMAR-IR: Queued invalidation will be enabled to support x2apic and Intr-remapping.
[    0.038231] DMAR-IR: Enabled IRQ remapping in x2apic mode
[    0.038233] x2apic enabled
[    0.038239] Switched APIC routing to cluster x2apic.
[    0.038825] ..TIMER: vector=0x30 apic1=0 pin1=2 apic2=-1 pin2=-1
[    0.071872] TSC deadline timer enabled
[    0.071875] smpboot: CPU0: Intel(R) Core(TM) i5-4300U CPU @ 1.90GHz (fam: 06, model: 45, stepping: 01)
[    0.071906] Performance Events: PEBS fmt2+, 16-deep LBR, Haswell events, full-width counters, Intel PMU driver.
[    0.071930] ... version:                3
[    0.071931] ... bit width:              48
[    0.071932] ... generic registers:      4
[    0.071933] ... value mask:             0000ffffffffffff
[    0.071935] ... max period:             0000ffffffffffff
[    0.071936] ... fixed-purpose events:   3
[    0.071937] ... event mask:             000000070000000f
[    0.085336] x86: Booting SMP configuration:
[    0.085338] .... node  #0, CPUs:      #1
[    0.089858] NMI watchdog: enabled on all CPUs, permanently consumes one hw-PMU counter.
[    0.093124]  #2 #3
[    0.105193] x86: Booted up 1 node, 4 CPUs
[    0.105197] smpboot: Total of 4 processors activated (19961.26 BogoMIPS)
[    0.109733] devtmpfs: initialized
[    0.112562] PM: Registering ACPI NVS region [mem 0xdcd3f000-0xdce7efff] (1310720 bytes)
[    0.112677] clocksource: jiffies: mask: 0xffffffff max_cycles: 0xffffffff, max_idle_ns: 6370867519511994 ns
[    0.112776] pinctrl core: initialized pinctrl subsystem
[    0.112823] RTC time:  0:43:09, date: 11/24/15
[    0.112967] NET: Registered protocol family 16
[    0.126258] cpuidle: using governor ladder
[    0.136274] cpuidle: using governor menu
[    0.136329] ACPI FADT declares the system doesn't support PCIe ASPM, so disable it
[    0.136330] ACPI: bus type PCI registered
[    0.136332] acpiphp: ACPI Hot Plug PCI Controller Driver version: 0.5
[    0.136516] PCI: MMCONFIG for domain 0000 [bus 00-3f] at [mem 0xf8000000-0xfbffffff] (base 0xf8000000)
[    0.136519] PCI: MMCONFIG at [mem 0xf8000000-0xfbffffff] reserved in E820
[    0.136524] PCI: Using configuration type 1 for base access
[    0.136792] perf_event_intel: PMU erratum BJ122, BV98, HSD29 worked around, HT is on
[    0.149969] ACPI: Added _OSI(Module Device)
[    0.149971] ACPI: Added _OSI(Processor Device)
[    0.149973] ACPI: Added _OSI(3.0 _SCP Extensions)
[    0.149974] ACPI: Added _OSI(Processor Aggregator Device)
[    0.152144] ACPI : EC: EC description table is found, configuring boot EC
[    0.152157] ACPI : EC: EC started
[    0.158345] [Firmware Bug]: ACPI: BIOS _OSI(Linux) query ignored
[    0.160631] ACPI: Dynamic OEM Table Load:
[    0.160646] ACPI: SSDT 0xFFFF880214978800 000436 (v01 PmRef  Cpu0Cst  00003001 INTL 20120711)
[    0.161456] ACPI: Dynamic OEM Table Load:
[    0.161470] ACPI: SSDT 0xFFFF880214979000 0005AA (v01 PmRef  ApIst    00003000 INTL 20120711)
[    0.162332] ACPI: Dynamic OEM Table Load:
[    0.162343] ACPI: SSDT 0xFFFF8802144C0000 000119 (v01 PmRef  ApCst    00003000 INTL 20120711)
[    0.163570] ACPI: Interpreter enabled
[    0.163579] ACPI Exception: AE_NOT_FOUND, While evaluating Sleep State [\_S1_] (20150619/hwxface-580)
[    0.163586] ACPI Exception: AE_NOT_FOUND, While evaluating Sleep State [\_S2_] (20150619/hwxface-580)
[    0.163603] ACPI: (supports S0 S3 S4 S5)
[    0.163605] ACPI: Using IOAPIC for interrupt routing
[    0.163632] PCI: Using host bridge windows from ACPI; if necessary, use "pci=nocrs" and report a bug
[    0.166450] ACPI: Power Resource [PUBS] (on)
[    0.167071] acpi PNP0C0A:01: ACPI dock station (docks/bays count: 1)
[    0.167274] ACPI: Power Resource [NVP3] (on)
[    0.167301] ACPI: Power Resource [NVP2] (on)
[    0.170735] ACPI: PCI Interrupt Link [LNKA] (IRQs 3 4 5 6 7 9 10 *11)
[    0.170813] ACPI: PCI Interrupt Link [LNKB] (IRQs 3 4 5 6 7 *9 10 11)
[    0.170887] ACPI: PCI Interrupt Link [LNKC] (IRQs 3 4 5 6 7 9 *10 11)
[    0.170960] ACPI: PCI Interrupt Link [LNKD] (IRQs 3 4 5 *6 7 9 10 11)
[    0.171033] ACPI: PCI Interrupt Link [LNKE] (IRQs 3 4 5 6 7 9 10 *11)
[    0.171091] ACPI: PCI Interrupt Link [LNKF] (IRQs 3 4 5 6 7 9 10 11) *0, disabled.
[    0.171165] ACPI: PCI Interrupt Link [LNKG] (IRQs 3 4 5 6 7 9 *10 11)
[    0.171238] ACPI: PCI Interrupt Link [LNKH] (IRQs 3 4 5 6 *7 9 10 11)
[    0.171326] ACPI: PCI Root Bridge [PCI0] (domain 0000 [bus 00-3f])
[    0.171332] acpi PNP0A08:00: _OSC: OS supports [ExtendedConfig ASPM ClockPM Segments MSI]
[    0.171446] acpi PNP0A08:00: _OSC: platform does not support [PCIeCapability]
[    0.171496] acpi PNP0A08:00: _OSC: not requesting control; platform does not support [PCIeCapability]
[    0.171499] acpi PNP0A08:00: _OSC: OS requested [PCIeHotplug PME AER PCIeCapability]
[    0.171501] acpi PNP0A08:00: _OSC: platform willing to grant [PCIeHotplug PME AER]
[    0.171503] acpi PNP0A08:00: _OSC failed (AE_SUPPORT); disabling ASPM
[    0.171655] PCI host bridge to bus 0000:00
[    0.171658] pci_bus 0000:00: root bus resource [bus 00-3f]
[    0.171663] pci_bus 0000:00: root bus resource [io  0x0000-0x0cf7 window]
[    0.171665] pci_bus 0000:00: root bus resource [io  0x0d00-0xffff window]
[    0.171667] pci_bus 0000:00: root bus resource [mem 0x000a0000-0x000bffff window]
[    0.171669] pci_bus 0000:00: root bus resource [mem 0xdfa00000-0xfebfffff window]
[    0.171670] pci_bus 0000:00: root bus resource [mem 0xfed40000-0xfed4bfff window]
[    0.171679] pci 0000:00:00.0: [8086:0a04] type 00 class 0x060000
[    0.171763] pci 0000:00:02.0: [8086:0a16] type 00 class 0x030000
[    0.171780] pci 0000:00:02.0: reg 0x10: [mem 0xf0000000-0xf03fffff 64bit]
[    0.171788] pci 0000:00:02.0: reg 0x18: [mem 0xe0000000-0xefffffff 64bit pref]
[    0.171793] pci 0000:00:02.0: reg 0x20: [io  0x3000-0x303f]
[    0.171869] pci 0000:00:03.0: [8086:0a0c] type 00 class 0x040300
[    0.171884] pci 0000:00:03.0: reg 0x10: [mem 0xf0630000-0xf0633fff 64bit]
[    0.171982] pci 0000:00:14.0: [8086:9c31] type 00 class 0x0c0330
[    0.172007] pci 0000:00:14.0: reg 0x10: [mem 0xf0620000-0xf062ffff 64bit]
[    0.172054] pci 0000:00:14.0: PME# supported from D3hot D3cold
[    0.172084] pci 0000:00:14.0: System wakeup disabled by ACPI
[    0.172123] pci 0000:00:16.0: [8086:9c3a] type 00 class 0x078000
[    0.172149] pci 0000:00:16.0: reg 0x10: [mem 0xf0639000-0xf063901f 64bit]
[    0.172198] pci 0000:00:16.0: PME# supported from D0 D3hot D3cold
[    0.172266] pci 0000:00:19.0: [8086:155a] type 00 class 0x020000
[    0.172289] pci 0000:00:19.0: reg 0x10: [mem 0xf0600000-0xf061ffff]
[    0.172297] pci 0000:00:19.0: reg 0x14: [mem 0xf063e000-0xf063efff]
[    0.172305] pci 0000:00:19.0: reg 0x18: [io  0x3080-0x309f]
[    0.172348] pci 0000:00:19.0: PME# supported from D0 D3hot D3cold
[    0.172376] pci 0000:00:19.0: System wakeup disabled by ACPI
[    0.172417] pci 0000:00:1b.0: [8086:9c20] type 00 class 0x040300
[    0.172442] pci 0000:00:1b.0: reg 0x10: [mem 0xf0634000-0xf0637fff 64bit]
[    0.172495] pci 0000:00:1b.0: PME# supported from D0 D3hot D3cold
[    0.172559] pci 0000:00:1c.0: [8086:9c1a] type 01 class 0x060400
[    0.172618] pci 0000:00:1c.0: PME# supported from D0 D3hot D3cold
[    0.172730] pci 0000:00:1c.1: [8086:9c14] type 01 class 0x060400
[    0.172795] pci 0000:00:1c.1: PME# supported from D0 D3hot D3cold
[    0.172861] pci 0000:00:1c.1: System wakeup disabled by ACPI
[    0.172908] pci 0000:00:1d.0: [8086:9c26] type 00 class 0x0c0320
[    0.172936] pci 0000:00:1d.0: reg 0x10: [mem 0xf063d000-0xf063d3ff]
[    0.173011] pci 0000:00:1d.0: PME# supported from D0 D3hot D3cold
[    0.173046] pci 0000:00:1d.0: System wakeup disabled by ACPI
[    0.173087] pci 0000:00:1f.0: [8086:9c43] type 00 class 0x060100
[    0.173249] pci 0000:00:1f.2: [8086:9c03] type 00 class 0x010601
[    0.173270] pci 0000:00:1f.2: reg 0x10: [io  0x30a8-0x30af]
[    0.173277] pci 0000:00:1f.2: reg 0x14: [io  0x30b4-0x30b7]
[    0.173284] pci 0000:00:1f.2: reg 0x18: [io  0x30a0-0x30a7]
[    0.173291] pci 0000:00:1f.2: reg 0x1c: [io  0x30b0-0x30b3]
[    0.173299] pci 0000:00:1f.2: reg 0x20: [io  0x3060-0x307f]
[    0.173306] pci 0000:00:1f.2: reg 0x24: [mem 0xf063c000-0xf063c7ff]
[    0.173329] pci 0000:00:1f.2: PME# supported from D3hot
[    0.173389] pci 0000:00:1f.3: [8086:9c22] type 00 class 0x0c0500
[    0.173405] pci 0000:00:1f.3: reg 0x10: [mem 0xf0638000-0xf06380ff 64bit]
[    0.173425] pci 0000:00:1f.3: reg 0x20: [io  0xefa0-0xefbf]
[    0.173557] pci 0000:02:00.0: [10ec:5227] type 00 class 0xff0000
[    0.173601] pci 0000:02:00.0: reg 0x10: [mem 0xf0500000-0xf0500fff]
[    0.173716] pci 0000:02:00.0: supports D1 D2
[    0.173718] pci 0000:02:00.0: PME# supported from D1 D2 D3hot D3cold
[    0.183041] pci 0000:00:1c.0: PCI bridge to [bus 02]
[    0.183047] pci 0000:00:1c.0:   bridge window [mem 0xf0500000-0xf05fffff]
[    0.183250] pci 0000:03:00.0: [8086:08b2] type 00 class 0x028000
[    0.183362] pci 0000:03:00.0: reg 0x10: [mem 0xf0400000-0xf0401fff 64bit]
[    0.183608] pci 0000:03:00.0: PME# supported from D0 D3hot D3cold
[    0.193182] pci 0000:00:1c.1: PCI bridge to [bus 03]
[    0.193187] pci 0000:00:1c.1:   bridge window [mem 0xf0400000-0xf04fffff]
[    0.194220] ACPI: Enabled 4 GPEs in block 00 to 7F
[    0.194291] ACPI : EC: GPE = 0x25, I/O: command/status = 0x66, data = 0x62
[    0.194401] vgaarb: setting as boot device: PCI:0000:00:02.0
[    0.194403] vgaarb: device added: PCI:0000:00:02.0,decodes=io+mem,owns=io+mem,locks=none
[    0.194406] vgaarb: loaded
[    0.194408] vgaarb: bridge control possible 0000:00:02.0
[    0.194525] PCI: Using ACPI for IRQ routing
[    0.195904] PCI: pci_cache_line_size set to 64 bytes
[    0.196217] e820: reserve RAM buffer [mem 0x0009d000-0x0009ffff]
[    0.196219] e820: reserve RAM buffer [mem 0xce230000-0xcfffffff]
[    0.196220] e820: reserve RAM buffer [mem 0x21e600000-0x21fffffff]
[    0.196340] NetLabel: Initializing
[    0.196342] NetLabel:  domain hash size = 128
[    0.196343] NetLabel:  protocols = UNLABELED CIPSOv4
[    0.196355] NetLabel:  unlabeled traffic allowed by default
[    0.196395] hpet0: at MMIO 0xfed00000, IRQs 2, 8, 0, 0, 0, 0, 0, 0
[    0.196401] hpet0: 8 comparators, 64-bit 14.318180 MHz counter
[    0.198431] clocksource: Switched to clocksource hpet
[    0.204235] pnp: PnP ACPI init
[    0.204643] system 00:00: [mem 0x00000000-0x0009ffff] could not be reserved
[    0.204646] system 00:00: [mem 0x000c0000-0x000c3fff] could not be reserved
[    0.204648] system 00:00: [mem 0x000c4000-0x000c7fff] could not be reserved
[    0.204650] system 00:00: [mem 0x000c8000-0x000cbfff] could not be reserved
[    0.204652] system 00:00: [mem 0x000cc000-0x000cffff] could not be reserved
[    0.204654] system 00:00: [mem 0x000d0000-0x000d3fff] has been reserved
[    0.204656] system 00:00: [mem 0x000d4000-0x000d7fff] has been reserved
[    0.204658] system 00:00: [mem 0x000d8000-0x000dbfff] has been reserved
[    0.204660] system 00:00: [mem 0x000dc000-0x000dffff] has been reserved
[    0.204662] system 00:00: [mem 0x000e0000-0x000e3fff] could not be reserved
[    0.204664] system 00:00: [mem 0x000e4000-0x000e7fff] could not be reserved
[    0.204666] system 00:00: [mem 0x000e8000-0x000ebfff] could not be reserved
[    0.204668] system 00:00: [mem 0x000ec000-0x000effff] could not be reserved
[    0.204669] system 00:00: [mem 0x000f0000-0x000fffff] could not be reserved
[    0.204671] system 00:00: [mem 0x00100000-0xdf9fffff] could not be reserved
[    0.204674] system 00:00: [mem 0xfec00000-0xfed3ffff] could not be reserved
[    0.204676] system 00:00: [mem 0xfed4c000-0xffffffff] could not be reserved
[    0.204680] system 00:00: Plug and Play ACPI device, IDs PNP0c01 (active)
[    0.204792] system 00:01: [io  0x1800-0x189f] could not be reserved
[    0.204796] system 00:01: [io  0x0800-0x087f] has been reserved
[    0.204797] system 00:01: [io  0x0880-0x08ff] has been reserved
[    0.204799] system 00:01: [io  0x0900-0x097f] has been reserved
[    0.204801] system 00:01: [io  0x0980-0x09ff] has been reserved
[    0.204803] system 00:01: [io  0x0a00-0x0a7f] has been reserved
[    0.204805] system 00:01: [io  0x0a80-0x0aff] has been reserved
[    0.204807] system 00:01: [io  0x0b00-0x0b7f] has been reserved
[    0.204809] system 00:01: [io  0x0b80-0x0bff] has been reserved
[    0.204811] system 00:01: [io  0x15e0-0x15ef] has been reserved
[    0.204813] system 00:01: [io  0x1600-0x167f] has been reserved
[    0.204814] system 00:01: [io  0x1640-0x165f] has been reserved
[    0.204817] system 00:01: [mem 0xf8000000-0xfbffffff] has been reserved
[    0.204819] system 00:01: [mem 0x00000000-0x00000fff] could not be reserved
[    0.204821] system 00:01: [mem 0xfed1c000-0xfed1ffff] has been reserved
[    0.204823] system 00:01: [mem 0xfed10000-0xfed13fff] has been reserved
[    0.204825] system 00:01: [mem 0xfed18000-0xfed18fff] has been reserved
[    0.204827] system 00:01: [mem 0xfed19000-0xfed19fff] has been reserved
[    0.204829] system 00:01: [mem 0xfed45000-0xfed4bfff] has been reserved
[    0.204832] system 00:01: Plug and Play ACPI device, IDs PNP0c02 (active)
[    0.204886] pnp 00:02: Plug and Play ACPI device, IDs PNP0b00 (active)
[    0.204910] pnp 00:03: Plug and Play ACPI device, IDs LEN0071 PNP0303 (active)
[    0.204932] pnp 00:04: Plug and Play ACPI device, IDs LEN0036 PNP0f13 (active)
[    0.204975] pnp 00:05: Plug and Play ACPI device, IDs SMO1200 PNP0c31 (active)
[    0.205395] pnp: PnP ACPI: found 6 devices
[    0.211708] clocksource: acpi_pm: mask: 0xffffff max_cycles: 0xffffff, max_idle_ns: 2085701024 ns
[    0.211733] pci 0000:00:1c.0: PCI bridge to [bus 02]
[    0.211739] pci 0000:00:1c.0:   bridge window [mem 0xf0500000-0xf05fffff]
[    0.211746] pci 0000:00:1c.1: PCI bridge to [bus 03]
[    0.211751] pci 0000:00:1c.1:   bridge window [mem 0xf0400000-0xf04fffff]
[    0.211760] pci_bus 0000:00: resource 4 [io  0x0000-0x0cf7 window]
[    0.211762] pci_bus 0000:00: resource 5 [io  0x0d00-0xffff window]
[    0.211764] pci_bus 0000:00: resource 6 [mem 0x000a0000-0x000bffff window]
[    0.211766] pci_bus 0000:00: resource 7 [mem 0xdfa00000-0xfebfffff window]
[    0.211768] pci_bus 0000:00: resource 8 [mem 0xfed40000-0xfed4bfff window]
[    0.211770] pci_bus 0000:02: resource 1 [mem 0xf0500000-0xf05fffff]
[    0.211772] pci_bus 0000:03: resource 1 [mem 0xf0400000-0xf04fffff]
[    0.211812] NET: Registered protocol family 2
[    0.212005] TCP established hash table entries: 65536 (order: 7, 524288 bytes)
[    0.212165] TCP bind hash table entries: 65536 (order: 8, 1048576 bytes)
[    0.212335] TCP: Hash tables configured (established 65536 bind 65536)
[    0.212366] UDP hash table entries: 4096 (order: 5, 131072 bytes)
[    0.212397] UDP-Lite hash table entries: 4096 (order: 5, 131072 bytes)
[    0.212465] NET: Registered protocol family 1
[    0.212482] pci 0000:00:02.0: Video device with shadowed ROM
[    0.212924] PCI: CLS 64 bytes, default 64
[    0.212973] Unpacking initramfs...
[    0.287771] Freeing initrd memory: 3580K (ffff8800378f2000 - ffff880037c71000)
[    0.287797] PCI-DMA: Using software bounce buffering for IO (SWIOTLB)
[    0.287800] software IO TLB [mem 0xca230000-0xce230000] (64MB) mapped at [ffff8800ca230000-ffff8800ce22ffff]
[    0.287864] RAPL PMU detected, API unit is 2^-32 Joules, 4 fixed counters 655360 ms ovfl timer
[    0.287865] hw unit of domain pp0-core 2^-14 Joules
[    0.287866] hw unit of domain package 2^-14 Joules
[    0.287868] hw unit of domain dram 2^-14 Joules
[    0.287869] hw unit of domain pp1-gpu 2^-14 Joules
[    0.287909] resource sanity check: requesting [mem 0xfed10000-0xfed15fff], which spans more than pnp 00:01 [mem 0xfed10000-0xfed13fff]
[    0.287910] ------------[ cut here ]------------
[    0.287914] WARNING: CPU: 1 PID: 1 at arch/x86/mm/ioremap.c:198 __ioremap_caller+0x234/0x390()
[    0.287915] Info: mapping multiple BARs. Your kernel is fine.
[    0.287917] Modules linked in:

[    0.287921] CPU: 1 PID: 1 Comm: swapper/0 Not tainted 4.2.5-1-ARCH #1
[    0.287922] Hardware name: LENOVO 20B7S1DP00/20B7S1DP00, BIOS GJET76WW (2.26 ) 05/12/2014
[    0.287924]  0000000000000000 0000000021e89ded ffff880214d7fab8 ffffffff81570d0a
[    0.287927]  0000000000000000 ffff880214d7fb10 ffff880214d7faf8 ffffffff810748a6
[    0.287930]  ffff880214d7fb28 00000000fed10000 ffffc90000e90000 0000000000006000
[    0.287933] Call Trace:
[    0.287938]  [<ffffffff81570d0a>] dump_stack+0x4c/0x6e
[    0.287942]  [<ffffffff810748a6>] warn_slowpath_common+0x86/0xc0
[    0.287944]  [<ffffffff81074935>] warn_slowpath_fmt+0x55/0x70
[    0.287946]  [<ffffffff81063ad4>] __ioremap_caller+0x234/0x390
[    0.287949]  [<ffffffff81063c47>] ioremap_nocache+0x17/0x20
[    0.287953]  [<ffffffff8103a669>] snb_uncore_imc_init_box+0x79/0xb0
[    0.287955]  [<ffffffff810389c6>] uncore_pci_probe+0xd6/0x210
[    0.287959]  [<ffffffff812fa545>] local_pci_probe+0x45/0xa0
[    0.287962]  [<ffffffff812fa490>] ? pci_match_device+0xe0/0x110
[    0.287964]  [<ffffffff812fa693>] pci_device_probe+0xf3/0x140
[    0.287967]  [<ffffffff813d4ad4>] driver_probe_device+0x1f4/0x460
[    0.287969]  [<ffffffff813d4dd0>] __driver_attach+0x90/0xa0
[    0.287971]  [<ffffffff813d4d40>] ? driver_probe_device+0x460/0x460
[    0.287975]  [<ffffffff813d26fc>] bus_for_each_dev+0x6c/0xc0
[    0.287978]  [<ffffffff813d42ce>] driver_attach+0x1e/0x20
[    0.287981]  [<ffffffff813d3e2b>] bus_add_driver+0x1eb/0x280
[    0.287983]  [<ffffffff8190f0fe>] ? uncore_types_exit+0x26/0x26
[    0.287985]  [<ffffffff813d56e0>] driver_register+0x60/0xe0
[    0.287988]  [<ffffffff812f9cbc>] __pci_register_driver+0x4c/0x50
[    0.287990]  [<ffffffff8190f1d0>] intel_uncore_init+0xd2/0x2b7
[    0.287992]  [<ffffffff8190f0fe>] ? uncore_types_exit+0x26/0x26
[    0.287995]  [<ffffffff81002123>] do_one_initcall+0xb3/0x200
[    0.287999]  [<ffffffff81091b81>] ? parse_args+0x271/0x4a0
[    0.288001]  [<ffffffff819001bc>] kernel_init_freeable+0x179/0x218
[    0.288004]  [<ffffffff815672c0>] ? rest_init+0x90/0x90
[    0.288006]  [<ffffffff815672ce>] kernel_init+0xe/0xe0
[    0.288008]  [<ffffffff8157665f>] ret_from_fork+0x3f/0x70
[    0.288010]  [<ffffffff815672c0>] ? rest_init+0x90/0x90
[    0.288015] ---[ end trace 9e5f84aeb76b6b77 ]---
[    0.288090] microcode: CPU0 sig=0x40651, pf=0x40, revision=0x17
[    0.288096] microcode: CPU1 sig=0x40651, pf=0x40, revision=0x17
[    0.288104] microcode: CPU2 sig=0x40651, pf=0x40, revision=0x17
[    0.288113] microcode: CPU3 sig=0x40651, pf=0x40, revision=0x17
[    0.288162] microcode: Microcode Update Driver: v2.00 <tigran@aivazian.fsnet.co.uk>, Peter Oruba
[    0.288250] Scanning for low memory corruption every 60 seconds
[    0.288583] futex hash table entries: 2048 (order: 5, 131072 bytes)
[    0.288612] Initialise system trusted keyring
[    0.288984] HugeTLB registered 2 MB page size, pre-allocated 0 pages
[    0.290711] zpool: loaded
[    0.290714] zbud: loaded
[    0.290915] VFS: Disk quotas dquot_6.6.0
[    0.290953] VFS: Dquot-cache hash table entries: 512 (order 0, 4096 bytes)
[    0.291119] Key type big_key registered
[    0.291266] Block layer SCSI generic (bsg) driver version 0.4 loaded (major 250)
[    0.291311] io scheduler noop registered
[    0.291316] io scheduler deadline registered
[    0.291356] io scheduler cfq registered (default)
[    0.291653] pci_hotplug: PCI Hot Plug PCI Core version: 0.5
[    0.291660] pciehp: PCI Express Hot Plug Controller Driver version: 0.4
[    0.291672] vesafb: mode is 1600x900x32, linelength=6400, pages=0
[    0.291673] vesafb: scrolling: redraw
[    0.291675] vesafb: Truecolor: size=8:8:8:8, shift=24:16:8:0
[    0.291686] vesafb: framebuffer at 0xe0000000, mapped to 0xffffc90001000000, using 5632k, total 5632k
[    0.441022] Console: switching to colour frame buffer device 200x56
[    0.589878] fb0: VESA VGA frame buffer device
[    0.589897] intel_idle: MWAIT substates: 0x11142120
[    0.589899] intel_idle: v0.4 model 0x45
[    0.589900] intel_idle: lapic_timer_reliable_states 0xffffffff
[    0.590159] GHES: HEST is not enabled!
[    0.590234] Serial: 8250/16550 driver, 4 ports, IRQ sharing disabled
[    0.590615] Linux agpgart interface v0.103
[    0.590953] rtc_cmos 00:02: RTC can wake from S4
[    0.591080] rtc_cmos 00:02: rtc core: registered rtc_cmos as rtc0
[    0.591117] rtc_cmos 00:02: alarms up to one month, y3k, 114 bytes nvram, hpet irqs
[    0.591130] Intel P-state driver initializing.
[    0.591258] ledtrig-cpu: registered to indicate activity on CPUs
[    0.592046] NET: Registered protocol family 10
[    0.592496] NET: Registered protocol family 17
[    0.593370] Loading compiled-in X.509 certificates
[    0.593395] registered taskstats version 1
[    0.593419] zswap: loading zswap
[    0.593424] zswap: using zbud pool
[    0.593433] zswap: using lzo compressor
[    0.594379]   Magic number: 7:515:709
[    0.594513] rtc_cmos 00:02: setting system clock to 2015-11-24 00:43:10 UTC (1448325790)
[    0.594710] PM: Hibernation image not present or could not be loaded.
[    0.595299] Freeing unused kernel memory: 1180K (ffffffff818e8000 - ffffffff81a0f000)
[    0.595302] Write protecting the kernel read-only data: 8192k
[    0.595819] Freeing unused kernel memory: 520K (ffff88000157e000 - ffff880001600000)
[    0.596047] Freeing unused kernel memory: 280K (ffff8800017ba000 - ffff880001800000)
[    0.610594] random: systemd-tmpfile urandom read with 5 bits of entropy available
[    0.644475] i8042: PNP: PS/2 Controller [PNP0303:KBD,PNP0f13:MOU] at 0x60,0x64 irq 1,12
[    0.646234] serio: i8042 KBD port at 0x60,0x64 irq 1
[    0.646285] serio: i8042 AUX port at 0x60,0x64 irq 12
[    0.652796] rtsx_pci 0000:02:00.0: rtsx_pci_acquire_irq: pcr->msi_en = 1, pci->irq = 42
[    0.652901] ACPI: bus type USB registered
[    0.652938] usbcore: registered new interface driver usbfs
[    0.652952] usbcore: registered new interface driver hub
[    0.652986] usbcore: registered new device driver usb
[    0.653708] ehci_hcd: USB 2.0 'Enhanced' Host Controller (EHCI) Driver
[    0.653969] ehci-pci: EHCI PCI platform driver
[    0.654106] ehci-pci 0000:00:1d.0: EHCI Host Controller
[    0.654114] ehci-pci 0000:00:1d.0: new USB bus registered, assigned bus number 1
[    0.654127] ehci-pci 0000:00:1d.0: debug port 2
[    0.654802] SCSI subsystem initialized
[    0.655808] libata version 3.00 loaded.
[    0.658040] ehci-pci 0000:00:1d.0: cache line size of 64 is not supported
[    0.658057] ehci-pci 0000:00:1d.0: irq 23, io mem 0xf063d000
[    0.665641] ehci-pci 0000:00:1d.0: USB 2.0 started, EHCI 1.00
[    0.665880] hub 1-0:1.0: USB hub found
[    0.665889] hub 1-0:1.0: 3 ports detected
[    0.666158] xhci_hcd 0000:00:14.0: xHCI Host Controller
[    0.666165] xhci_hcd 0000:00:14.0: new USB bus registered, assigned bus number 2
[    0.666360] xhci_hcd 0000:00:14.0: hcc params 0x200077c1 hci version 0x100 quirks 0x0000b810
[    0.666366] xhci_hcd 0000:00:14.0: cache line size of 64 is not supported
[    0.666575] hub 2-0:1.0: USB hub found
[    0.666588] hub 2-0:1.0: 9 ports detected
[    0.669468] xhci_hcd 0000:00:14.0: xHCI Host Controller
[    0.669474] xhci_hcd 0000:00:14.0: new USB bus registered, assigned bus number 3
[    0.669628] hub 3-0:1.0: USB hub found
[    0.669645] hub 3-0:1.0: 4 ports detected
[    0.669948] input: AT Translated Set 2 keyboard as /devices/platform/i8042/serio0/input/input0
[    0.670871] ahci 0000:00:1f.2: version 3.0
[    0.682454] ahci 0000:00:1f.2: AHCI 0001.0300 32 slots 3 ports 6 Gbps 0x1 impl SATA mode
[    0.682464] ahci 0000:00:1f.2: flags: 64bit ncq pm led clo only pio slum part deso sadm sds apst 
[    0.682903] scsi host0: ahci
[    0.683014] scsi host1: ahci
[    0.683105] scsi host2: ahci
[    0.683157] ata1: SATA max UDMA/133 abar m2048@0xf063c000 port 0xf063c100 irq 44
[    0.683159] ata2: DUMMY
[    0.683160] ata3: DUMMY
[    0.972688] usb 1-1: new high-speed USB device number 2 using ehci-pci
[    1.006069] ata1: SATA link up 6.0 Gbps (SStatus 133 SControl 300)
[    1.006582] ata1.00: ACPI cmd ef/02:00:00:00:00:a0 (SET FEATURES) succeeded
[    1.006587] ata1.00: ACPI cmd f5/00:00:00:00:00:a0 (SECURITY FREEZE LOCK) filtered out
[    1.007439] ata1.00: ATA-8: SanDisk SDSSDXP480G, R1311, max UDMA/133
[    1.007443] ata1.00: 937703088 sectors, multi 1: LBA48 NCQ (depth 31/32), AA
[    1.008030] ata1.00: ACPI cmd ef/02:00:00:00:00:a0 (SET FEATURES) succeeded
[    1.008035] ata1.00: ACPI cmd f5/00:00:00:00:00:a0 (SECURITY FREEZE LOCK) filtered out
[    1.008892] ata1.00: configured for UDMA/133
[    1.009038] scsi 0:0:0:0: Direct-Access     ATA      SanDisk SDSSDXP4 1    PQ: 0 ANSI: 5
[    1.011361] sd 0:0:0:0: [sda] 937703088 512-byte logical blocks: (480 GB/447 GiB)
[    1.011426] sd 0:0:0:0: [sda] Write Protect is off
[    1.011430] sd 0:0:0:0: [sda] Mode Sense: 00 3a 00 00
[    1.011450] sd 0:0:0:0: [sda] Write cache: enabled, read cache: enabled, doesn't support DPO or FUA
[    1.011910]  sda: sda1 sda2 sda3
[    1.012231] sd 0:0:0:0: [sda] Attached SCSI disk
[    1.032708] usb 2-2: new full-speed USB device number 2 using xhci_hcd
[    1.081094] EXT4-fs (sda1): mounted filesystem with ordered data mode. Opts: (null)
[    1.099987] hub 1-1:1.0: USB hub found
[    1.100081] hub 1-1:1.0: 8 ports detected
[    1.173855] ip_tables: (C) 2000-2006 Netfilter Core Team
[    1.175948] systemd[1]: systemd 227 running in system mode. (+PAM -AUDIT -SELINUX -IMA -APPARMOR +SMACK -SYSVINIT +UTMP +LIBCRYPTSETUP +GCRYPT +GNUTLS +ACL +XZ +LZ4 +SECCOMP +BLKID -ELFUTILS +KMOD +IDN)
[    1.176092] systemd[1]: Detected architecture x86-64.
[    1.176254] systemd[1]: Set hostname to <DRUPAD-T440>.
[    1.273023] systemd[1]: netctl@wlp3s0\x2dcopacabana2.service: Cannot add dependency job, ignoring: Unit netctl@wlp3s0\x2dcopacabana2.service failed to load: No such file or directory.
[    1.273031] systemd[1]: netctl-auto@wlp3s0.service: Cannot add dependency job, ignoring: Unit netctl-auto@wlp3s0.service failed to load: No such file or directory.
[    1.273042] systemd[1]: netctl@wlp3s0\x2dHome.service: Cannot add dependency job, ignoring: Unit netctl@wlp3s0\x2dHome.service failed to load: No such file or directory.
[    1.273047] systemd[1]: netctl@wlp3s0\x2dMr\x20\x26\x20Mrs\x20Awesome.service: Cannot add dependency job, ignoring: Unit netctl@wlp3s0\x2dMr\x20\x26\x20Mrs\x20Awesome.service failed to load: No such file or directory.
[    1.273052] systemd[1]: netctl@wlp3s0\x2dSchool.service: Cannot add dependency job, ignoring: Unit netctl@wlp3s0\x2dSchool.service failed to load: No such file or directory.
[    1.273063] systemd[1]: display-manager.service: Cannot add dependency job, ignoring: Unit display-manager.service failed to load: No such file or directory.
[    1.273805] systemd[1]: Created slice System Slice.
[    1.273865] systemd[1]: Started Dispatch Password Requests to Console Directory Watch.
[    1.274070] systemd[1]: Listening on udev Kernel Socket.
[    1.274111] systemd[1]: Listening on Journal Socket.
[    1.275015] systemd[1]: Starting Load Kernel Modules...
[    1.275153] systemd[1]: Created slice system-getty.slice.
[    1.279677] systemd[1]: Listening on Device-mapper event daemon FIFOs.
[    1.280186] systemd[1]: Mounting POSIX Message Queue File System...
[    1.280240] systemd[1]: Listening on Journal Socket (/dev/log).
[    1.280692] systemd[1]: Starting Journal Service...
[    1.280845] systemd[1]: Set up automount Arbitrary Executable File Formats File System Automount Point.
[    1.283674] systemd[1]: Starting Set Up Additional Binary Formats...
[    1.283731] systemd[1]: Listening on LVM2 metadata daemon socket.
[    1.283900] systemd[1]: Created slice User and Session Slice.
[    1.283991] systemd[1]: Started Forward Password Requests to Wall Directory Watch.
[    1.284017] systemd[1]: Reached target Remote File Systems.
[    1.284390] systemd[1]: Starting Remount Root and Kernel File Systems...
[    1.284409] systemd[1]: Reached target Encrypted Volumes.
[    1.284799] systemd[1]: Mounting Huge Pages File System...
[    1.286233] systemd[1]: Mounting Temporary Directory...
[    1.286339] systemd[1]: Listening on /dev/initctl Compatibility Named Pipe.
[    1.286670] tsc: Refined TSC clocksource calibration: 2494.225 MHz
[    1.286674] clocksource: tsc: mask: 0xffffffffffffffff max_cycles: 0x23f3ea95b09, max_idle_ns: 440795287034 ns
[    1.286970] systemd[1]: Mounting Debug File System...
[    1.287005] systemd[1]: Reached target Slices.
[    1.287093] systemd[1]: Listening on udev Control Socket.
[    1.287568] systemd[1]: Starting Setup Virtual Console...
[    1.288529] systemd[1]: Starting Create list of required static device nodes for the current kernel...
[    1.288677] systemd[1]: Created slice system-systemd\x2dfsck.slice.
[    1.290063] systemd[1]: proc-sys-fs-binfmt_misc.automount: Got automount request for /proc/sys/fs/binfmt_misc, triggered by 140 (systemd-binfmt)
[    1.290498] systemd[1]: Mounting Arbitrary Executable File Formats File System...
[    1.291564] systemd[1]: Started Create list of required static device nodes for the current kernel.
[    1.292128] vboxdrv: Found 4 processor cores
[    1.299588] systemd[1]: Mounted Huge Pages File System.
[    1.299632] systemd[1]: Mounted POSIX Message Queue File System.
[    1.302026] EXT4-fs (sda1): re-mounted. Opts: data=ordered
[    1.302439] systemd[1]: Mounted Arbitrary Executable File Formats File System.
[    1.302464] systemd[1]: Mounted Debug File System.
[    1.302477] systemd[1]: Mounted Temporary Directory.
[    1.302633] systemd[1]: Started Remount Root and Kernel File Systems.
[    1.306558] systemd[1]: Starting udev Coldplug all Devices...
[    1.307169] systemd[1]: Starting Load/Save Random Seed...
[    1.307637] systemd[1]: Starting Create Static Device Nodes in /dev...
[    1.308245] systemd[1]: Started Set Up Additional Binary Formats.
[    1.309834] vboxdrv: TSC mode is Invariant, tentative frequency 2494225495 Hz
[    1.309836] vboxdrv: Successfully loaded version 5.0.10_OSE (interface 0x00240000)
[    1.311264] VBoxNetFlt: Successfully started.
[    1.312023] systemd[1]: Started Load Kernel Modules.
[    1.315727] systemd[1]: Mounting Configuration File System...
[    1.316073] systemd[1]: Starting Apply Kernel Variables...
[    1.317558] systemd[1]: Mounted Configuration File System.
[    1.317821] systemd[1]: Started Load/Save Random Seed.
[    1.318713] systemd-journald[139]: File /var/log/journal/147b5d23caf945afa9036bebd1cb9fda/system.journal corrupted or uncleanly shut down, renaming and replacing.
[    1.329571] systemd[1]: Started Apply Kernel Variables.
[    1.339954] systemd[1]: Started udev Coldplug all Devices.
[    1.341417] systemd[1]: Started Create Static Device Nodes in /dev.
[    1.342781] systemd[1]: Reached target Local File Systems (Pre).
[    1.343375] systemd[1]: Starting udev Kernel Device Manager...
[    1.361349] systemd[1]: Started Setup Virtual Console.
[    1.366463] usb 1-1.5: new full-speed USB device number 3 using ehci-pci
[    1.369737] usb 2-6: new full-speed USB device number 3 using xhci_hcd
[    1.371170] systemd[1]: Started Journal Service.
[    1.376694] systemd-journald[139]: Received request to flush runtime journal from PID 1
[    1.463406] input: Lid Switch as /devices/LNXSYSTM:00/LNXSYBUS:00/PNP0C0D:00/input/input2
[    1.463566] ACPI: Lid Switch [LID]
[    1.463633] input: Sleep Button as /devices/LNXSYSTM:00/LNXSYBUS:00/PNP0C0E:00/input/input3
[    1.463638] ACPI: Sleep Button [SLPB]
[    1.463714] input: Power Button as /devices/LNXSYSTM:00/LNXPWRBN:00/input/input4
[    1.463717] ACPI: Power Button [PWRF]
[    1.473314] ACPI: AC Adapter [AC] (on-line)
[    1.482803] ACPI: Battery Slot [BAT0] (battery present)
[    1.483324] tpm_tis 00:05: 1.2 TPM (device-id 0x0, rev-id 78)
[    1.490677] ACPI: Battery Slot [BAT1] (battery present)
[    1.498898] shpchp: Standard Hot Plug PCI Controller Driver version: 0.4
[    1.498929] wmi: Mapper loaded
[    1.499405] pps_core: LinuxPPS API ver. 1 registered
[    1.499408] pps_core: Software ver. 5.3.6 - Copyright 2005-2007 Rodolfo Giometti <giometti@linux.it>
[    1.500437] PTP clock support registered
[    1.502853] thermal LNXTHERM:00: registered as thermal_zone0
[    1.502858] ACPI: Thermal Zone [THM0] (48 C)
[    1.503485] Non-volatile memory driver v1.3
[    1.505957] thinkpad_acpi: ThinkPad ACPI Extras v0.25
[    1.505961] thinkpad_acpi: http://ibm-acpi.sf.net/
[    1.505963] thinkpad_acpi: ThinkPad BIOS GJET76WW (2.26 ), EC unknown
[    1.505964] thinkpad_acpi: Lenovo ThinkPad T440, model 20B7S1DP00
[    1.507696] e1000e: Intel(R) PRO/1000 Network Driver - 3.2.5-k
[    1.507700] e1000e: Copyright(c) 1999 - 2015 Intel Corporation.
[    1.508284] thinkpad_acpi: Unsupported brightness interface, please contact ibm-acpi-devel@lists.sourceforge.net
[    1.509599] thinkpad_acpi: radio switch found; radios are enabled
[    1.509728] thinkpad_acpi: This ThinkPad has standard ACPI backlight brightness control, supported by the ACPI video driver
[    1.509730] thinkpad_acpi: Disabling thinkpad-acpi brightness events by default...
[    1.512502] thinkpad_acpi: rfkill switch tpacpi_bluetooth_sw: radio is unblocked
[    1.516505] e1000e 0000:00:19.0: Interrupt Throttling Rate (ints/sec) set to dynamic conservative mode
[    1.536886] tpm_tis 00:05: TPM is disabled/deactivated (0x6)
[    1.537882] input: ThinkPad Extra Buttons as /devices/platform/thinkpad_acpi/input/input5
[    1.543804] [drm] Initialized drm 1.1.0 20060810
[    1.555925] Adding 4161532k swap on /dev/sda2.  Priority:-1 extents:1 across:4161532k SSFS
[    1.560609] input: PC Speaker as /devices/platform/pcspkr/input/input6
[    1.563034] Intel(R) Wireless WiFi driver for Linux
[    1.563037] Copyright(c) 2003- 2015 Intel Corporation
[    1.571760] iwlwifi 0000:03:00.0: Direct firmware load for iwlwifi-7260-15.ucode failed with error -2
[    1.571779] iwlwifi 0000:03:00.0: Direct firmware load for iwlwifi-7260-14.ucode failed with error -2
[    1.575947] iwlwifi 0000:03:00.0: loaded firmware version 25.30.13.0 op_mode iwlmvm
[    1.578945] AVX2 version of gcm_enc/dec engaged.
[    1.578947] AES CTR mode by8 optimization enabled
[    1.599917] iwlwifi 0000:03:00.0: Detected Intel(R) Wireless N 7260, REV=0x144
[    1.600404] iwlwifi 0000:03:00.0: L1 Enabled - LTR Enabled
[    1.600901] iwlwifi 0000:03:00.0: L1 Enabled - LTR Enabled
[    1.618494] iTCO_vendor_support: vendor-support=0
[    1.621697] iTCO_wdt: Intel TCO WatchDog Timer Driver v1.11
[    1.622001] iTCO_wdt: Found a Lynx Point_LP TCO device (Version=2, TCOBASE=0x1860)
[    1.622582] iTCO_wdt: initialized. heartbeat=30 sec (nowayout=0)
[    1.671084] intel_rapl: Found RAPL domain package
[    1.671090] intel_rapl: Found RAPL domain core
[    1.671093] intel_rapl: Found RAPL domain uncore
[    1.671095] intel_rapl: Found RAPL domain dram
[    1.792323] ieee80211 phy0: Selected rate control algorithm 'iwl-mvm-rs'
[    1.794351] iwlwifi 0000:03:00.0 wlp3s0: renamed from wlan0
[    1.816896] usb 2-8: new high-speed USB device number 5 using xhci_hcd
[    1.862014] e1000e 0000:00:19.0 eth0: registered PHC clock
[    1.862019] e1000e 0000:00:19.0 eth0: (PCI Express:2.5GT/s:Width x1) 28:d2:44:87:29:5d
[    1.862021] e1000e 0000:00:19.0 eth0: Intel(R) PRO/1000 Network Connection
[    1.862048] e1000e 0000:00:19.0 eth0: MAC: 11, PHY: 12, PBA No: 1000FF-0FF
[    1.862301] i801_smbus 0000:00:1f.3: SMBus using PCI interrupt
[    1.863910] [drm] Memory usable by graphics device = 2048M
[    1.863915] checking generic (e0000000 580000) vs hw (e0000000 10000000)
[    1.863916] fb: switching to inteldrmfb from VESA VGA
[    1.863956] Console: switching to colour dummy device 80x25
[    1.864039] [drm] Replacing VGA console driver
[    1.864252] e1000e 0000:00:19.0 enp0s25: renamed from eth0
[    1.872409] [drm] Supports vblank timestamp caching Rev 2 (21.10.2013).
[    1.872412] [drm] Driver supports precise vblank timestamp query.
[    1.872527] vgaarb: device changed decodes: PCI:0000:00:02.0,olddecodes=io+mem,decodes=io+mem:owns=io+mem
[    1.876010] snd_hda_codec_realtek hdaudioC1D0: autoconfig for ALC3232: line_outs=1 (0x14/0x0/0x0/0x0/0x0) type:speaker
[    1.876016] snd_hda_codec_realtek hdaudioC1D0:    speaker_outs=0 (0x0/0x0/0x0/0x0/0x0)
[    1.876019] snd_hda_codec_realtek hdaudioC1D0:    hp_outs=2 (0x16/0x15/0x0/0x0/0x0)
[    1.876021] snd_hda_codec_realtek hdaudioC1D0:    mono: mono_out=0x0
[    1.876023] snd_hda_codec_realtek hdaudioC1D0:    inputs:
[    1.876025] snd_hda_codec_realtek hdaudioC1D0:      Dock Mic=0x19
[    1.876028] snd_hda_codec_realtek hdaudioC1D0:      Mic=0x1a
[    1.876030] snd_hda_codec_realtek hdaudioC1D0:      Internal Mic=0x12
[    1.898776] input: HDA Digital PCBeep as /devices/pci0000:00/0000:00:1b.0/sound/card1/input8
[    1.899069] input: HDA Intel PCH Dock Mic as /devices/pci0000:00/0000:00:1b.0/sound/card1/input9
[    1.899147] input: HDA Intel PCH Mic as /devices/pci0000:00/0000:00:1b.0/sound/card1/input10
[    1.899354] input: HDA Intel PCH Dock Headphone as /devices/pci0000:00/0000:00:1b.0/sound/card1/input11
[    1.899462] input: HDA Intel PCH Headphone as /devices/pci0000:00/0000:00:1b.0/sound/card1/input12
[    1.928074] ACPI: Video Device [VID] (multi-head: yes  rom: no  post: no)
[    1.928472] input: Video Bus as /devices/LNXSYSTM:00/LNXSYBUS:00/PNP0A08:00/LNXVIDEO:00/input/input13
[    1.928627] snd_hda_intel 0000:00:03.0: bound 0000:00:02.0 (ops i915_audio_component_bind_ops [i915])
[    1.928632] [drm] Initialized i915 1.6.0 20150522 for 0000:00:02.0 on minor 0
[    1.987129] [drm] GMBUS [i915 gmbus dpb] timed out, falling back to bit banging on pin 5
[    2.001752] fbcon: inteldrmfb (fb0) is primary device
[    2.046656] psmouse serio1: synaptics: queried max coordinates: x [..5112], y [..3834]
[    2.078213] psmouse serio1: synaptics: queried min coordinates: x [1024..], y [1024..]
[    2.078217] psmouse serio1: synaptics: quirked min/max coordinates: x [1024..5112], y [2024..4832]
[    2.109248] random: nonblocking pool is initialized
[    2.134351] EXT4-fs (sda3): mounted filesystem with ordered data mode. Opts: data=ordered
[    2.144617] psmouse serio1: synaptics: Touchpad model: 1, fw: 8.1, id: 0x1e2b1, caps: 0xd001a3/0x940300/0x127c00/0x0, board id: 2722, fw id: 1484859
[    2.144624] psmouse serio1: synaptics: serio: Synaptics pass-through port at isa0060/serio1/input0
[    2.183088] input: SynPS/2 Synaptics TouchPad as /devices/platform/i8042/serio1/input/input7
[    2.185254] mousedev: PS/2 mouse device common for all mice
[    2.199820] input: HDA Intel HDMI HDMI/DP,pcm=3 as /devices/pci0000:00/0000:00:03.0/sound/card0/input15
[    2.203206] input: HDA Intel HDMI HDMI/DP,pcm=7 as /devices/pci0000:00/0000:00:03.0/sound/card0/input16
[    2.203299] input: HDA Intel HDMI HDMI/DP,pcm=8 as /devices/pci0000:00/0000:00:03.0/sound/card0/input17
[    2.281552] media: Linux media interface: v0.10
[    2.283044] hidraw: raw HID events driver (C) Jiri Kosina
[    2.286005] Linux video capture interface: v2.00
[    2.287458] clocksource: Switched to clocksource tsc
[    2.290326] usbcore: registered new interface driver usbhid
[    2.290327] usbhid: USB HID core driver
[    2.293097] logitech-djreceiver 0003:046D:C52B.0003: hiddev0,hidraw0: USB HID v1.11 Device [Logitech USB Receiver] on usb-0000:00:14.0-2/input2
[    2.293985] uvcvideo: Found UVC 1.00 device Integrated Camera (04f2:b39a)
[    2.302401] input: Integrated Camera as /devices/pci0000:00/0000:00:14.0/usb2/2-8/2-8:1.0/input/input18
[    2.302475] usbcore: registered new interface driver uvcvideo
[    2.302476] USB Video Class driver (1.1.1)
[    2.404474] input: Logitech M325 as /devices/pci0000:00/0000:00:14.0/usb2/2-2/2-2:1.2/0003:046D:C52B.0003/0003:046D:400A.0004/input/input19
[    2.404589] logitech-hidpp-device 0003:046D:400A.0004: input,hidraw1: USB HID v1.11 Mouse [Logitech M325] on usb-0000:00:14.0-2:1
[    2.410090] IPv6: ADDRCONF(NETDEV_UP): enp0s25: link is not ready
[    2.614660] IPv6: ADDRCONF(NETDEV_UP): enp0s25: link is not ready
[    2.616661] IPv6: ADDRCONF(NETDEV_UP): wlp3s0: link is not ready
[    2.617186] iwlwifi 0000:03:00.0: L1 Enabled - LTR Enabled
[    2.618126] iwlwifi 0000:03:00.0: L1 Enabled - LTR Enabled
[    2.799312] iwlwifi 0000:03:00.0: L1 Enabled - LTR Enabled
[    2.800103] iwlwifi 0000:03:00.0: L1 Enabled - LTR Enabled
[    2.824907] IPv6: ADDRCONF(NETDEV_UP): wlp3s0: link is not ready
[    2.882790] IPv6: ADDRCONF(NETDEV_UP): wlp3s0: link is not ready
[    3.035371] Console: switching to colour frame buffer device 200x56
[    3.038275] i915 0000:00:02.0: fb0: inteldrmfb frame buffer device
[    3.038276] i915 0000:00:02.0: registered panic notifier
[    3.421325] wlp3s0: authenticate with 18:64:72:f4:a5:60
[    3.430538] wlp3s0: send auth to 18:64:72:f4:a5:60 (try 1/3)
[    3.455462] wlp3s0: authenticated
[    3.458721] wlp3s0: associate with 18:64:72:f4:a5:60 (try 1/3)
[    3.461685] wlp3s0: RX AssocResp from 18:64:72:f4:a5:60 (capab=0x431 status=0 aid=1)
[    3.464169] wlp3s0: associated
[    3.464191] IPv6: ADDRCONF(NETDEV_CHANGE): wlp3s0: link becomes ready
[    3.622051] sha256_ssse3: Using AVX2 optimized SHA-256 implementation
[    6.393856] psmouse serio2: trackpoint: IBM TrackPoint firmware: 0x0e, buttons: 3/3
[    6.598420] input: TPPS/2 IBM TrackPoint as /devices/platform/i8042/serio1/serio2/input/input14
[    6.682331] wlp3s0: authenticate with d8:c7:c8:5d:28:d0
[    6.688517] wlp3s0: send auth to d8:c7:c8:5d:28:d0 (try 1/3)
[    6.690483] wlp3s0: authenticated
[    6.692250] wlp3s0: associate with d8:c7:c8:5d:28:d0 (try 1/3)
[    6.696852] wlp3s0: RX AssocResp from d8:c7:c8:5d:28:d0 (capab=0x411 status=0 aid=1)
[    6.698300] wlp3s0: associated
[   18.478459] fuse init (API version 7.23)
[  186.228789] wlp3s0: authenticate with 18:64:72:f4:9c:80
[  186.230297] wlp3s0: send auth to 18:64:72:f4:9c:80 (try 1/3)
[  186.232732] wlp3s0: authenticated
[  186.234825] wlp3s0: associate with 18:64:72:f4:9c:80 (try 1/3)
[  186.238092] wlp3s0: RX AssocResp from 18:64:72:f4:9c:80 (capab=0x31 status=0 aid=3)
[  186.239381] wlp3s0: associated
[  299.501619] wlp3s0: authenticate with d8:c7:c8:5d:28:d0
[  299.507518] wlp3s0: direct probe to d8:c7:c8:5d:28:d0 (try 1/3)
[  299.711309] wlp3s0: direct probe to d8:c7:c8:5d:28:d0 (try 2/3)
[  299.914861] wlp3s0: direct probe to d8:c7:c8:5d:28:d0 (try 3/3)
[  300.116714] wlp3s0: authentication with d8:c7:c8:5d:28:d0 timed out
[  300.265749] wlp3s0: authenticate with 18:64:72:f4:9c:80
[  300.271081] wlp3s0: send auth to 18:64:72:f4:9c:80 (try 1/3)
[  300.272615] wlp3s0: authenticated
[  300.273545] wlp3s0: associate with 18:64:72:f4:9c:80 (try 1/3)
[  300.275930] wlp3s0: RX AssocResp from 18:64:72:f4:9c:80 (capab=0x31 status=0 aid=3)
[  300.277618] wlp3s0: associated
[  517.628453] ===usbcam_init: registering usb device with usbcore
[  517.628485] usbcore: registered new interface driver usbcam
[  517.628486] ===usbcam_init: device registered with return value: 0
[  530.702204] usbcore: deregistering interface driver uvcvideo
[  534.999664] usb 2-1: new high-speed USB device number 6 using xhci_hcd
[  535.308749] ===usbcam_probe: Active interface number: 1
[  535.308753] ===usbcam_probe: Active interface number: 1
[  535.308755] ===usbcam_probe: endpoint type ISOCHRONOUS
[  535.308757] ===usbcam_probe: endpoint length: 7
[  535.308758] ===usbcam_probe: endpoint descriptor type: 5
[  535.308760] ===usbcam_probe: endpoint address: 129
[  535.308762] ===usbcam_probe: endpoint attributes: 5
[  535.308763] ===usbcam_probe: endpoint max packet size: 192
[  535.308765] ===usbcam_probe: Active interface number: 1
[  535.308767] ===usbcam_probe: endpoint type ISOCHRONOUS
[  535.308768] ===usbcam_probe: endpoint length: 7
[  535.308770] ===usbcam_probe: endpoint descriptor type: 5
[  535.308771] ===usbcam_probe: endpoint address: 129
[  535.308773] ===usbcam_probe: endpoint attributes: 5
[  535.308774] ===usbcam_probe: endpoint max packet size: 384
[  535.308776] ===usbcam_probe: Active interface number: 1
[  535.308778] ===usbcam_probe: endpoint type ISOCHRONOUS
[  535.308779] ===usbcam_probe: endpoint length: 7
[  535.308781] ===usbcam_probe: endpoint descriptor type: 5
[  535.308782] ===usbcam_probe: endpoint address: 129
[  535.308784] ===usbcam_probe: endpoint attributes: 5
[  535.308785] ===usbcam_probe: endpoint max packet size: 512
[  535.308787] ===usbcam_probe: Active interface number: 1
[  535.308789] ===usbcam_probe: endpoint type ISOCHRONOUS
[  535.308790] ===usbcam_probe: endpoint length: 7
[  535.308792] ===usbcam_probe: endpoint descriptor type: 5
[  535.308793] ===usbcam_probe: endpoint address: 129
[  535.308795] ===usbcam_probe: endpoint attributes: 5
[  535.308796] ===usbcam_probe: endpoint max packet size: 640
[  535.308798] ===usbcam_probe: Active interface number: 1
[  535.308800] ===usbcam_probe: endpoint type ISOCHRONOUS
[  535.308802] ===usbcam_probe: endpoint length: 7
[  535.308803] ===usbcam_probe: endpoint descriptor type: 5
[  535.308805] ===usbcam_probe: endpoint address: 129
[  535.308806] ===usbcam_probe: endpoint attributes: 5
[  535.308808] ===usbcam_probe: endpoint max packet size: 800
[  535.308810] ===usbcam_probe: Active interface number: 1
[  535.308811] ===usbcam_probe: endpoint type ISOCHRONOUS
[  535.308813] ===usbcam_probe: endpoint length: 7
[  535.308815] ===usbcam_probe: endpoint descriptor type: 5
[  535.308816] ===usbcam_probe: endpoint address: 129
[  535.308818] ===usbcam_probe: endpoint attributes: 5
[  535.308819] ===usbcam_probe: endpoint max packet size: 944
[  535.308821] ===usbcam_probe: Active interface number: 1
[  535.308822] ===usbcam_probe: endpoint type ISOCHRONOUS
[  535.308824] ===usbcam_probe: endpoint length: 7
[  535.308825] ===usbcam_probe: endpoint descriptor type: 5
[  535.308827] ===usbcam_probe: endpoint address: 129
[  535.308829] ===usbcam_probe: endpoint attributes: 5
[  535.308830] ===usbcam_probe: endpoint max packet size: 2688
[  535.308832] ===usbcam_probe: Active interface number: 1
[  535.308834] ===usbcam_probe: endpoint type ISOCHRONOUS
[  535.308835] ===usbcam_probe: endpoint length: 7
[  535.308837] ===usbcam_probe: endpoint descriptor type: 5
[  535.308839] ===usbcam_probe: endpoint address: 129
[  535.308840] ===usbcam_probe: endpoint attributes: 5
[  535.308842] ===usbcam_probe: endpoint max packet size: 2848
[  535.308844] ===usbcam_probe: Active interface number: 1
[  535.308846] ===usbcam_probe: endpoint type ISOCHRONOUS
[  535.308847] ===usbcam_probe: endpoint length: 7
[  535.308849] ===usbcam_probe: endpoint descriptor type: 5
[  535.308850] ===usbcam_probe: endpoint address: 129
[  535.308852] ===usbcam_probe: endpoint attributes: 5
[  535.308854] ===usbcam_probe: endpoint max packet size: 3040
[  535.308856] ===usbcam_probe: Active interface number: 1
[  535.308857] ===usbcam_probe: endpoint type ISOCHRONOUS
[  535.308859] ===usbcam_probe: endpoint length: 7
[  535.308861] ===usbcam_probe: endpoint descriptor type: 5
[  535.308862] ===usbcam_probe: endpoint address: 129
[  535.308864] ===usbcam_probe: endpoint attributes: 5
[  535.308866] ===usbcam_probe: endpoint max packet size: 4992
[  535.308867] ===usbcam_probe: Active interface number: 1
[  535.308869] ===usbcam_probe: endpoint type ISOCHRONOUS
[  535.308870] ===usbcam_probe: endpoint length: 7
[  535.308872] ===usbcam_probe: endpoint descriptor type: 5
[  535.308874] ===usbcam_probe: endpoint address: 129
[  535.308875] ===usbcam_probe: endpoint attributes: 5
[  535.308877] ===usbcam_probe: endpoint max packet size: 5116
[  535.308879] ===usbcam_probe: Done detecting Interface(s)
[  535.308942] ===usbcam_probe: Registered driver with USBCORE
[  535.309205] ===usbcam_probe: all good
[  535.309208] ===usbcam_init: Initializing URB status Semaphore
[  535.309209] ===usbcam_init: Initializing URB counter to 0
[  535.309269] usbcam: probe of 2-1:1.2 failed with error -1
[  535.309317] usbcam: probe of 2-1:1.3 failed with error -1
[  535.321940] media: Linux media interface: v0.10
[  535.327791] Linux video capture interface: v2.00
[  535.413588] uvcvideo: Found UVC 1.00 device Integrated Camera (04f2:b39a)
[  535.422111] input: Integrated Camera as /devices/pci0000:00/0000:00:14.0/usb2/2-8/2-8:1.0/input/input20
[  538.754005] usb 2-1: Warning! Unlikely big volume range (=3584), cval->res is probably wrong.
[  538.754010] usb 2-1: [5] FU [Mic Capture Volume] ch = 1, val = 1280/4864/1
[  538.754247] usbcore: registered new interface driver snd-usb-audio
[  538.756982] usbcore: registered new interface driver uvcvideo
[  538.756986] USB Video Class driver (1.1.1)
[  579.194663] usb 2-1: USB disconnect, device number 6
[  580.190898] usbcore: deregistering interface driver uvcvideo
[  581.650167] usb 2-1: new high-speed USB device number 7 using xhci_hcd
[  581.959564] ===usbcam_probe: Active interface number: 1
[  581.959570] ===usbcam_probe: Active interface number: 1
[  581.959572] ===usbcam_probe: endpoint type ISOCHRONOUS
[  581.959574] ===usbcam_probe: endpoint length: 7
[  581.959576] ===usbcam_probe: endpoint descriptor type: 5
[  581.959578] ===usbcam_probe: endpoint address: 129
[  581.959580] ===usbcam_probe: endpoint attributes: 5
[  581.959582] ===usbcam_probe: endpoint max packet size: 192
[  581.959583] ===usbcam_probe: Active interface number: 1
[  581.959585] ===usbcam_probe: endpoint type ISOCHRONOUS
[  581.959587] ===usbcam_probe: endpoint length: 7
[  581.959589] ===usbcam_probe: endpoint descriptor type: 5
[  581.959591] ===usbcam_probe: endpoint address: 129
[  581.959592] ===usbcam_probe: endpoint attributes: 5
[  581.959594] ===usbcam_probe: endpoint max packet size: 384
[  581.959596] ===usbcam_probe: Active interface number: 1
[  581.959598] ===usbcam_probe: endpoint type ISOCHRONOUS
[  581.959600] ===usbcam_probe: endpoint length: 7
[  581.959602] ===usbcam_probe: endpoint descriptor type: 5
[  581.959604] ===usbcam_probe: endpoint address: 129
[  581.959605] ===usbcam_probe: endpoint attributes: 5
[  581.959607] ===usbcam_probe: endpoint max packet size: 512
[  581.959609] ===usbcam_probe: Active interface number: 1
[  581.959611] ===usbcam_probe: endpoint type ISOCHRONOUS
[  581.959613] ===usbcam_probe: endpoint length: 7
[  581.959615] ===usbcam_probe: endpoint descriptor type: 5
[  581.959617] ===usbcam_probe: endpoint address: 129
[  581.959619] ===usbcam_probe: endpoint attributes: 5
[  581.959620] ===usbcam_probe: endpoint max packet size: 640
[  581.959622] ===usbcam_probe: Active interface number: 1
[  581.959624] ===usbcam_probe: endpoint type ISOCHRONOUS
[  581.959626] ===usbcam_probe: endpoint length: 7
[  581.959627] ===usbcam_probe: endpoint descriptor type: 5
[  581.959629] ===usbcam_probe: endpoint address: 129
[  581.959631] ===usbcam_probe: endpoint attributes: 5
[  581.959633] ===usbcam_probe: endpoint max packet size: 800
[  581.959635] ===usbcam_probe: Active interface number: 1
[  581.959637] ===usbcam_probe: endpoint type ISOCHRONOUS
[  581.959639] ===usbcam_probe: endpoint length: 7
[  581.959640] ===usbcam_probe: endpoint descriptor type: 5
[  581.959643] ===usbcam_probe: endpoint address: 129
[  581.959644] ===usbcam_probe: endpoint attributes: 5
[  581.959646] ===usbcam_probe: endpoint max packet size: 944
[  581.959648] ===usbcam_probe: Active interface number: 1
[  581.959650] ===usbcam_probe: endpoint type ISOCHRONOUS
[  581.959652] ===usbcam_probe: endpoint length: 7
[  581.959654] ===usbcam_probe: endpoint descriptor type: 5
[  581.959656] ===usbcam_probe: endpoint address: 129
[  581.959658] ===usbcam_probe: endpoint attributes: 5
[  581.959660] ===usbcam_probe: endpoint max packet size: 2688
[  581.959662] ===usbcam_probe: Active interface number: 1
[  581.959664] ===usbcam_probe: endpoint type ISOCHRONOUS
[  581.959665] ===usbcam_probe: endpoint length: 7
[  581.959667] ===usbcam_probe: endpoint descriptor type: 5
[  581.959669] ===usbcam_probe: endpoint address: 129
[  581.959671] ===usbcam_probe: endpoint attributes: 5
[  581.959673] ===usbcam_probe: endpoint max packet size: 2848
[  581.959675] ===usbcam_probe: Active interface number: 1
[  581.959677] ===usbcam_probe: endpoint type ISOCHRONOUS
[  581.959679] ===usbcam_probe: endpoint length: 7
[  581.959680] ===usbcam_probe: endpoint descriptor type: 5
[  581.959682] ===usbcam_probe: endpoint address: 129
[  581.959684] ===usbcam_probe: endpoint attributes: 5
[  581.959686] ===usbcam_probe: endpoint max packet size: 3040
[  581.959688] ===usbcam_probe: Active interface number: 1
[  581.959690] ===usbcam_probe: endpoint type ISOCHRONOUS
[  581.959692] ===usbcam_probe: endpoint length: 7
[  581.959694] ===usbcam_probe: endpoint descriptor type: 5
[  581.959696] ===usbcam_probe: endpoint address: 129
[  581.959698] ===usbcam_probe: endpoint attributes: 5
[  581.959700] ===usbcam_probe: endpoint max packet size: 4992
[  581.959702] ===usbcam_probe: Active interface number: 1
[  581.959704] ===usbcam_probe: endpoint type ISOCHRONOUS
[  581.959706] ===usbcam_probe: endpoint length: 7
[  581.959707] ===usbcam_probe: endpoint descriptor type: 5
[  581.959709] ===usbcam_probe: endpoint address: 129
[  581.959711] ===usbcam_probe: endpoint attributes: 5
[  581.959713] ===usbcam_probe: endpoint max packet size: 5116
[  581.959715] ===usbcam_probe: Done detecting Interface(s)
[  581.959788] ===usbcam_probe: Registered driver with USBCORE
[  581.960031] ===usbcam_probe: all good
[  581.960033] ===usbcam_init: Initializing URB status Semaphore
[  581.960034] ===usbcam_init: Initializing URB counter to 0
[  581.960086] usbcam: probe of 2-1:1.2 failed with error -1
[  585.440960] usb 2-1: Warning! Unlikely big volume range (=3584), cval->res is probably wrong.
[  585.440965] usb 2-1: [5] FU [Mic Capture Volume] ch = 1, val = 1280/4864/1
[  585.456479] media: Linux media interface: v0.10
[  585.466101] Linux video capture interface: v2.00
[  585.551358] uvcvideo: Found UVC 1.00 device Integrated Camera (04f2:b39a)
[  585.560308] input: Integrated Camera as /devices/pci0000:00/0000:00:14.0/usb2/2-8/2-8:1.0/input/input21
[  585.560401] usbcore: registered new interface driver uvcvideo
[  585.560403] USB Video Class driver (1.1.1)
[ 1955.454203] usbcore: deregistering interface driver uvcvideo
[ 3097.877269] usb 2-1: USB disconnect, device number 7
[ 3105.239991] ===usbcam_exit: deregistering usb device
[ 3105.239997] usbcore: deregistering interface driver usbcam
[ 3120.489769] ===usbcam_init: registering usb device with usbcore
[ 3120.489800] usbcore: registered new interface driver usbcam
[ 3120.489802] ===usbcam_init: device registered with return value: 0
[ 3123.864720] usb 2-1: new high-speed USB device number 8 using xhci_hcd
[ 3124.172541] ===usbcam_probe: Active interface number: 1
[ 3124.172547] ===usbcam_probe: Active interface number: 1
[ 3124.172550] ===usbcam_probe: endpoint type ISOCHRONOUS
[ 3124.172553] ===usbcam_probe: endpoint length: 7
[ 3124.172555] ===usbcam_probe: endpoint descriptor type: 5
[ 3124.172557] ===usbcam_probe: endpoint address: 129
[ 3124.172559] ===usbcam_probe: endpoint attributes: 5
[ 3124.172561] ===usbcam_probe: endpoint max packet size: 192
[ 3124.172563] ===usbcam_probe: Active interface number: 1
[ 3124.172565] ===usbcam_probe: endpoint type ISOCHRONOUS
[ 3124.172567] ===usbcam_probe: endpoint length: 7
[ 3124.172569] ===usbcam_probe: endpoint descriptor type: 5
[ 3124.172571] ===usbcam_probe: endpoint address: 129
[ 3124.172573] ===usbcam_probe: endpoint attributes: 5
[ 3124.172575] ===usbcam_probe: endpoint max packet size: 384
[ 3124.172577] ===usbcam_probe: Active interface number: 1
[ 3124.172579] ===usbcam_probe: endpoint type ISOCHRONOUS
[ 3124.172581] ===usbcam_probe: endpoint length: 7
[ 3124.172583] ===usbcam_probe: endpoint descriptor type: 5
[ 3124.172585] ===usbcam_probe: endpoint address: 129
[ 3124.172587] ===usbcam_probe: endpoint attributes: 5
[ 3124.172589] ===usbcam_probe: endpoint max packet size: 512
[ 3124.172591] ===usbcam_probe: Active interface number: 1
[ 3124.172593] ===usbcam_probe: endpoint type ISOCHRONOUS
[ 3124.172595] ===usbcam_probe: endpoint length: 7
[ 3124.172597] ===usbcam_probe: endpoint descriptor type: 5
[ 3124.172599] ===usbcam_probe: endpoint address: 129
[ 3124.172601] ===usbcam_probe: endpoint attributes: 5
[ 3124.172603] ===usbcam_probe: endpoint max packet size: 640
[ 3124.172605] ===usbcam_probe: Active interface number: 1
[ 3124.172607] ===usbcam_probe: endpoint type ISOCHRONOUS
[ 3124.172609] ===usbcam_probe: endpoint length: 7
[ 3124.172611] ===usbcam_probe: endpoint descriptor type: 5
[ 3124.172613] ===usbcam_probe: endpoint address: 129
[ 3124.172615] ===usbcam_probe: endpoint attributes: 5
[ 3124.172616] ===usbcam_probe: endpoint max packet size: 800
[ 3124.172618] ===usbcam_probe: Active interface number: 1
[ 3124.172621] ===usbcam_probe: endpoint type ISOCHRONOUS
[ 3124.172623] ===usbcam_probe: endpoint length: 7
[ 3124.172625] ===usbcam_probe: endpoint descriptor type: 5
[ 3124.172627] ===usbcam_probe: endpoint address: 129
[ 3124.172629] ===usbcam_probe: endpoint attributes: 5
[ 3124.172631] ===usbcam_probe: endpoint max packet size: 944
[ 3124.172633] ===usbcam_probe: Active interface number: 1
[ 3124.172635] ===usbcam_probe: endpoint type ISOCHRONOUS
[ 3124.172637] ===usbcam_probe: endpoint length: 7
[ 3124.172639] ===usbcam_probe: endpoint descriptor type: 5
[ 3124.172641] ===usbcam_probe: endpoint address: 129
[ 3124.172642] ===usbcam_probe: endpoint attributes: 5
[ 3124.172645] ===usbcam_probe: endpoint max packet size: 2688
[ 3124.172647] ===usbcam_probe: Active interface number: 1
[ 3124.172648] ===usbcam_probe: endpoint type ISOCHRONOUS
[ 3124.172650] ===usbcam_probe: endpoint length: 7
[ 3124.172652] ===usbcam_probe: endpoint descriptor type: 5
[ 3124.172654] ===usbcam_probe: endpoint address: 129
[ 3124.172656] ===usbcam_probe: endpoint attributes: 5
[ 3124.172658] ===usbcam_probe: endpoint max packet size: 2848
[ 3124.172660] ===usbcam_probe: Active interface number: 1
[ 3124.172662] ===usbcam_probe: endpoint type ISOCHRONOUS
[ 3124.172664] ===usbcam_probe: endpoint length: 7
[ 3124.172666] ===usbcam_probe: endpoint descriptor type: 5
[ 3124.172668] ===usbcam_probe: endpoint address: 129
[ 3124.172670] ===usbcam_probe: endpoint attributes: 5
[ 3124.172671] ===usbcam_probe: endpoint max packet size: 3040
[ 3124.172673] ===usbcam_probe: Active interface number: 1
[ 3124.172675] ===usbcam_probe: endpoint type ISOCHRONOUS
[ 3124.172677] ===usbcam_probe: endpoint length: 7
[ 3124.172679] ===usbcam_probe: endpoint descriptor type: 5
[ 3124.172681] ===usbcam_probe: endpoint address: 129
[ 3124.172683] ===usbcam_probe: endpoint attributes: 5
[ 3124.172685] ===usbcam_probe: endpoint max packet size: 4992
[ 3124.172687] ===usbcam_probe: Active interface number: 1
[ 3124.172689] ===usbcam_probe: endpoint type ISOCHRONOUS
[ 3124.172691] ===usbcam_probe: endpoint length: 7
[ 3124.172693] ===usbcam_probe: endpoint descriptor type: 5
[ 3124.172695] ===usbcam_probe: endpoint address: 129
[ 3124.172697] ===usbcam_probe: endpoint attributes: 5
[ 3124.172699] ===usbcam_probe: endpoint max packet size: 5116
[ 3124.172701] ===usbcam_probe: Done detecting Interface(s)
[ 3124.172785] ===usbcam_probe: Registered driver with USBCORE
[ 3124.173087] ===usbcam_probe: all good
[ 3124.173092] ===usbcam_init: Initializing URB status Semaphore
[ 3124.173095] ===usbcam_init: Initializing URB counter to 0
[ 3127.535024] usb 2-1: Warning! Unlikely big volume range (=3584), cval->res is probably wrong.
[ 3127.535029] usb 2-1: [5] FU [Mic Capture Volume] ch = 1, val = 1280/4864/1
[ 3127.551984] media: Linux media interface: v0.10
[ 3127.557583] Linux video capture interface: v2.00
[ 3127.645495] uvcvideo: Found UVC 1.00 device Integrated Camera (04f2:b39a)
[ 3127.654214] input: Integrated Camera as /devices/pci0000:00/0000:00:14.0/usb2/2-8/2-8:1.0/input/input22
[ 3127.654306] usbcore: registered new interface driver uvcvideo
[ 3127.654309] USB Video Class driver (1.1.1)
[ 3156.599316] ===usbcam_open: Opening usbcam driver in READONLY MODE!
[ 3156.599339] ===usbcam_ioctl: entering IOCTL function
[ 3156.599377] ===usbcam_ioctl: entering IOCTL function
[ 3156.599378] ===usbcam_ioctl: Entering IOCTL_GRAB
[ 3156.599380] ===usbcam_urbinit: (/home/drulex/School/2015/ELE784/ele_784/lab2/src/usbcam.c,urbInit,527)
[ 3156.599381] ===usbcam_urbinit: (/home/drulex/School/2015/ELE784/ele_784/lab2/src/usbcam.c,urbInit,530)
[ 3156.599382] ===usbcam_urbinit: (/home/drulex/School/2015/ELE784/ele_784/lab2/src/usbcam.c,urbInit,533)
[ 3156.599383] ===usbcam_urbinit: (/home/drulex/School/2015/ELE784/ele_784/lab2/src/usbcam.c,urbInit,539)
[ 3156.599384] ===usbcam_urbinit: (/home/drulex/School/2015/ELE784/ele_784/lab2/src/usbcam.c,urbInit,551)
[ 3156.599387] ===usbcam_urbinit: (/home/drulex/School/2015/ELE784/ele_784/lab2/src/usbcam.c,urbInit,553)
[ 3156.599388] ===usbcam_urbinit: (/home/drulex/School/2015/ELE784/ele_784/lab2/src/usbcam.c,urbInit,563)
[ 3156.599389] ===usbcam_urbInit: initializing isochronous urb
[ 3156.599390] ===usbcam_urbinit: (/home/drulex/School/2015/ELE784/ele_784/lab2/src/usbcam.c,urbInit,573)
[ 3156.599418] BUG: unable to handle kernel NULL pointer dereference at 00000000000000b8
[ 3156.599446] IP: [<ffffffffa004ecfa>] usb_free_urb+0xa/0x40 [usbcore]
[ 3156.599469] PGD 1dac24067 PUD 136acb067 PMD 0 
[ 3156.600272] Oops: 0002 [#1] PREEMPT SMP 
[ 3156.601282] Modules linked in: uvcvideo videobuf2_vmalloc videobuf2_memops videobuf2_core v4l2_common videodev media usbcam(O) snd_usb_audio snd_usbmidi_lib snd_rawmidi snd_seq_device fuse sha256_ssse3 sha256_generic hmac drbg ansi_cprng ctr ccm hid_logitech_hidpp hid_logitech_dj usbhid hid snd_hda_codec_hdmi joydev mousedev snd_hda_codec_realtek snd_hda_codec_generic arc4 intel_rapl iosf_mbi x86_pkg_temp_thermal intel_powerclamp coretemp kvm_intel kvm crct10dif_pclmul iTCO_wdt crc32_pclmul iTCO_vendor_support crc32c_intel iwlmvm mac80211 i915 aesni_intel aes_x86_64 snd_hda_intel lrw gf128mul glue_helper ablk_helper cryptd snd_hda_codec evdev input_leds mac_hid psmouse iwlwifi serio_raw pcspkr snd_hda_core snd_hwdep drm_kms_helper snd_pcm cfg80211 i2c_i801 drm snd_timer e1000e rtsx_pci_ms thinkpad_acpi
[ 3156.604829]  memstick nvram intel_gtt mei_me lpc_ich mei i2c_algo_bit ptp pps_core snd shpchp wmi soundcore thermal led_class rfkill battery tpm_tis ac tpm video button processor sch_fq_codel vboxnetflt(O) vboxdrv(O) ip_tables x_tables ext4 crc16 mbcache jbd2 sd_mod rtsx_pci_sdmmc mmc_core atkbd libps2 ahci libahci libata scsi_mod xhci_pci ehci_pci xhci_hcd ehci_hcd rtsx_pci usbcore usb_common i8042 serio [last unloaded: usbcam]
[ 3156.607792] CPU: 2 PID: 3988 Comm: usbcam_test Tainted: G        W  O    4.2.5-1-ARCH #1
[ 3156.608788] Hardware name: LENOVO 20B7S1DP00/20B7S1DP00, BIOS GJET76WW (2.26 ) 05/12/2014
[ 3156.609797] task: ffff880136b33700 ti: ffff8801daf04000 task.ti: ffff8801daf04000
[ 3156.610866] RIP: 0010:[<ffffffffa004ecfa>]  [<ffffffffa004ecfa>] usb_free_urb+0xa/0x40 [usbcore]
[ 3156.611898] RSP: 0018:ffff8801daf07df0  EFLAGS: 00010206
[ 3156.612914] RAX: ffff8800b18af730 RBX: 0000000000000005 RCX: 0000000000006400
[ 3156.613948] RDX: 0000000000000028 RSI: ffff8800c76ec180 RDI: 00000000000000b8
[ 3156.614942] RBP: ffff8801daf07e78 R08: 000000000000000a R09: ffff8800b18af730
[ 3156.615938] R10: 0000000000015258 R11: 000000000000047e R12: 0000000000000001
[ 3156.616968] R13: 0000000000000001 R14: ffff8800b18af400 R15: 0000000000000280
[ 3156.617964] FS:  00007fc27cc8f700(0000) GS:ffff88021e280000(0000) knlGS:0000000000000000
[ 3156.619015] CS:  0010 DS: 0000 ES: 0000 CR0: 0000000080050033
[ 3156.620221] CR2: 00000000000000b8 CR3: 0000000136af7000 CR4: 00000000001406e0
[ 3156.621330] DR0: 0000000000000000 DR1: 0000000000000000 DR2: 0000000000000000
[ 3156.622412] DR3: 0000000000000000 DR6: 00000000fffe0ff0 DR7: 0000000000000400
[ 3156.623395] Stack:
[ 3156.624392]  ffffffffa03708f1 0000000000000000 00007fc200000000 0000000000000000
[ 3156.625381]  0000000000000000 ffff8801daf07ea8 0000000100000000 0040800000006400
[ 3156.626366]  0000000000006400 ffff880100000003 00000000918bcfc3 0000000000000000
[ 3156.627359] Call Trace:
[ 3156.628312]  [<ffffffffa03708f1>] ? usbcam_ioctl+0x391/0x7a0 [usbcam]
[ 3156.629275]  [<ffffffff811e2b65>] do_vfs_ioctl+0x295/0x480
[ 3156.630251]  [<ffffffff811e2dc9>] SyS_ioctl+0x79/0x90
[ 3156.631238]  [<ffffffff8157626e>] entry_SYSCALL_64_fastpath+0x12/0x71
[ 3156.632181] Code: 42 38 48 89 d0 5d c3 48 c7 c7 53 5b 06 a0 e8 78 11 52 e1 31 c0 5d c3 66 2e 0f 1f 84 00 00 00 00 00 0f 1f 44 00 00 48 85 ff 74 27 <f0> 83 2f 01 74 01 c3 55 48 89 e5 53 48 89 fb 48 83 ec 08 f6 47 
[ 3156.634232] RIP  [<ffffffffa004ecfa>] usb_free_urb+0xa/0x40 [usbcore]
[ 3156.635233]  RSP <ffff8801daf07df0>
[ 3156.636280] CR2: 00000000000000b8
[ 3156.643272] ---[ end trace 9e5f84aeb76b6b79 ]---
[ 3156.643336] ===usbcam_release: Releasing usbcam driver in from READONLY MODE!
