[    0.000000] Initializing cgroup subsys cpuset
[    0.000000] Initializing cgroup subsys cpu
[    0.000000] Initializing cgroup subsys cpuacct
[    0.000000] Linux version 3.19.0-31-generic (buildd@lgw01-21) (gcc version 4.8.2 (Ubuntu 4.8.2-19ubuntu1) ) #36~14.04.1-Ubuntu SMP Thu Oct 8 10:21:08 UTC 2015 (Ubuntu 3.19.0-31.36~14.04.1-generic 3.19.8-ckt7)
[    0.000000] Command line: BOOT_IMAGE=/vmlinuz-3.19.0-31-generic root=/dev/mapper/ubuntu--vg-root ro quiet splash vt.handoff=7
[    0.000000] KERNEL supported cpus:
[    0.000000]   Intel GenuineIntel
[    0.000000]   AMD AuthenticAMD
[    0.000000]   Centaur CentaurHauls
[    0.000000] e820: BIOS-provided physical RAM map:
[    0.000000] BIOS-e820: [mem 0x0000000000000000-0x000000000009d3ff] usable
[    0.000000] BIOS-e820: [mem 0x000000000009d400-0x000000000009ffff] reserved
[    0.000000] BIOS-e820: [mem 0x00000000000e0000-0x00000000000fffff] reserved
[    0.000000] BIOS-e820: [mem 0x0000000000100000-0x000000001fffffff] usable
[    0.000000] BIOS-e820: [mem 0x0000000020000000-0x00000000201fffff] reserved
[    0.000000] BIOS-e820: [mem 0x0000000020200000-0x0000000040003fff] usable
[    0.000000] BIOS-e820: [mem 0x0000000040004000-0x0000000040004fff] reserved
[    0.000000] BIOS-e820: [mem 0x0000000040005000-0x000000009ffaffff] usable
[    0.000000] BIOS-e820: [mem 0x000000009ffb0000-0x00000000a13affff] reserved
[    0.000000] BIOS-e820: [mem 0x00000000a13b0000-0x00000000aa3befff] usable
[    0.000000] BIOS-e820: [mem 0x00000000aa3bf000-0x00000000aaebefff] reserved
[    0.000000] BIOS-e820: [mem 0x00000000aaebf000-0x00000000aafbefff] ACPI NVS
[    0.000000] BIOS-e820: [mem 0x00000000aafbf000-0x00000000aaffefff] ACPI data
[    0.000000] BIOS-e820: [mem 0x00000000aafff000-0x00000000aaffffff] usable
[    0.000000] BIOS-e820: [mem 0x00000000ab000000-0x00000000af9fffff] reserved
[    0.000000] BIOS-e820: [mem 0x00000000e0000000-0x00000000efffffff] reserved
[    0.000000] BIOS-e820: [mem 0x00000000feb00000-0x00000000feb03fff] reserved
[    0.000000] BIOS-e820: [mem 0x00000000fec00000-0x00000000fec00fff] reserved
[    0.000000] BIOS-e820: [mem 0x00000000fed10000-0x00000000fed19fff] reserved
[    0.000000] BIOS-e820: [mem 0x00000000fed1c000-0x00000000fed1ffff] reserved
[    0.000000] BIOS-e820: [mem 0x00000000fee00000-0x00000000fee00fff] reserved
[    0.000000] BIOS-e820: [mem 0x00000000ffb80000-0x00000000ffffffff] reserved
[    0.000000] BIOS-e820: [mem 0x0000000100000000-0x00000001cf5fffff] usable
[    0.000000] NX (Execute Disable) protection: active
[    0.000000] SMBIOS 2.7 present.
[    0.000000] DMI: Dell Inc. Inspiron 5521/00F5CR, BIOS A03 10/24/2012
[    0.000000] e820: update [mem 0x00000000-0x00000fff] usable ==> reserved
[    0.000000] e820: remove [mem 0x000a0000-0x000fffff] usable
[    0.000000] AGP: No AGP bridge found
[    0.000000] e820: last_pfn = 0x1cf600 max_arch_pfn = 0x400000000
[    0.000000] MTRR default type: uncachable
[    0.000000] MTRR fixed ranges enabled:
[    0.000000]   00000-9FFFF write-back
[    0.000000]   A0000-BFFFF uncachable
[    0.000000]   C0000-E7FFF write-protect
[    0.000000]   E8000-EFFFF write-combining
[    0.000000]   F0000-FFFFF write-protect
[    0.000000] MTRR variable ranges enabled:
[    0.000000]   0 base 000000000 mask F80000000 write-back
[    0.000000]   1 base 080000000 mask FE0000000 write-back
[    0.000000]   2 base 0A0000000 mask FF8000000 write-back
[    0.000000]   3 base 0A8000000 mask FFE000000 write-back
[    0.000000]   4 base 0AA000000 mask FFF000000 write-back
[    0.000000]   5 base 0FFA00000 mask FFFE00000 write-protect
[    0.000000]   6 base 0FFC00000 mask FFFC00000 write-protect
[    0.000000]   7 base 100000000 mask F00000000 write-back
[    0.000000]   8 base 1CF600000 mask FFFE00000 uncachable
[    0.000000]   9 base 1CF800000 mask FFF800000 uncachable
[    0.000000] PAT configuration [0-7]: WB  WC  UC- UC  WB  WC  UC- UC  
[    0.000000] e820: last_pfn = 0xab000 max_arch_pfn = 0x400000000
[    0.000000] found SMP MP-table at [mem 0x000fe1b0-0x000fe1bf] mapped at [ffff8800000fe1b0]
[    0.000000] Scanning 1 areas for low memory corruption
[    0.000000] Base memory trampoline at [ffff880000097000] 97000 size 24576
[    0.000000] init_memory_mapping: [mem 0x00000000-0x000fffff]
[    0.000000]  [mem 0x00000000-0x000fffff] page 4k
[    0.000000] BRK [0x01fd4000, 0x01fd4fff] PGTABLE
[    0.000000] BRK [0x01fd5000, 0x01fd5fff] PGTABLE
[    0.000000] BRK [0x01fd6000, 0x01fd6fff] PGTABLE
[    0.000000] init_memory_mapping: [mem 0x1cf400000-0x1cf5fffff]
[    0.000000]  [mem 0x1cf400000-0x1cf5fffff] page 2M
[    0.000000] BRK [0x01fd7000, 0x01fd7fff] PGTABLE
[    0.000000] init_memory_mapping: [mem 0x1c0000000-0x1cf3fffff]
[    0.000000]  [mem 0x1c0000000-0x1cf3fffff] page 2M
[    0.000000] init_memory_mapping: [mem 0x1a0000000-0x1bfffffff]
[    0.000000]  [mem 0x1a0000000-0x1bfffffff] page 2M
[    0.000000] BRK [0x01fd8000, 0x01fd8fff] PGTABLE
[    0.000000] init_memory_mapping: [mem 0x00100000-0x1fffffff]
[    0.000000]  [mem 0x00100000-0x001fffff] page 4k
[    0.000000]  [mem 0x00200000-0x1fffffff] page 2M
[    0.000000] init_memory_mapping: [mem 0x20200000-0x40003fff]
[    0.000000]  [mem 0x20200000-0x3fffffff] page 2M
[    0.000000]  [mem 0x40000000-0x40003fff] page 4k
[    0.000000] BRK [0x01fd9000, 0x01fd9fff] PGTABLE
[    0.000000] init_memory_mapping: [mem 0x40005000-0x9ffaffff]
[    0.000000]  [mem 0x40005000-0x401fffff] page 4k
[    0.000000]  [mem 0x40200000-0x9fdfffff] page 2M
[    0.000000]  [mem 0x9fe00000-0x9ffaffff] page 4k
[    0.000000] init_memory_mapping: [mem 0xa13b0000-0xaa3befff]
[    0.000000]  [mem 0xa13b0000-0xa13fffff] page 4k
[    0.000000]  [mem 0xa1400000-0xaa1fffff] page 2M
[    0.000000]  [mem 0xaa200000-0xaa3befff] page 4k
[    0.000000] init_memory_mapping: [mem 0xaafff000-0xaaffffff]
[    0.000000]  [mem 0xaafff000-0xaaffffff] page 4k
[    0.000000] init_memory_mapping: [mem 0x100000000-0x19fffffff]
[    0.000000]  [mem 0x100000000-0x19fffffff] page 2M
[    0.000000] RAMDISK: [mem 0x34358000-0x361a3fff]
[    0.000000] ACPI: Early table checksum verification disabled
[    0.000000] ACPI: RSDP 0x00000000000FE020 000024 (v02 DELL  )
[    0.000000] ACPI: XSDT 0x00000000AAFFE210 0000AC (v01 DELL   CL09     00000001      01000013)
[    0.000000] ACPI: FACP 0x00000000AAFFA000 00010C (v05 DELL   CL09     00000001 ASL  00040000)
[    0.000000] ACPI: DSDT 0x00000000AAFED000 0092DA (v01 DELL   CL09     00000000 ASL  00040000)
[    0.000000] ACPI: FACS 0x00000000AAFB9000 000040
[    0.000000] ACPI: SLIC 0x00000000AAFFD000 000176 (v01 DELL   CL09     00000001 ASL  00040000)
[    0.000000] ACPI: UEFI 0x00000000AAFFC000 000236 (v01 DELL   CL09     00000001 ASL  00040000)
[    0.000000] ACPI: ASF! 0x00000000AAFFB000 0000A5 (v32 DELL   CL09     00000001 ASL  00040000)
[    0.000000] ACPI: HPET 0x00000000AAFF9000 000038 (v01 DELL   CL09     00000001 ASL  00040000)
[    0.000000] ACPI: APIC 0x00000000AAFF8000 00008C (v03 DELL   CL09     00000001 ASL  00040000)
[    0.000000] ACPI: MCFG 0x00000000AAFF7000 00003C (v01 DELL   CL09     00000001 ASL  00040000)
[    0.000000] ACPI: SLIC 0x00000000AAFEC000 000176 (v01 DELL   CL09     00000001 ASL  00040000)
[    0.000000] ACPI: SSDT 0x00000000AAFEB000 0006FE (v01 COMPAL CRV ORB  00001000 ACPI 00040000)
[    0.000000] ACPI: BOOT 0x00000000AAFE9000 000028 (v01 DELL   CL09     00000001 ASL  00040000)
[    0.000000] ACPI: ASPT 0x00000000AAFE7000 000034 (v07 DELL   CL09     00000001 ASL  00040000)
[    0.000000] ACPI: DBGP 0x00000000AAFE6000 000034 (v01 DELL   CL09     00000001 ASL  00040000)
[    0.000000] ACPI: FPDT 0x00000000AAFE4000 000044 (v01 DELL   CL09     00000001 ASL  00040000)
[    0.000000] ACPI: MSDM 0x00000000AAFE3000 000055 (v03 DELL   CL09     00000001 ASL  00040000)
[    0.000000] ACPI: SSDT 0x00000000AAFE2000 0008A2 (v01 COMPAL CRV ORB  00003000 ACPI 00040000)
[    0.000000] ACPI: SSDT 0x00000000AAFE1000 000A92 (v01 COMPAL CRV ORB  00003000 ACPI 00040000)
[    0.000000] ACPI: DMAR 0x00000000AAFE0000 0000B8 (v01 DELL   CL09     00000001 ASL  00040000)
[    0.000000] ACPI: Local APIC address 0xfee00000
[    0.000000] No NUMA configuration found
[    0.000000] Faking a node at [mem 0x0000000000000000-0x00000001cf5fffff]
[    0.000000] NODE_DATA(0) allocated [mem 0x1cf5f3000-0x1cf5f7fff]
[    0.000000]  [ffffea0000000000-ffffea00073fffff] PMD -> [ffff8801c8c00000-ffff8801cebfffff] on node 0
[    0.000000] Zone ranges:
[    0.000000]   DMA      [mem 0x00001000-0x00ffffff]
[    0.000000]   DMA32    [mem 0x01000000-0xffffffff]
[    0.000000]   Normal   [mem 0x100000000-0x1cf5fffff]
[    0.000000] Movable zone start for each node
[    0.000000] Early memory node ranges
[    0.000000]   node   0: [mem 0x00001000-0x0009cfff]
[    0.000000]   node   0: [mem 0x00100000-0x1fffffff]
[    0.000000]   node   0: [mem 0x20200000-0x40003fff]
[    0.000000]   node   0: [mem 0x40005000-0x9ffaffff]
[    0.000000]   node   0: [mem 0xa13b0000-0xaa3befff]
[    0.000000]   node   0: [mem 0xaafff000-0xaaffffff]
[    0.000000]   node   0: [mem 0x100000000-0x1cf5fffff]
[    0.000000] Initmem setup node 0 [mem 0x00001000-0x1cf5fffff]
[    0.000000] On node 0 totalpages: 1540955
[    0.000000]   DMA zone: 64 pages used for memmap
[    0.000000]   DMA zone: 21 pages reserved
[    0.000000]   DMA zone: 3996 pages, LIFO batch:0
[    0.000000]   DMA32 zone: 10743 pages used for memmap
[    0.000000]   DMA32 zone: 687551 pages, LIFO batch:31
[    0.000000]   Normal zone: 13272 pages used for memmap
[    0.000000]   Normal zone: 849408 pages, LIFO batch:31
[    0.000000] Reserving Intel graphics stolen memory at 0xaba00000-0xaf9fffff
[    0.000000] ACPI: PM-Timer IO Port: 0x408
[    0.000000] ACPI: Local APIC address 0xfee00000
[    0.000000] ACPI: LAPIC (acpi_id[0x01] lapic_id[0x00] enabled)
[    0.000000] ACPI: LAPIC (acpi_id[0x02] lapic_id[0x01] enabled)
[    0.000000] ACPI: LAPIC (acpi_id[0x03] lapic_id[0x02] enabled)
[    0.000000] ACPI: LAPIC (acpi_id[0x04] lapic_id[0x03] enabled)
[    0.000000] ACPI: LAPIC (acpi_id[0x05] lapic_id[0x00] disabled)
[    0.000000] ACPI: LAPIC (acpi_id[0x06] lapic_id[0x00] disabled)
[    0.000000] ACPI: LAPIC (acpi_id[0x07] lapic_id[0x00] disabled)
[    0.000000] ACPI: LAPIC (acpi_id[0x08] lapic_id[0x00] disabled)
[    0.000000] ACPI: IOAPIC (id[0x00] address[0xfec00000] gsi_base[0])
[    0.000000] IOAPIC[0]: apic_id 0, version 32, address 0xfec00000, GSI 0-23
[    0.000000] ACPI: INT_SRC_OVR (bus 0 bus_irq 0 global_irq 2 dfl dfl)
[    0.000000] ACPI: INT_SRC_OVR (bus 0 bus_irq 9 global_irq 9 high level)
[    0.000000] ACPI: IRQ0 used by override.
[    0.000000] ACPI: IRQ9 used by override.
[    0.000000] Using ACPI (MADT) for SMP configuration information
[    0.000000] ACPI: HPET id: 0x8086a201 base: 0xfed00000
[    0.000000] smpboot: Allowing 8 CPUs, 4 hotplug CPUs
[    0.000000] PM: Registered nosave memory: [mem 0x00000000-0x00000fff]
[    0.000000] PM: Registered nosave memory: [mem 0x0009d000-0x0009dfff]
[    0.000000] PM: Registered nosave memory: [mem 0x0009e000-0x0009ffff]
[    0.000000] PM: Registered nosave memory: [mem 0x000a0000-0x000dffff]
[    0.000000] PM: Registered nosave memory: [mem 0x000e0000-0x000fffff]
[    0.000000] PM: Registered nosave memory: [mem 0x20000000-0x201fffff]
[    0.000000] PM: Registered nosave memory: [mem 0x40004000-0x40004fff]
[    0.000000] PM: Registered nosave memory: [mem 0x9ffb0000-0xa13affff]
[    0.000000] PM: Registered nosave memory: [mem 0xaa3bf000-0xaaebefff]
[    0.000000] PM: Registered nosave memory: [mem 0xaaebf000-0xaafbefff]
[    0.000000] PM: Registered nosave memory: [mem 0xaafbf000-0xaaffefff]
[    0.000000] PM: Registered nosave memory: [mem 0xab000000-0xaf9fffff]
[    0.000000] PM: Registered nosave memory: [mem 0xafa00000-0xdfffffff]
[    0.000000] PM: Registered nosave memory: [mem 0xe0000000-0xefffffff]
[    0.000000] PM: Registered nosave memory: [mem 0xf0000000-0xfeafffff]
[    0.000000] PM: Registered nosave memory: [mem 0xfeb00000-0xfeb03fff]
[    0.000000] PM: Registered nosave memory: [mem 0xfeb04000-0xfebfffff]
[    0.000000] PM: Registered nosave memory: [mem 0xfec00000-0xfec00fff]
[    0.000000] PM: Registered nosave memory: [mem 0xfec01000-0xfed0ffff]
[    0.000000] PM: Registered nosave memory: [mem 0xfed10000-0xfed19fff]
[    0.000000] PM: Registered nosave memory: [mem 0xfed1a000-0xfed1bfff]
[    0.000000] PM: Registered nosave memory: [mem 0xfed1c000-0xfed1ffff]
[    0.000000] PM: Registered nosave memory: [mem 0xfed20000-0xfedfffff]
[    0.000000] PM: Registered nosave memory: [mem 0xfee00000-0xfee00fff]
[    0.000000] PM: Registered nosave memory: [mem 0xfee01000-0xffb7ffff]
[    0.000000] PM: Registered nosave memory: [mem 0xffb80000-0xffffffff]
[    0.000000] e820: [mem 0xafa00000-0xdfffffff] available for PCI devices
[    0.000000] Booting paravirtualized kernel on bare hardware
[    0.000000] setup_percpu: NR_CPUS:256 nr_cpumask_bits:256 nr_cpu_ids:8 nr_node_ids:1
[    0.000000] PERCPU: Embedded 31 pages/cpu @ffff8801cf200000 s86144 r8192 d32640 u262144
[    0.000000] pcpu-alloc: s86144 r8192 d32640 u262144 alloc=1*2097152
[    0.000000] pcpu-alloc: [0] 0 1 2 3 4 5 6 7 
[    0.000000] Built 1 zonelists in Node order, mobility grouping on.  Total pages: 1516855
[    0.000000] Policy zone: Normal
[    0.000000] Kernel command line: BOOT_IMAGE=/vmlinuz-3.19.0-31-generic root=/dev/mapper/ubuntu--vg-root ro quiet splash vt.handoff=7
[    0.000000] PID hash table entries: 4096 (order: 3, 32768 bytes)
[    0.000000] xsave: enabled xstate_bv 0x7, cntxt size 0x340 using standard form
[    0.000000] AGP: Checking aperture...
[    0.000000] AGP: No AGP bridge found
[    0.000000] Calgary: detecting Calgary via BIOS EBDA area
[    0.000000] Calgary: Unable to locate Rio Grande table in EBDA - bailing!
[    0.000000] Memory: 5950828K/6163820K available (7920K kernel code, 1174K rwdata, 3756K rodata, 1408K init, 1292K bss, 212992K reserved, 0K cma-reserved)
[    0.000000] SLUB: HWalign=64, Order=0-3, MinObjects=0, CPUs=8, Nodes=1
[    0.000000] Hierarchical RCU implementation.
[    0.000000] 	RCU dyntick-idle grace-period acceleration is enabled.
[    0.000000] 	RCU restricting CPUs from NR_CPUS=256 to nr_cpu_ids=8.
[    0.000000] RCU: Adjusting geometry for rcu_fanout_leaf=16, nr_cpu_ids=8
[    0.000000] NR_IRQS:16640 nr_irqs:488 16
[    0.000000] 	Offload RCU callbacks from all CPUs
[    0.000000] 	Offload RCU callbacks from CPUs: 0-7.
[    0.000000] vt handoff: transparent VT on vt#7
[    0.000000] Console: colour dummy device 80x25
[    0.000000] console [tty0] enabled
[    0.000000] hpet clockevent registered
[    0.000000] tsc: Fast TSC calibration using PIT
[    0.000000] tsc: Detected 1696.208 MHz processor
[    0.000050] Calibrating delay loop (skipped), value calculated using timer frequency.. 3392.41 BogoMIPS (lpj=6784832)
[    0.000054] pid_max: default: 32768 minimum: 301
[    0.000061] ACPI: Core revision 20141107
[    0.009622] ACPI: All ACPI Tables successfully acquired
[    0.009653] Security Framework initialized
[    0.009675] AppArmor: AppArmor initialized
[    0.009676] Yama: becoming mindful.
[    0.010438] Dentry cache hash table entries: 1048576 (order: 11, 8388608 bytes)
[    0.013515] Inode-cache hash table entries: 524288 (order: 10, 4194304 bytes)
[    0.014878] Mount-cache hash table entries: 16384 (order: 5, 131072 bytes)
[    0.014892] Mountpoint-cache hash table entries: 16384 (order: 5, 131072 bytes)
[    0.015168] Initializing cgroup subsys memory
[    0.015176] Initializing cgroup subsys devices
[    0.015179] Initializing cgroup subsys freezer
[    0.015181] Initializing cgroup subsys net_cls
[    0.015184] Initializing cgroup subsys blkio
[    0.015187] Initializing cgroup subsys perf_event
[    0.015190] Initializing cgroup subsys net_prio
[    0.015192] Initializing cgroup subsys hugetlb
[    0.015225] CPU: Physical Processor ID: 0
[    0.015226] CPU: Processor Core ID: 0
[    0.015232] ENERGY_PERF_BIAS: Set to 'normal', was 'performance'
[    0.015232] ENERGY_PERF_BIAS: View and update with x86_energy_perf_policy(8)
[    0.015807] mce: CPU supports 7 MCE banks
[    0.015822] CPU0: Thermal monitoring enabled (TM1)
[    0.015832] process: using mwait in idle threads
[    0.015837] Last level iTLB entries: 4KB 512, 2MB 8, 4MB 8
[    0.015837] Last level dTLB entries: 4KB 512, 2MB 32, 4MB 32, 1GB 0
[    0.016022] Freeing SMP alternatives memory: 32K (ffffffff81e87000 - ffffffff81e8f000)
[    0.031529] ftrace: allocating 30020 entries in 118 pages
[    0.051566] dmar: Host address width 36
[    0.051570] dmar: DRHD base: 0x000000fed90000 flags: 0x0
[    0.051578] dmar: IOMMU 0: reg_base_addr fed90000 ver 1:0 cap c0000020e60262 ecap f0101a
[    0.051580] dmar: DRHD base: 0x000000fed91000 flags: 0x1
[    0.051585] dmar: IOMMU 1: reg_base_addr fed91000 ver 1:0 cap c9008020660262 ecap f0105a
[    0.051587] dmar: RMRR base: 0x000000aae8c000 end: 0x000000aaeabfff
[    0.051588] dmar: RMRR base: 0x000000ab800000 end: 0x000000af9fffff
[    0.051663] IOAPIC id 0 under DRHD base  0xfed91000 IOMMU 1
[    0.051664] HPET id 0 under DRHD base 0xfed91000
[    0.051666] Queued invalidation will be enabled to support x2apic and Intr-remapping.
[    0.051872] Enabled IRQ remapping in x2apic mode
[    0.051874] Enabling x2apic
[    0.051876] Enabled x2apic
[    0.051895] Switched APIC routing to cluster x2apic.
[    0.052372] ..TIMER: vector=0x30 apic1=0 pin1=2 apic2=-1 pin2=-1
[    0.092078] smpboot: CPU0: Intel(R) Core(TM) i5-3317U CPU @ 1.70GHz (fam: 06, model: 3a, stepping: 09)
[    0.092088] TSC deadline timer enabled
[    0.092119] Performance Events: PEBS fmt1+, 16-deep LBR, IvyBridge events, full-width counters, Intel PMU driver.
[    0.092148] ... version:                3
[    0.092149] ... bit width:              48
[    0.092151] ... generic registers:      4
[    0.092152] ... value mask:             0000ffffffffffff
[    0.092153] ... max period:             0000ffffffffffff
[    0.092154] ... fixed-purpose events:   3
[    0.092156] ... event mask:             000000070000000f
[    0.093407] x86: Booting SMP configuration:
[    0.093410] .... node  #0, CPUs:      #1
[    0.107224] NMI watchdog: enabled on all CPUs, permanently consumes one hw-PMU counter.
[    0.107365]  #2 #3
[    0.134819] x86: Booted up 1 node, 4 CPUs
[    0.134824] smpboot: Total of 4 processors activated (13569.66 BogoMIPS)
[    0.139353] devtmpfs: initialized
[    0.143307] evm: security.selinux
[    0.143309] evm: security.SMACK64
[    0.143310] evm: security.SMACK64EXEC
[    0.143312] evm: security.SMACK64TRANSMUTE
[    0.143313] evm: security.SMACK64MMAP
[    0.143314] evm: security.ima
[    0.143315] evm: security.capability
[    0.143391] PM: Registering ACPI NVS region [mem 0xaaebf000-0xaafbefff] (1048576 bytes)
[    0.143615] pinctrl core: initialized pinctrl subsystem
[    0.143748] RTC time: 15:15:10, date: 11/28/15
[    0.143887] NET: Registered protocol family 16
[    0.147146] cpuidle: using governor ladder
[    0.151137] cpuidle: using governor menu
[    0.151222] ACPI FADT declares the system doesn't support PCIe ASPM, so disable it
[    0.151224] ACPI: bus type PCI registered
[    0.151226] acpiphp: ACPI Hot Plug PCI Controller Driver version: 0.5
[    0.151327] PCI: MMCONFIG for domain 0000 [bus 00-ff] at [mem 0xe0000000-0xefffffff] (base 0xe0000000)
[    0.151330] PCI: MMCONFIG at [mem 0xe0000000-0xefffffff] reserved in E820
[    0.151799] PCI: Using configuration type 1 for base access
[    0.151808] dmi type 0xB1 record - unknown flag
[    0.155675] ACPI: Added _OSI(Module Device)
[    0.155678] ACPI: Added _OSI(Processor Device)
[    0.155680] ACPI: Added _OSI(3.0 _SCP Extensions)
[    0.155682] ACPI: Added _OSI(Processor Aggregator Device)
[    0.159224] ACPI: Executed 1 blocks of module-level executable AML code
[    0.162704] ACPI: Dynamic OEM Table Load:
[    0.162718] ACPI: SSDT 0xFFFF8801C77DB000 00083B (v01 PmRef  Cpu0Cst  00003001 INTL 20111123)
[    0.163453] ACPI: Dynamic OEM Table Load:
[    0.163463] ACPI: SSDT 0xFFFF8801C76FF000 000303 (v01 PmRef  ApIst    00003000 INTL 20111123)
[    0.164090] ACPI: Dynamic OEM Table Load:
[    0.164099] ACPI: SSDT 0xFFFF8801C770BC00 000119 (v01 PmRef  ApCst    00003000 INTL 20111123)
[    0.165446] ACPI: Interpreter enabled
[    0.165455] ACPI Exception: AE_NOT_FOUND, While evaluating Sleep State [\_S1_] (20141107/hwxface-580)
[    0.165461] ACPI Exception: AE_NOT_FOUND, While evaluating Sleep State [\_S2_] (20141107/hwxface-580)
[    0.165480] ACPI: (supports S0 S3 S4 S5)
[    0.165482] ACPI: Using IOAPIC for interrupt routing
[    0.165517] PCI: Using host bridge windows from ACPI; if necessary, use "pci=nocrs" and report a bug
[    0.311878] ACPI: PCI Root Bridge [PCI0] (domain 0000 [bus 00-fe])
[    0.311885] acpi PNP0A08:00: _OSC: OS supports [ExtendedConfig ASPM ClockPM Segments MSI]
[    0.312042] \_SB_.PCI0:_OSC invalid UUID
[    0.312044] _OSC request data:1 1f 0 
[    0.312049] acpi PNP0A08:00: _OSC failed (AE_ERROR); disabling ASPM
[    0.312876] PCI host bridge to bus 0000:00
[    0.312880] pci_bus 0000:00: root bus resource [bus 00-fe]
[    0.312882] pci_bus 0000:00: root bus resource [io  0x0000-0x0cf7]
[    0.312884] pci_bus 0000:00: root bus resource [io  0x0d00-0xffff]
[    0.312887] pci_bus 0000:00: root bus resource [mem 0x000a0000-0x000bffff]
[    0.312889] pci_bus 0000:00: root bus resource [mem 0xafa00000-0xfeafffff]
[    0.312899] pci 0000:00:00.0: [8086:0154] type 00 class 0x060000
[    0.313008] pci 0000:00:02.0: [8086:0166] type 00 class 0x030000
[    0.313023] pci 0000:00:02.0: reg 0x10: [mem 0xc0000000-0xc03fffff 64bit]
[    0.313032] pci 0000:00:02.0: reg 0x18: [mem 0xb0000000-0xbfffffff 64bit pref]
[    0.313038] pci 0000:00:02.0: reg 0x20: [io  0x3000-0x303f]
[    0.313178] pci 0000:00:14.0: [8086:1e31] type 00 class 0x0c0330
[    0.313206] pci 0000:00:14.0: reg 0x10: [mem 0xc0600000-0xc060ffff 64bit]
[    0.313295] pci 0000:00:14.0: PME# supported from D3hot D3cold
[    0.313349] pci 0000:00:14.0: System wakeup disabled by ACPI
[    0.313408] pci 0000:00:16.0: [8086:1e3a] type 00 class 0x078000
[    0.313437] pci 0000:00:16.0: reg 0x10: [mem 0xc0614000-0xc061400f 64bit]
[    0.313533] pci 0000:00:16.0: PME# supported from D0 D3hot D3cold
[    0.313643] pci 0000:00:1a.0: [8086:1e2d] type 00 class 0x0c0320
[    0.313669] pci 0000:00:1a.0: reg 0x10: [mem 0xc0619000-0xc06193ff]
[    0.313778] pci 0000:00:1a.0: PME# supported from D0 D3hot D3cold
[    0.313872] pci 0000:00:1b.0: [8086:1e20] type 00 class 0x040300
[    0.313892] pci 0000:00:1b.0: reg 0x10: [mem 0xc0610000-0xc0613fff 64bit]
[    0.313985] pci 0000:00:1b.0: PME# supported from D0 D3hot D3cold
[    0.314074] pci 0000:00:1c.0: [8086:1e10] type 01 class 0x060400
[    0.314176] pci 0000:00:1c.0: PME# supported from D0 D3hot D3cold
[    0.314234] pci 0000:00:1c.0: System wakeup disabled by ACPI
[    0.314286] pci 0000:00:1c.1: [8086:1e12] type 01 class 0x060400
[    0.314389] pci 0000:00:1c.1: PME# supported from D0 D3hot D3cold
[    0.314436] pci 0000:00:1c.1: System wakeup disabled by ACPI
[    0.314504] pci 0000:00:1d.0: [8086:1e26] type 00 class 0x0c0320
[    0.314531] pci 0000:00:1d.0: reg 0x10: [mem 0xc0618000-0xc06183ff]
[    0.314641] pci 0000:00:1d.0: PME# supported from D0 D3hot D3cold
[    0.314698] pci 0000:00:1d.0: System wakeup disabled by ACPI
[    0.314751] pci 0000:00:1f.0: [8086:1e59] type 00 class 0x060100
[    0.314953] pci 0000:00:1f.2: [8086:1e03] type 00 class 0x010601
[    0.314977] pci 0000:00:1f.2: reg 0x10: [io  0x3088-0x308f]
[    0.314988] pci 0000:00:1f.2: reg 0x14: [io  0x3094-0x3097]
[    0.315000] pci 0000:00:1f.2: reg 0x18: [io  0x3080-0x3087]
[    0.315011] pci 0000:00:1f.2: reg 0x1c: [io  0x3090-0x3093]
[    0.315021] pci 0000:00:1f.2: reg 0x20: [io  0x3060-0x307f]
[    0.315032] pci 0000:00:1f.2: reg 0x24: [mem 0xc0617000-0xc06177ff]
[    0.315092] pci 0000:00:1f.2: PME# supported from D3hot
[    0.315178] pci 0000:00:1f.3: [8086:1e22] type 00 class 0x0c0500
[    0.315198] pci 0000:00:1f.3: reg 0x10: [mem 0xc0615000-0xc06150ff 64bit]
[    0.315225] pci 0000:00:1f.3: reg 0x20: [io  0x3040-0x305f]
[    0.315500] pci 0000:01:00.0: [10ec:8136] type 00 class 0x020000
[    0.315587] pci 0000:01:00.0: reg 0x10: [io  0x2000-0x20ff]
[    0.315709] pci 0000:01:00.0: reg 0x18: [mem 0xc0404000-0xc0404fff 64bit pref]
[    0.315788] pci 0000:01:00.0: reg 0x20: [mem 0xc0400000-0xc0403fff 64bit pref]
[    0.316213] pci 0000:01:00.0: supports D1 D2
[    0.316215] pci 0000:01:00.0: PME# supported from D0 D1 D2 D3hot D3cold
[    0.323433] pci 0000:00:1c.0: PCI bridge to [bus 01]
[    0.323439] pci 0000:00:1c.0:   bridge window [io  0x2000-0x2fff]
[    0.323449] pci 0000:00:1c.0:   bridge window [mem 0xc0400000-0xc04fffff 64bit pref]
[    0.323598] pci 0000:02:00.0: [8086:0887] type 00 class 0x028000
[    0.323663] pci 0000:02:00.0: reg 0x10: [mem 0xc0500000-0xc0501fff 64bit]
[    0.323948] pci 0000:02:00.0: PME# supported from D0 D3hot D3cold
[    0.331452] pci 0000:00:1c.1: PCI bridge to [bus 02]
[    0.331460] pci 0000:00:1c.1:   bridge window [mem 0xc0500000-0xc05fffff]
[    0.403747] ACPI: PCI Interrupt Link [LNKA] (IRQs 1 3 4 5 6 10 11 12 14 15) *7
[    0.403814] ACPI: PCI Interrupt Link [LNKB] (IRQs 1 3 4 5 6 10 *11 12 14 15)
[    0.403876] ACPI: PCI Interrupt Link [LNKC] (IRQs 1 3 4 5 6 10 11 12 14 15) *0, disabled.
[    0.403938] ACPI: PCI Interrupt Link [LNKD] (IRQs 1 3 4 5 6 *10 11 12 14 15)
[    0.403999] ACPI: PCI Interrupt Link [LNKE] (IRQs 1 3 4 5 6 10 11 12 14 15) *0, disabled.
[    0.404061] ACPI: PCI Interrupt Link [LNKF] (IRQs 1 3 4 5 6 10 11 12 14 15) *7
[    0.404125] ACPI: PCI Interrupt Link [LNKG] (IRQs 1 3 4 5 6 *10 11 12 14 15)
[    0.404186] ACPI: PCI Interrupt Link [LNKH] (IRQs 1 3 4 5 6 10 *11 12 14 15)
[    0.404346] ACPI: Enabled 5 GPEs in block 00 to 3F
[    0.404396] ACPI : EC: GPE = 0x17, I/O: command/status = 0x66, data = 0x62
[    0.404518] vgaarb: setting as boot device: PCI:0000:00:02.0
[    0.404521] vgaarb: device added: PCI:0000:00:02.0,decodes=io+mem,owns=io+mem,locks=none
[    0.404524] vgaarb: loaded
[    0.404526] vgaarb: bridge control possible 0000:00:02.0
[    0.404848] SCSI subsystem initialized
[    0.404910] libata version 3.00 loaded.
[    0.404943] ACPI: bus type USB registered
[    0.404965] usbcore: registered new interface driver usbfs
[    0.404981] usbcore: registered new interface driver hub
[    0.405009] usbcore: registered new device driver usb
[    0.405198] PCI: Using ACPI for IRQ routing
[    0.412876] PCI: pci_cache_line_size set to 64 bytes
[    0.412986] e820: reserve RAM buffer [mem 0x0009d400-0x0009ffff]
[    0.412988] e820: reserve RAM buffer [mem 0x40004000-0x43ffffff]
[    0.412990] e820: reserve RAM buffer [mem 0x9ffb0000-0x9fffffff]
[    0.412992] e820: reserve RAM buffer [mem 0xaa3bf000-0xabffffff]
[    0.412994] e820: reserve RAM buffer [mem 0xab000000-0xabffffff]
[    0.412996] e820: reserve RAM buffer [mem 0x1cf600000-0x1cfffffff]
[    0.413136] NetLabel: Initializing
[    0.413138] NetLabel:  domain hash size = 128
[    0.413139] NetLabel:  protocols = UNLABELED CIPSOv4
[    0.413154] NetLabel:  unlabeled traffic allowed by default
[    0.413240] hpet0: at MMIO 0xfed00000, IRQs 2, 8, 0, 0, 0, 0, 0, 0
[    0.413248] hpet0: 8 comparators, 64-bit 14.318180 MHz counter
[    0.415295] Switched to clocksource hpet
[    0.422539] AppArmor: AppArmor Filesystem Enabled
[    0.422625] pnp: PnP ACPI init
[    0.422779] system 00:00: [io  0x0680-0x069f] has been reserved
[    0.422783] system 00:00: [io  0x1000-0x100f] has been reserved
[    0.422785] system 00:00: [io  0xffff] has been reserved
[    0.422787] system 00:00: [io  0xffff] has been reserved
[    0.422790] system 00:00: [io  0x0400-0x0453] could not be reserved
[    0.422793] system 00:00: [io  0x0458-0x047f] has been reserved
[    0.422795] system 00:00: [io  0x0500-0x057f] has been reserved
[    0.422797] system 00:00: [io  0x164e-0x164f] has been reserved
[    0.422800] system 00:00: [io  0xfd60-0xfd63] has been reserved
[    0.422804] system 00:00: Plug and Play ACPI device, IDs PNP0c02 (active)
[    0.422852] pnp 00:01: Plug and Play ACPI device, IDs PNP0b00 (active)
[    0.422916] system 00:02: [io  0x0454-0x0457] has been reserved
[    0.422920] system 00:02: Plug and Play ACPI device, IDs INT3f0d PNP0c02 (active)
[    0.422966] pnp 00:03: Plug and Play ACPI device, IDs PNP0303 (active)
[    0.423007] pnp 00:04: Plug and Play ACPI device, IDs DLL0599 PNP0f13 (active)
[    0.491536] system 00:05: [mem 0xfed1c000-0xfed1ffff] has been reserved
[    0.491539] system 00:05: [mem 0xfed10000-0xfed17fff] has been reserved
[    0.491542] system 00:05: [mem 0xfed18000-0xfed18fff] has been reserved
[    0.491544] system 00:05: [mem 0xfed19000-0xfed19fff] has been reserved
[    0.491547] system 00:05: [mem 0xe0000000-0xefffffff] has been reserved
[    0.491549] system 00:05: [mem 0xfed20000-0xfed3ffff] has been reserved
[    0.491552] system 00:05: [mem 0xfed90000-0xfed93fff] could not be reserved
[    0.491554] system 00:05: [mem 0xff000000-0xff000fff] has been reserved
[    0.491557] system 00:05: [mem 0xff010000-0xffffffff] could not be reserved
[    0.491559] system 00:05: [mem 0xfee00000-0xfeefffff] could not be reserved
[    0.491562] system 00:05: [mem 0xafa00000-0xafa00fff] has been reserved
[    0.491565] system 00:05: Plug and Play ACPI device, IDs PNP0c02 (active)
[    0.491888] system 00:06: [mem 0x20000000-0x201fffff] has been reserved
[    0.491891] system 00:06: [mem 0x40004000-0x40004fff] has been reserved
[    0.491894] system 00:06: Plug and Play ACPI device, IDs PNP0c01 (active)
[    0.491918] pnp: PnP ACPI: found 7 devices
[    0.498841] pci 0000:00:1c.0: PCI bridge to [bus 01]
[    0.498847] pci 0000:00:1c.0:   bridge window [io  0x2000-0x2fff]
[    0.498859] pci 0000:00:1c.0:   bridge window [mem 0xc0400000-0xc04fffff 64bit pref]
[    0.498867] pci 0000:00:1c.1: PCI bridge to [bus 02]
[    0.498873] pci 0000:00:1c.1:   bridge window [mem 0xc0500000-0xc05fffff]
[    0.498887] pci_bus 0000:00: resource 4 [io  0x0000-0x0cf7]
[    0.498889] pci_bus 0000:00: resource 5 [io  0x0d00-0xffff]
[    0.498892] pci_bus 0000:00: resource 6 [mem 0x000a0000-0x000bffff]
[    0.498894] pci_bus 0000:00: resource 7 [mem 0xafa00000-0xfeafffff]
[    0.498897] pci_bus 0000:01: resource 0 [io  0x2000-0x2fff]
[    0.498899] pci_bus 0000:01: resource 2 [mem 0xc0400000-0xc04fffff 64bit pref]
[    0.498902] pci_bus 0000:02: resource 1 [mem 0xc0500000-0xc05fffff]
[    0.498937] NET: Registered protocol family 2
[    0.499180] TCP established hash table entries: 65536 (order: 7, 524288 bytes)
[    0.499405] TCP bind hash table entries: 65536 (order: 8, 1048576 bytes)
[    0.499553] TCP: Hash tables configured (established 65536 bind 65536)
[    0.499574] TCP: reno registered
[    0.499589] UDP hash table entries: 4096 (order: 5, 131072 bytes)
[    0.499629] UDP-Lite hash table entries: 4096 (order: 5, 131072 bytes)
[    0.499714] NET: Registered protocol family 1
[    0.499734] pci 0000:00:02.0: Video device with shadowed ROM
[    0.887683] PCI: CLS 64 bytes, default 64
[    0.887755] Trying to unpack rootfs image as initramfs...
[    1.579640] Freeing initrd memory: 31024K (ffff880034358000 - ffff8800361a4000)
[    1.579695] PCI-DMA: Using software bounce buffering for IO (SWIOTLB)
[    1.579699] software IO TLB [mem 0xa63bf000-0xaa3bf000] (64MB) mapped at [ffff8800a63bf000-ffff8800aa3befff]
[    1.579748] Simple Boot Flag at 0x44 set to 0x1
[    1.579977] RAPL PMU detected, hw unit 2^-16 Joules, API unit is 2^-32 Joules, 3 fixed counters 163840 ms ovfl timer
[    1.580094] microcode: CPU0 sig=0x306a9, pf=0x10, revision=0x15
[    1.580104] microcode: CPU1 sig=0x306a9, pf=0x10, revision=0x15
[    1.580116] microcode: CPU2 sig=0x306a9, pf=0x10, revision=0x15
[    1.580127] microcode: CPU3 sig=0x306a9, pf=0x10, revision=0x15
[    1.580194] microcode: Microcode Update Driver: v2.00 <tigran@aivazian.fsnet.co.uk>, Peter Oruba
[    1.580232] Scanning for low memory corruption every 60 seconds
[    1.580688] futex hash table entries: 2048 (order: 5, 131072 bytes)
[    1.580717] Initialise system trusted keyring
[    1.580747] audit: initializing netlink subsys (disabled)
[    1.580764] audit: type=2000 audit(1448723711.564:1): initialized
[    1.581257] HugeTLB registered 2 MB page size, pre-allocated 0 pages
[    1.583283] zpool: loaded
[    1.583288] zbud: loaded
[    1.583499] VFS: Disk quotas dquot_6.5.2
[    1.583548] VFS: Dquot-cache hash table entries: 512 (order 0, 4096 bytes)
[    1.584173] fuse init (API version 7.23)
[    1.584365] Key type big_key registered
[    1.584841] Key type asymmetric registered
[    1.584845] Asymmetric key parser 'x509' registered
[    1.584893] Block layer SCSI generic (bsg) driver version 0.4 loaded (major 252)
[    1.584945] io scheduler noop registered
[    1.584949] io scheduler deadline registered (default)
[    1.584990] io scheduler cfq registered
[    1.585431] pci_hotplug: PCI Hot Plug PCI Core version: 0.5
[    1.585455] pciehp: PCI Express Hot Plug Controller Driver version: 0.4
[    1.585497] vesafb: mode is 1366x768x32, linelength=5504, pages=0
[    1.585498] vesafb: scrolling: redraw
[    1.585501] vesafb: Truecolor: size=8:8:8:8, shift=24:16:8:0
[    1.585509] mtrr: no more MTRRs available
[    1.585528] vesafb: framebuffer at 0xb0000000, mapped to 0xffffc90010f00000, using 4160k, total 4160k
[    1.585636] Console: switching to colour frame buffer device 170x48
[    1.585659] fb0: VESA VGA frame buffer device
[    1.585684] intel_idle: MWAIT substates: 0x21120
[    1.585685] intel_idle: v0.4 model 0x3A
[    1.585687] intel_idle: lapic_timer_reliable_states 0xffffffff
[    1.586003] ACPI: AC Adapter [ACAD] (off-line)
[    1.586132] input: Power Button as /devices/LNXSYSTM:00/LNXSYBUS:00/PNP0A08:00/device:01/PNP0C0C:00/input/input0
[    1.586137] ACPI: Power Button [PWRB]
[    1.586196] input: Lid Switch as /devices/LNXSYSTM:00/LNXSYBUS:00/PNP0C0D:00/input/input1
[    1.586219] ACPI: Lid Switch [LID0]
[    1.586268] input: Power Button as /devices/LNXSYSTM:00/LNXPWRBN:00/input/input2
[    1.586271] ACPI: Power Button [PWRF]
[    1.586642] GHES: HEST is not enabled!
[    1.586765] Serial: 8250/16550 driver, 32 ports, IRQ sharing enabled
[    1.824138] ACPI: Battery Slot [BAT1] (battery present)
[    1.824376] Linux agpgart interface v0.103
[    1.826399] brd: module loaded
[    1.827267] loop: module loaded
[    1.827550] libphy: Fixed MDIO Bus: probed
[    1.827554] tun: Universal TUN/TAP device driver, 1.6
[    1.827555] tun: (C) 1999-2004 Max Krasnyansky <maxk@qualcomm.com>
[    1.827619] PPP generic driver version 2.4.2
[    1.827871] xhci_hcd 0000:00:14.0: xHCI Host Controller
[    1.827879] xhci_hcd 0000:00:14.0: new USB bus registered, assigned bus number 1
[    1.828004] xhci_hcd 0000:00:14.0: cache line size of 64 is not supported
[    1.828114] usb usb1: New USB device found, idVendor=1d6b, idProduct=0002
[    1.828116] usb usb1: New USB device strings: Mfr=3, Product=2, SerialNumber=1
[    1.828119] usb usb1: Product: xHCI Host Controller
[    1.828121] usb usb1: Manufacturer: Linux 3.19.0-31-generic xhci-hcd
[    1.828123] usb usb1: SerialNumber: 0000:00:14.0
[    1.828276] hub 1-0:1.0: USB hub found
[    1.828288] hub 1-0:1.0: 4 ports detected
[    1.828716] xhci_hcd 0000:00:14.0: xHCI Host Controller
[    1.828721] xhci_hcd 0000:00:14.0: new USB bus registered, assigned bus number 2
[    1.828765] usb usb2: New USB device found, idVendor=1d6b, idProduct=0003
[    1.828767] usb usb2: New USB device strings: Mfr=3, Product=2, SerialNumber=1
[    1.828769] usb usb2: Product: xHCI Host Controller
[    1.828771] usb usb2: Manufacturer: Linux 3.19.0-31-generic xhci-hcd
[    1.828773] usb usb2: SerialNumber: 0000:00:14.0
[    1.828915] hub 2-0:1.0: USB hub found
[    1.828926] hub 2-0:1.0: 4 ports detected
[    1.829346] ehci_hcd: USB 2.0 'Enhanced' Host Controller (EHCI) Driver
[    1.829353] ehci-pci: EHCI PCI platform driver
[    1.829476] ehci-pci 0000:00:1a.0: EHCI Host Controller
[    1.829482] ehci-pci 0000:00:1a.0: new USB bus registered, assigned bus number 3
[    1.829499] ehci-pci 0000:00:1a.0: debug port 2
[    1.833410] ehci-pci 0000:00:1a.0: cache line size of 64 is not supported
[    1.833427] ehci-pci 0000:00:1a.0: irq 16, io mem 0xc0619000
[    1.843974] ehci-pci 0000:00:1a.0: USB 2.0 started, EHCI 1.00
[    1.844024] usb usb3: New USB device found, idVendor=1d6b, idProduct=0002
[    1.844026] usb usb3: New USB device strings: Mfr=3, Product=2, SerialNumber=1
[    1.844028] usb usb3: Product: EHCI Host Controller
[    1.844030] usb usb3: Manufacturer: Linux 3.19.0-31-generic ehci_hcd
[    1.844032] usb usb3: SerialNumber: 0000:00:1a.0
[    1.844183] hub 3-0:1.0: USB hub found
[    1.844192] hub 3-0:1.0: 2 ports detected
[    1.844430] ehci-pci 0000:00:1d.0: EHCI Host Controller
[    1.844437] ehci-pci 0000:00:1d.0: new USB bus registered, assigned bus number 4
[    1.844453] ehci-pci 0000:00:1d.0: debug port 2
[    1.848372] ehci-pci 0000:00:1d.0: cache line size of 64 is not supported
[    1.848390] ehci-pci 0000:00:1d.0: irq 23, io mem 0xc0618000
[    1.859980] ehci-pci 0000:00:1d.0: USB 2.0 started, EHCI 1.00
[    1.860037] usb usb4: New USB device found, idVendor=1d6b, idProduct=0002
[    1.860039] usb usb4: New USB device strings: Mfr=3, Product=2, SerialNumber=1
[    1.860041] usb usb4: Product: EHCI Host Controller
[    1.860043] usb usb4: Manufacturer: Linux 3.19.0-31-generic ehci_hcd
[    1.860045] usb usb4: SerialNumber: 0000:00:1d.0
[    1.860192] hub 4-0:1.0: USB hub found
[    1.860200] hub 4-0:1.0: 2 ports detected
[    1.860322] ehci-platform: EHCI generic platform driver
[    1.860336] ohci_hcd: USB 1.1 'Open' Host Controller (OHCI) Driver
[    1.860342] ohci-pci: OHCI PCI platform driver
[    1.860355] ohci-platform: OHCI generic platform driver
[    1.860365] uhci_hcd: USB Universal Host Controller Interface driver
[    1.860433] i8042: PNP: PS/2 Controller [PNP0303:PS2K,PNP0f13:PS2M] at 0x60,0x64 irq 1,12
[    1.877010] serio: i8042 KBD port at 0x60,0x64 irq 1
[    1.877016] serio: i8042 AUX port at 0x60,0x64 irq 12
[    1.877189] mousedev: PS/2 mouse device common for all mice
[    1.877430] rtc_cmos 00:01: RTC can wake from S4
[    1.877577] rtc_cmos 00:01: rtc core: registered rtc_cmos as rtc0
[    1.877609] rtc_cmos 00:01: alarms up to one month, 242 bytes nvram, hpet irqs
[    1.877620] i2c /dev entries driver
[    1.877705] device-mapper: uevent: version 1.0.3
[    1.877801] device-mapper: ioctl: 4.29.0-ioctl (2014-10-28) initialised: dm-devel@redhat.com
[    1.877824] Intel P-state driver initializing.
[    1.877979] Consider also installing thermald for improved thermal control.
[    1.877986] ledtrig-cpu: registered to indicate activity on CPUs
[    1.878252] PCCT header not found.
[    1.878254] ACPI PCC probe failed.
[    1.878339] TCP: cubic registered
[    1.878424] NET: Registered protocol family 10
[    1.878692] NET: Registered protocol family 17
[    1.878704] Key type dns_resolver registered
[    1.879007] Loading compiled-in X.509 certificates
[    1.879833] Loaded X.509 cert 'Magrathea: Glacier signing key: 64743f490dd07d3934c763fc5fd31bd224b71520'
[    1.879853] registered taskstats version 1
[    1.881784] Key type trusted registered
[    1.885787] Key type encrypted registered
[    1.885796] AppArmor: AppArmor sha1 policy hashing enabled
[    1.885801] ima: No TPM chip found, activating TPM-bypass!
[    1.885861] evm: HMAC attrs: 0x1
[    1.886584]   Magic number: 7:446:286
[    1.886605] ppp ppp: hash matches
[    1.886756] rtc_cmos 00:01: setting system clock to 2015-11-28 15:15:11 UTC (1448723711)
[    1.886925] BIOS EDD facility v0.16 2004-Jun-25, 0 devices found
[    1.886929] EDD information not available.
[    1.887154] PM: Hibernation image not present or could not be loaded.
[    1.887667] Freeing unused kernel memory: 1408K (ffffffff81d27000 - ffffffff81e87000)
[    1.887671] Write protecting the kernel read-only data: 12288k
[    1.888107] Freeing unused kernel memory: 260K (ffff8800017bf000 - ffff880001800000)
[    1.888199] Freeing unused kernel memory: 340K (ffff880001bab000 - ffff880001c00000)
[    1.892996] input: AT Translated Set 2 keyboard as /devices/platform/i8042/serio0/input/input3
[    1.898807] systemd-udevd[119]: starting version 204
[    1.917594] wmi: Mapper loaded
[    1.922166] r8169 Gigabit Ethernet driver 2.3LK-NAPI loaded
[    1.922176] r8169 0000:01:00.0: can't disable ASPM; OS doesn't have ASPM control
[    1.922621] r8169 0000:01:00.0 eth0: RTL8105e at 0xffffc90010c90000, d4:be:d9:87:5c:97, XID 00c00000 IRQ 27
[    1.923853] [drm] Initialized drm 1.1.0 20060810
[    1.923857] ahci 0000:00:1f.2: version 3.0
[    1.940782] ahci 0000:00:1f.2: AHCI 0001.0300 32 slots 6 ports 6 Gbps 0x5 impl SATA mode
[    1.940788] ahci 0000:00:1f.2: flags: 64bit ncq pm led clo pio slum part ems apst 
[    1.948670] AVX version of gcm_enc/dec engaged.
[    1.948673] AES CTR mode by8 optimization enabled
[    1.952332] scsi host0: ahci
[    1.952821] scsi host1: ahci
[    1.953083] scsi host2: ahci
[    1.953306] scsi host3: ahci
[    1.953530] scsi host4: ahci
[    1.953677] scsi host5: ahci
[    1.953752] ata1: SATA max UDMA/133 abar m2048@0xc0617000 port 0xc0617100 irq 28
[    1.953755] ata2: DUMMY
[    1.953758] ata3: SATA max UDMA/133 abar m2048@0xc0617000 port 0xc0617200 irq 28
[    1.953760] ata4: DUMMY
[    1.953762] ata5: DUMMY
[    1.953763] ata6: DUMMY
[    1.956084] [drm] Memory usable by graphics device = 2048M
[    1.956090] checking generic (b0000000 410000) vs hw (b0000000 10000000)
[    1.956092] fb: switching to inteldrmfb from VESA VGA
[    1.956117] Console: switching to colour dummy device 80x25
[    1.956884] [drm] Replacing VGA console driver
[    1.980083] [drm] Supports vblank timestamp caching Rev 2 (21.10.2013).
[    1.980086] [drm] Driver supports precise vblank timestamp query.
[    1.980182] vgaarb: device changed decodes: PCI:0000:00:02.0,olddecodes=io+mem,decodes=io+mem:owns=io+mem
[    2.005064] ACPI: Video Device [GFX0] (multi-head: yes  rom: no  post: no)
[    2.005159] input: Video Bus as /devices/LNXSYSTM:00/LNXSYBUS:00/PNP0A08:00/LNXVIDEO:01/input/input6
[    2.005270] [drm] Initialized i915 1.6.0 20141121 for 0000:00:02.0 on minor 0
[    2.076164] [drm] GMBUS [i915 gmbus vga] timed out, falling back to bit banging on pin 2
[    2.093330] fbcon: inteldrmfb (fb0) is primary device
[    2.093352] Console: switching to colour frame buffer device 170x48
[    2.093371] i915 0000:00:02.0: fb0: inteldrmfb frame buffer device
[    2.093373] i915 0000:00:02.0: registered panic notifier
[    2.148223] usb 1-1: new full-speed USB device number 2 using xhci_hcd
[    2.156209] usb 3-1: new high-speed USB device number 2 using ehci-pci
[    2.172236] usb 4-1: new high-speed USB device number 2 using ehci-pci
[    2.272282] ata3: SATA link up 1.5 Gbps (SStatus 113 SControl 300)
[    2.278815] ata3.00: ATAPI: TSSTcorp DVD+/-RW SU-208BB, D300, max UDMA/100
[    2.280226] ata1: SATA link up 3.0 Gbps (SStatus 123 SControl 300)
[    2.281969] usb 1-1: New USB device found, idVendor=045e, idProduct=0745
[    2.281973] usb 1-1: New USB device strings: Mfr=1, Product=2, SerialNumber=0
[    2.281975] usb 1-1: Product: Microsoft\xffffffc2\xffffffae\xffffffae Nano Transceiver v2.0
[    2.281977] usb 1-1: Manufacturer: Microsoft
[    2.285337] hidraw: raw HID events driver (C) Jiri Kosina
[    2.286715] ata3.00: configured for UDMA/100
[    2.289438] usb 3-1: New USB device found, idVendor=8087, idProduct=0024
[    2.289441] usb 3-1: New USB device strings: Mfr=0, Product=0, SerialNumber=0
[    2.289732] hub 3-1:1.0: USB hub found
[    2.289815] hub 3-1:1.0: 6 ports detected
[    2.299111] usbcore: registered new interface driver usbhid
[    2.299114] usbhid: USB HID core driver
[    2.300899] input: Microsoft Microsoft\xffffffc2\xffffffae\xffffffae Nano Transceiver v2.0 as /devices/pci0000:00/0000:00:14.0/usb1/1-1/1-1:1.0/0003:045E:0745.0001/input/input7
[    2.304731] usb 4-1: New USB device found, idVendor=8087, idProduct=0024
[    2.304734] usb 4-1: New USB device strings: Mfr=0, Product=0, SerialNumber=0
[    2.305020] hub 4-1:1.0: USB hub found
[    2.305208] hub 4-1:1.0: 6 ports detected
[    2.308440] ata1.00: ATA-8: ST500LT012-9WS142, 0001SDM1, max UDMA/133
[    2.308449] ata1.00: 976773168 sectors, multi 16: LBA48 NCQ (depth 31/32)
[    2.355531] ata1.00: configured for UDMA/133
[    2.355780] scsi 0:0:0:0: Direct-Access     ATA      ST500LT012-9WS14 SDM1 PQ: 0 ANSI: 5
[    2.356160] sd 0:0:0:0: [sda] 976773168 512-byte logical blocks: (500 GB/465 GiB)
[    2.356164] sd 0:0:0:0: [sda] 4096-byte physical blocks
[    2.356216] sd 0:0:0:0: Attached scsi generic sg0 type 0
[    2.356281] sd 0:0:0:0: [sda] Write Protect is off
[    2.356285] sd 0:0:0:0: [sda] Mode Sense: 00 3a 00 00
[    2.356316] sd 0:0:0:0: [sda] Write cache: enabled, read cache: enabled, doesn't support DPO or FUA
[    2.356333] hid-generic 0003:045E:0745.0001: input,hidraw0: USB HID v1.11 Keyboard [Microsoft Microsoft\xffffffc2\xffffffae\xffffffae Nano Transceiver v2.0] on usb-0000:00:14.0-1/input0
[    2.356729] input: Microsoft Microsoft\xffffffc2\xffffffae\xffffffae Nano Transceiver v2.0 as /devices/pci0000:00/0000:00:14.0/usb1/1-1/1-1:1.1/0003:045E:0745.0002/input/input8
[    2.358994] scsi 2:0:0:0: CD-ROM            TSSTcorp DVD+-RW SU-208BB D300 PQ: 0 ANSI: 5
[    2.370765]  sda: sda1 sda2 < sda5 >
[    2.371522] sd 0:0:0:0: [sda] Attached SCSI disk
[    2.384708] sr 2:0:0:0: [sr0] scsi3-mmc drive: 24x/24x writer dvd-ram cd/rw xa/form2 cdda tray
[    2.384712] cdrom: Uniform CD-ROM driver Revision: 3.20
[    2.384944] sr 2:0:0:0: Attached scsi CD-ROM sr0
[    2.385091] sr 2:0:0:0: Attached scsi generic sg1 type 5
[    2.412730] hid-generic 0003:045E:0745.0002: input,hidraw1: USB HID v1.11 Mouse [Microsoft Microsoft\xffffffc2\xffffffae\xffffffae Nano Transceiver v2.0] on usb-0000:00:14.0-1/input1
[    2.422745] input: Microsoft Microsoft\xffffffc2\xffffffae\xffffffae Nano Transceiver v2.0 as /devices/pci0000:00/0000:00:14.0/usb1/1-1/1-1:1.2/0003:045E:0745.0003/input/input9
[    2.476626] hid-generic 0003:045E:0745.0003: input,hiddev0,hidraw2: USB HID v1.11 Device [Microsoft Microsoft\xffffffc2\xffffffae\xffffffae Nano Transceiver v2.0] on usb-0000:00:14.0-1/input2
[    2.560349] usb 3-1.1: new full-speed USB device number 3 using ehci-pci
[    2.576345] tsc: Refined TSC clocksource calibration: 1696.146 MHz
[    2.629681] psmouse serio1: synaptics: queried max coordinates: x [..5674], y [..4754]
[    2.656999] usb 3-1.1: New USB device found, idVendor=8087, idProduct=07da
[    2.657002] usb 3-1.1: New USB device strings: Mfr=0, Product=0, SerialNumber=0
[    2.684373] psmouse serio1: synaptics: queried min coordinates: x [1268..], y [1098..]
[    2.728423] usb 3-1.3: new high-speed USB device number 4 using ehci-pci
[    2.788321] psmouse serio1: synaptics: Touchpad model: 1, fw: 8.1, id: 0x1e2b1, caps: 0xd00123/0x840300/0x26c00, board id: 2382, fw id: 1238635
[    2.821331] usb 3-1.3: New USB device found, idVendor=0bda, idProduct=0129
[    2.821335] usb 3-1.3: New USB device strings: Mfr=1, Product=2, SerialNumber=3
[    2.821337] usb 3-1.3: Product: USB2.0-CRW
[    2.821338] usb 3-1.3: Manufacturer: Generic
[    2.821339] usb 3-1.3: SerialNumber: 20100201396000000
[    2.826059] usbcore: registered new interface driver rtsx_usb
[    2.853715] input: SynPS/2 Synaptics TouchPad as /devices/platform/i8042/serio1/input/input5
[    2.892520] usb 3-1.4: new high-speed USB device number 5 using ehci-pci
[    2.967840] [drm:intel_set_pch_fifo_underrun_reporting [i915]] *ERROR* uncleared pch fifo underrun on pch transcoder A
[    2.967855] [drm:intel_pch_fifo_underrun_irq_handler [i915]] *ERROR* PCH transcoder A FIFO underrun
[    3.041662] usb 3-1.4: New USB device found, idVendor=0bda, idProduct=58c2
[    3.041666] usb 3-1.4: New USB device strings: Mfr=3, Product=1, SerialNumber=2
[    3.041668] usb 3-1.4: Product: Laptop_Integrated_Webcam_HD
[    3.041670] usb 3-1.4: Manufacturer: CNFCH41F301030002430
[    3.041671] usb 3-1.4: SerialNumber: 0x0001
[    3.576858] Switched to clocksource tsc
[    8.498756] random: nonblocking pool is initialized
[   19.040433] EXT4-fs (dm-1): INFO: recovery required on readonly filesystem
[   19.040437] EXT4-fs (dm-1): write access will be enabled during recovery
[   21.395005] EXT4-fs (dm-1): orphan cleanup on readonly fs
[   21.451751] EXT4-fs (dm-1): 15 orphan inodes deleted
[   21.451755] EXT4-fs (dm-1): recovery complete
[   21.675360] EXT4-fs (dm-1): mounted filesystem with ordered data mode. Opts: (null)
[   33.164284] Adding 6160380k swap on /dev/mapper/ubuntu--vg-swap_1.  Priority:-1 extents:1 across:6160380k FS
[   33.243215] systemd-udevd[449]: starting version 204
[   33.440332] lp: driver loaded but no devices found
[   33.444968] ppdev: user-space parallel port driver
[   33.536701] shpchp: Standard Hot Plug PCI Controller Driver version: 0.4
[   33.553431] Bluetooth: Core ver 2.20
[   33.553449] NET: Registered protocol family 31
[   33.553451] Bluetooth: HCI device and connection manager initialized
[   33.553455] Bluetooth: HCI socket layer initialized
[   33.553458] Bluetooth: L2CAP socket layer initialized
[   33.553470] Bluetooth: SCO socket layer initialized
[   33.561465] ACPI Warning: SystemIO range 0x0000000000000428-0x000000000000042f conflicts with OpRegion 0x0000000000000400-0x000000000000047f (\PMIO) (20141107/utaddress-258)
[   33.561473] ACPI: If an ACPI driver is available for this device, you should use it instead of the native driver
[   33.561478] ACPI Warning: SystemIO range 0x0000000000000540-0x000000000000054f conflicts with OpRegion 0x0000000000000500-0x0000000000000563 (\GPIO) (20141107/utaddress-258)
[   33.561482] ACPI: If an ACPI driver is available for this device, you should use it instead of the native driver
[   33.561484] ACPI Warning: SystemIO range 0x0000000000000530-0x000000000000053f conflicts with OpRegion 0x0000000000000500-0x0000000000000563 (\GPIO) (20141107/utaddress-258)
[   33.561488] ACPI: If an ACPI driver is available for this device, you should use it instead of the native driver
[   33.561490] ACPI Warning: SystemIO range 0x0000000000000500-0x000000000000052f conflicts with OpRegion 0x0000000000000500-0x0000000000000563 (\GPIO) (20141107/utaddress-258)
[   33.561494] ACPI: If an ACPI driver is available for this device, you should use it instead of the native driver
[   33.561496] lpc_ich: Resource conflict(s) found affecting gpio_ich
[   33.562808] usbcore: registered new interface driver btusb
[   33.570625] cfg80211: Calling CRDA to update world regulatory domain
[   33.576901] Intel(R) Wireless WiFi driver for Linux, in-tree:
[   33.576904] Copyright(c) 2003- 2014 Intel Corporation
[   33.577410] iwlwifi 0000:02:00.0: can't disable ASPM; OS doesn't have ASPM control
[   33.630099] intel_rapl: Found RAPL domain package
[   33.630104] intel_rapl: Found RAPL domain core
[   33.630106] intel_rapl: Found RAPL domain uncore
[   33.655697] dcdbas dcdbas: Dell Systems Management Base Driver (version 5.6.0-3.2)
[   33.683471] input: Dell WMI hotkeys as /devices/virtual/input/input10
[   33.772653] sound hdaudioC0D0: ALC3221: SKU not ready 0x598301f0
[   33.772955] sound hdaudioC0D0: autoconfig: line_outs=1 (0x14/0x0/0x0/0x0/0x0) type:speaker
[   33.772957] sound hdaudioC0D0:    speaker_outs=0 (0x0/0x0/0x0/0x0/0x0)
[   33.772959] sound hdaudioC0D0:    hp_outs=1 (0x21/0x0/0x0/0x0/0x0)
[   33.772960] sound hdaudioC0D0:    mono: mono_out=0x0
[   33.772961] sound hdaudioC0D0:    inputs:
[   33.772963] sound hdaudioC0D0:      Mic=0x19
[   33.772965] sound hdaudioC0D0:      Internal Mic=0x12
[   33.783799] input: HDA Intel PCH Mic as /devices/pci0000:00/0000:00:1b.0/sound/card0/input11
[   33.783866] input: HDA Intel PCH Front Headphone as /devices/pci0000:00/0000:00:1b.0/sound/card0/input12
[   33.783924] input: HDA Intel PCH HDMI/DP,pcm=3 as /devices/pci0000:00/0000:00:1b.0/sound/card0/input13
[   33.800683] EXT4-fs (dm-1): re-mounted. Opts: errors=remount-ro
[   33.802755] audit: type=1400 audit(1448723743.398:2): apparmor="STATUS" operation="profile_load" profile="unconfined" name="/sbin/dhclient" pid=567 comm="apparmor_parser"
[   33.802763] audit: type=1400 audit(1448723743.398:3): apparmor="STATUS" operation="profile_load" profile="unconfined" name="/usr/lib/NetworkManager/nm-dhcp-client.action" pid=567 comm="apparmor_parser"
[   33.802769] audit: type=1400 audit(1448723743.398:4): apparmor="STATUS" operation="profile_load" profile="unconfined" name="/usr/lib/connman/scripts/dhclient-script" pid=567 comm="apparmor_parser"
[   33.802778] audit: type=1400 audit(1448723743.398:5): apparmor="STATUS" operation="profile_replace" profile="unconfined" name="/sbin/dhclient" pid=568 comm="apparmor_parser"
[   33.802786] audit: type=1400 audit(1448723743.398:6): apparmor="STATUS" operation="profile_replace" profile="unconfined" name="/usr/lib/NetworkManager/nm-dhcp-client.action" pid=568 comm="apparmor_parser"
[   33.802791] audit: type=1400 audit(1448723743.398:7): apparmor="STATUS" operation="profile_replace" profile="unconfined" name="/usr/lib/connman/scripts/dhclient-script" pid=568 comm="apparmor_parser"
[   33.803343] audit: type=1400 audit(1448723743.398:8): apparmor="STATUS" operation="profile_replace" profile="unconfined" name="/usr/lib/NetworkManager/nm-dhcp-client.action" pid=567 comm="apparmor_parser"
[   33.803351] audit: type=1400 audit(1448723743.398:9): apparmor="STATUS" operation="profile_replace" profile="unconfined" name="/usr/lib/connman/scripts/dhclient-script" pid=567 comm="apparmor_parser"
[   33.803364] audit: type=1400 audit(1448723743.398:10): apparmor="STATUS" operation="profile_replace" profile="unconfined" name="/usr/lib/NetworkManager/nm-dhcp-client.action" pid=568 comm="apparmor_parser"
[   33.803370] audit: type=1400 audit(1448723743.398:11): apparmor="STATUS" operation="profile_replace" profile="unconfined" name="/usr/lib/connman/scripts/dhclient-script" pid=568 comm="apparmor_parser"
[   34.530641] iwlwifi 0000:02:00.0: loaded firmware version 18.168.6.1 op_mode iwldvm
[   34.545352] iwlwifi 0000:02:00.0: CONFIG_IWLWIFI_DEBUG disabled
[   34.545356] iwlwifi 0000:02:00.0: CONFIG_IWLWIFI_DEBUGFS enabled
[   34.545358] iwlwifi 0000:02:00.0: CONFIG_IWLWIFI_DEVICE_TRACING enabled
[   34.545360] iwlwifi 0000:02:00.0: Detected Intel(R) Centrino(R) Wireless-N 2230 BGN, REV=0xC8
[   34.545490] iwlwifi 0000:02:00.0: L1 Enabled - LTR Disabled
[   34.566309] ieee80211 phy0: Selected rate control algorithm 'iwl-agn-rs'
[   34.605161] cfg80211: World regulatory domain updated:
[   34.605165] cfg80211:  DFS Master region: unset
[   34.605167] cfg80211:   (start_freq - end_freq @ bandwidth), (max_antenna_gain, max_eirp), (dfs_cac_time)
[   34.605169] cfg80211:   (2402000 KHz - 2472000 KHz @ 40000 KHz), (300 mBi, 2000 mBm), (N/A)
[   34.605171] cfg80211:   (2457000 KHz - 2482000 KHz @ 40000 KHz), (300 mBi, 2000 mBm), (N/A)
[   34.605172] cfg80211:   (2474000 KHz - 2494000 KHz @ 20000 KHz), (300 mBi, 2000 mBm), (N/A)
[   34.605174] cfg80211:   (5170000 KHz - 5250000 KHz @ 40000 KHz), (300 mBi, 2000 mBm), (N/A)
[   34.605175] cfg80211:   (5735000 KHz - 5835000 KHz @ 40000 KHz), (300 mBi, 2000 mBm), (N/A)
[   34.769179] media: Linux media interface: v0.10
[   34.775304] Linux video capture interface: v2.00
[   34.785151] uvcvideo: Found UVC 1.00 device Laptop_Integrated_Webcam_HD (0bda:58c2)
[   34.790794] input: Laptop_Integrated_Webcam_HD as /devices/pci0000:00/0000:00:1a.0/usb3/3-1/3-1.4/3-1.4:1.0/input/input14
[   34.790863] usbcore: registered new interface driver uvcvideo
[   34.790865] USB Video Class driver (1.1.1)
[   37.071462] EXT4-fs (sda1): mounting ext2 file system using the ext4 subsystem
[   37.113792] EXT4-fs (sda1): mounted filesystem without journal. Opts: (null)
[   37.999781] init: Failed to spawn click-system-hooks main process: unable to execute: No such file or directory
[   38.033342] init: failsafe main process (821) killed by TERM signal
[   38.565867] init: cups main process (979) killed by HUP signal
[   38.565877] init: cups main process ended, respawning
[   38.587920] Bluetooth: RFCOMM TTY layer initialized
[   38.587928] Bluetooth: RFCOMM socket layer initialized
[   38.587933] Bluetooth: RFCOMM ver 1.11
[   38.593731] Bluetooth: BNEP (Ethernet Emulation) ver 1.3
[   38.593735] Bluetooth: BNEP filters: protocol multicast
[   38.593740] Bluetooth: BNEP socket layer initialized
[   38.834949] audit_printk_skb: 15 callbacks suppressed
[   38.834953] audit: type=1400 audit(1448723748.426:17): apparmor="STATUS" operation="profile_replace" profile="unconfined" name="/sbin/dhclient" pid=1096 comm="apparmor_parser"
[   38.834964] audit: type=1400 audit(1448723748.426:18): apparmor="STATUS" operation="profile_replace" profile="unconfined" name="/usr/lib/NetworkManager/nm-dhcp-client.action" pid=1096 comm="apparmor_parser"
[   38.834971] audit: type=1400 audit(1448723748.426:19): apparmor="STATUS" operation="profile_replace" profile="unconfined" name="/usr/lib/connman/scripts/dhclient-script" pid=1096 comm="apparmor_parser"
[   38.835529] audit: type=1400 audit(1448723748.426:20): apparmor="STATUS" operation="profile_replace" profile="unconfined" name="/usr/lib/NetworkManager/nm-dhcp-client.action" pid=1096 comm="apparmor_parser"
[   38.835537] audit: type=1400 audit(1448723748.426:21): apparmor="STATUS" operation="profile_replace" profile="unconfined" name="/usr/lib/connman/scripts/dhclient-script" pid=1096 comm="apparmor_parser"
[   38.835825] audit: type=1400 audit(1448723748.426:22): apparmor="STATUS" operation="profile_replace" profile="unconfined" name="/usr/lib/connman/scripts/dhclient-script" pid=1096 comm="apparmor_parser"
[   38.837625] audit: type=1400 audit(1448723748.430:23): apparmor="STATUS" operation="profile_load" profile="unconfined" name="/usr/lib/telepathy/mission-control-5" pid=1102 comm="apparmor_parser"
[   38.837636] audit: type=1400 audit(1448723748.430:24): apparmor="STATUS" operation="profile_load" profile="unconfined" name="/usr/lib/telepathy/telepathy-*" pid=1102 comm="apparmor_parser"
[   38.837643] audit: type=1400 audit(1448723748.430:25): apparmor="STATUS" operation="profile_load" profile="unconfined" name="pxgsettings" pid=1102 comm="apparmor_parser"
[   38.837649] audit: type=1400 audit(1448723748.430:26): apparmor="STATUS" operation="profile_load" profile="unconfined" name="sanitized_helper" pid=1102 comm="apparmor_parser"
[   40.973004] r8169 0000:01:00.0 eth0: link down
[   40.973041] IPv6: ADDRCONF(NETDEV_UP): eth0: link is not ready
[   40.974928] iwlwifi 0000:02:00.0: L1 Enabled - LTR Disabled
[   40.982435] iwlwifi 0000:02:00.0: Radio type=0x2-0x0-0x0
[   41.224962] iwlwifi 0000:02:00.0: L1 Enabled - LTR Disabled
[   41.232499] iwlwifi 0000:02:00.0: Radio type=0x2-0x0-0x0
[   41.288866] IPv6: ADDRCONF(NETDEV_UP): wlan0: link is not ready
[   41.920848] ip_tables: (C) 2000-2006 Netfilter Core Team
[   41.934493] ip6_tables: (C) 2000-2006 Netfilter Core Team
[   42.027493] wlan0: authenticate with 18:64:72:f4:9c:81
[   42.031175] wlan0: send auth to 18:64:72:f4:9c:81 (try 1/3)
[   42.033002] wlan0: authenticated
[   42.033135] wlan0: waiting for beacon from 18:64:72:f4:9c:81
[   42.361619] wlan0: authenticate with 18:64:72:f4:38:01
[   42.363647] wlan0: send auth to 18:64:72:f4:38:01 (try 1/3)
[   42.384394] wlan0: send auth to 18:64:72:f4:38:01 (try 2/3)
[   42.390923] wlan0: authenticated
[   42.391075] wlan0: waiting for beacon from 18:64:72:f4:38:01
[   42.414692] wlan0: associate with 18:64:72:f4:38:01 (try 1/3)
[   42.417110] wlan0: RX AssocResp from 18:64:72:f4:38:01 (capab=0x421 status=0 aid=1)
[   42.419579] wlan0: associated
[   42.419601] IPv6: ADDRCONF(NETDEV_CHANGE): wlan0: link becomes ready
[   43.314260] init: plymouth-upstart-bridge main process ended, respawning
[   43.322304] init: plymouth-upstart-bridge main process (1422) terminated with status 1
[   43.322320] init: plymouth-upstart-bridge main process ended, respawning
[   68.523540] audit_printk_skb: 123 callbacks suppressed
[   68.523543] audit: type=1400 audit(1448723780.934:68): apparmor="STATUS" operation="profile_replace" profile="unconfined" name="/usr/lib/cups/backend/cups-pdf" pid=2313 comm="apparmor_parser"
[   68.523551] audit: type=1400 audit(1448723780.934:69): apparmor="STATUS" operation="profile_replace" profile="unconfined" name="/usr/sbin/cupsd" pid=2313 comm="apparmor_parser"
[   68.523935] audit: type=1400 audit(1448723780.934:70): apparmor="STATUS" operation="profile_replace" profile="unconfined" name="/usr/sbin/cupsd" pid=2313 comm="apparmor_parser"
[  291.288487] usbcore: deregistering interface driver uvcvideo
[  300.326917] usbcam: module verification failed: signature and/or  required key missing - tainting kernel
[  300.327399] ===usbcam_init: registering usb device with usbcore
[  300.327506] usbcore: registered new interface driver usbcam
[  300.327512] ===usbcam_init: device registered with return value: 0
[  306.256330] usb 1-3: new high-speed USB device number 3 using xhci_hcd
[  306.572113] usb 1-3: New USB device found, idVendor=046d, idProduct=0994
[  306.572121] usb 1-3: New USB device strings: Mfr=0, Product=0, SerialNumber=2
[  306.572124] usb 1-3: SerialNumber: 7921D4E0
[  306.573417] ===usbcam_probe: Found proper Interface Subclass
[  306.573427] ===usbcam_probe: Done detecting Interface(s)
[  306.573719] ===usbcam_probe: Registered driver with USBCORE
[  306.573999] ===usbcam_probe: all good
[  306.574005] ===usbcam_init: Initializing URB status Semaphore
[  306.574008] ===usbcam_init: Initializing URB counter to 0
[  306.574141] usbcam: probe of 1-3:1.2 failed with error -1
[  306.574233] usbcam: probe of 1-3:1.3 failed with error -1
[  306.588524] media: Linux media interface: v0.10
[  306.595088] Linux video capture interface: v2.00
[  306.721230] uvcvideo: Found UVC 1.00 device Laptop_Integrated_Webcam_HD (0bda:58c2)
[  306.726997] input: Laptop_Integrated_Webcam_HD as /devices/pci0000:00/0000:00:1a.0/usb3/3-1/3-1.4/3-1.4:1.0/input/input15
[  306.728703] usbcore: registered new interface driver uvcvideo
[  306.728708] USB Video Class driver (1.1.1)
[  309.875555] usb 1-3: Warning! Unlikely big volume range (=3584), cval->res is probably wrong.
[  309.875567] usb 1-3: [5] FU [Mic Capture Volume] ch = 1, val = 1280/4864/1
[  309.876458] usbcore: registered new interface driver snd-usb-audio
[  429.912858] ===usbcam_open: Opening usbcam driver in READONLY MODE!
[  429.912978] ===usbcam_ioctl: Entering IOCTL_STREAMON
[  439.917855] ===usbcam_ioctl: Entering IOCTL_STREAMOFF
[  439.918098] ===usbcam_release: Releasing usbcam driver in from READONLY MODE!
