[    0.000000] Initializing cgroup subsys cpuset
[    0.000000] Initializing cgroup subsys cpu
[    0.000000] Initializing cgroup subsys cpuacct
[    0.000000] Linux version 3.19.0-31-generic (buildd@lgw01-21) (gcc version 4.8.2 (Ubuntu 4.8.2-19ubuntu1) ) #36~14.04.1-Ubuntu SMP Thu Oct 8 10:21:08 UTC 2015 (Ubuntu 3.19.0-31.36~14.04.1-generic 3.19.8-ckt7)
[    0.000000] Command line: BOOT_IMAGE=/vmlinuz-3.19.0-31-generic root=/dev/mapper/ubuntu--vg-root ro quiet splash vt.handoff=7
[    0.000000] KERNEL supported cpus:
[    0.000000]   Intel GenuineIntel
[    0.000000]   AMD AuthenticAMD
[    0.000000]   Centaur CentaurHauls
[    0.000000] e820: BIOS-provided physical RAM map:
[    0.000000] BIOS-e820: [mem 0x0000000000000000-0x000000000009d3ff] usable
[    0.000000] BIOS-e820: [mem 0x000000000009d400-0x000000000009ffff] reserved
[    0.000000] BIOS-e820: [mem 0x00000000000e0000-0x00000000000fffff] reserved
[    0.000000] BIOS-e820: [mem 0x0000000000100000-0x000000001fffffff] usable
[    0.000000] BIOS-e820: [mem 0x0000000020000000-0x00000000201fffff] reserved
[    0.000000] BIOS-e820: [mem 0x0000000020200000-0x0000000040003fff] usable
[    0.000000] BIOS-e820: [mem 0x0000000040004000-0x0000000040004fff] reserved
[    0.000000] BIOS-e820: [mem 0x0000000040005000-0x000000009ffaffff] usable
[    0.000000] BIOS-e820: [mem 0x000000009ffb0000-0x00000000a13affff] reserved
[    0.000000] BIOS-e820: [mem 0x00000000a13b0000-0x00000000aa3befff] usable
[    0.000000] BIOS-e820: [mem 0x00000000aa3bf000-0x00000000aaebefff] reserved
[    0.000000] BIOS-e820: [mem 0x00000000aaebf000-0x00000000aafbefff] ACPI NVS
[    0.000000] BIOS-e820: [mem 0x00000000aafbf000-0x00000000aaffefff] ACPI data
[    0.000000] BIOS-e820: [mem 0x00000000aafff000-0x00000000aaffffff] usable
[    0.000000] BIOS-e820: [mem 0x00000000ab000000-0x00000000af9fffff] reserved
[    0.000000] BIOS-e820: [mem 0x00000000e0000000-0x00000000efffffff] reserved
[    0.000000] BIOS-e820: [mem 0x00000000feb00000-0x00000000feb03fff] reserved
[    0.000000] BIOS-e820: [mem 0x00000000fec00000-0x00000000fec00fff] reserved
[    0.000000] BIOS-e820: [mem 0x00000000fed10000-0x00000000fed19fff] reserved
[    0.000000] BIOS-e820: [mem 0x00000000fed1c000-0x00000000fed1ffff] reserved
[    0.000000] BIOS-e820: [mem 0x00000000fee00000-0x00000000fee00fff] reserved
[    0.000000] BIOS-e820: [mem 0x00000000ffb80000-0x00000000ffffffff] reserved
[    0.000000] BIOS-e820: [mem 0x0000000100000000-0x00000001cf5fffff] usable
[    0.000000] NX (Execute Disable) protection: active
[    0.000000] SMBIOS 2.7 present.
[    0.000000] DMI: Dell Inc. Inspiron 5521/00F5CR, BIOS A03 10/24/2012
[    0.000000] e820: update [mem 0x00000000-0x00000fff] usable ==> reserved
[    0.000000] e820: remove [mem 0x000a0000-0x000fffff] usable
[    0.000000] AGP: No AGP bridge found
[    0.000000] e820: last_pfn = 0x1cf600 max_arch_pfn = 0x400000000
[    0.000000] MTRR default type: uncachable
[    0.000000] MTRR fixed ranges enabled:
[    0.000000]   00000-9FFFF write-back
[    0.000000]   A0000-BFFFF uncachable
[    0.000000]   C0000-E7FFF write-protect
[    0.000000]   E8000-EFFFF write-combining
[    0.000000]   F0000-FFFFF write-protect
[    0.000000] MTRR variable ranges enabled:
[    0.000000]   0 base 000000000 mask F80000000 write-back
[    0.000000]   1 base 080000000 mask FE0000000 write-back
[    0.000000]   2 base 0A0000000 mask FF8000000 write-back
[    0.000000]   3 base 0A8000000 mask FFE000000 write-back
[    0.000000]   4 base 0AA000000 mask FFF000000 write-back
[    0.000000]   5 base 0FFA00000 mask FFFE00000 write-protect
[    0.000000]   6 base 0FFC00000 mask FFFC00000 write-protect
[    0.000000]   7 base 100000000 mask F00000000 write-back
[    0.000000]   8 base 1CF600000 mask FFFE00000 uncachable
[    0.000000]   9 base 1CF800000 mask FFF800000 uncachable
[    0.000000] PAT configuration [0-7]: WB  WC  UC- UC  WB  WC  UC- UC  
[    0.000000] e820: last_pfn = 0xab000 max_arch_pfn = 0x400000000
[    0.000000] found SMP MP-table at [mem 0x000fe1b0-0x000fe1bf] mapped at [ffff8800000fe1b0]
[    0.000000] Scanning 1 areas for low memory corruption
[    0.000000] Base memory trampoline at [ffff880000097000] 97000 size 24576
[    0.000000] init_memory_mapping: [mem 0x00000000-0x000fffff]
[    0.000000]  [mem 0x00000000-0x000fffff] page 4k
[    0.000000] BRK [0x01fd4000, 0x01fd4fff] PGTABLE
[    0.000000] BRK [0x01fd5000, 0x01fd5fff] PGTABLE
[    0.000000] BRK [0x01fd6000, 0x01fd6fff] PGTABLE
[    0.000000] init_memory_mapping: [mem 0x1cf400000-0x1cf5fffff]
[    0.000000]  [mem 0x1cf400000-0x1cf5fffff] page 2M
[    0.000000] BRK [0x01fd7000, 0x01fd7fff] PGTABLE
[    0.000000] init_memory_mapping: [mem 0x1c0000000-0x1cf3fffff]
[    0.000000]  [mem 0x1c0000000-0x1cf3fffff] page 2M
[    0.000000] init_memory_mapping: [mem 0x1a0000000-0x1bfffffff]
[    0.000000]  [mem 0x1a0000000-0x1bfffffff] page 2M
[    0.000000] BRK [0x01fd8000, 0x01fd8fff] PGTABLE
[    0.000000] init_memory_mapping: [mem 0x00100000-0x1fffffff]
[    0.000000]  [mem 0x00100000-0x001fffff] page 4k
[    0.000000]  [mem 0x00200000-0x1fffffff] page 2M
[    0.000000] init_memory_mapping: [mem 0x20200000-0x40003fff]
[    0.000000]  [mem 0x20200000-0x3fffffff] page 2M
[    0.000000]  [mem 0x40000000-0x40003fff] page 4k
[    0.000000] BRK [0x01fd9000, 0x01fd9fff] PGTABLE
[    0.000000] init_memory_mapping: [mem 0x40005000-0x9ffaffff]
[    0.000000]  [mem 0x40005000-0x401fffff] page 4k
[    0.000000]  [mem 0x40200000-0x9fdfffff] page 2M
[    0.000000]  [mem 0x9fe00000-0x9ffaffff] page 4k
[    0.000000] init_memory_mapping: [mem 0xa13b0000-0xaa3befff]
[    0.000000]  [mem 0xa13b0000-0xa13fffff] page 4k
[    0.000000]  [mem 0xa1400000-0xaa1fffff] page 2M
[    0.000000]  [mem 0xaa200000-0xaa3befff] page 4k
[    0.000000] init_memory_mapping: [mem 0xaafff000-0xaaffffff]
[    0.000000]  [mem 0xaafff000-0xaaffffff] page 4k
[    0.000000] init_memory_mapping: [mem 0x100000000-0x19fffffff]
[    0.000000]  [mem 0x100000000-0x19fffffff] page 2M
[    0.000000] RAMDISK: [mem 0x34358000-0x361a3fff]
[    0.000000] ACPI: Early table checksum verification disabled
[    0.000000] ACPI: RSDP 0x00000000000FE020 000024 (v02 DELL  )
[    0.000000] ACPI: XSDT 0x00000000AAFFE210 0000AC (v01 DELL   CL09     00000001      01000013)
[    0.000000] ACPI: FACP 0x00000000AAFFA000 00010C (v05 DELL   CL09     00000001 ASL  00040000)
[    0.000000] ACPI: DSDT 0x00000000AAFED000 0092DA (v01 DELL   CL09     00000000 ASL  00040000)
[    0.000000] ACPI: FACS 0x00000000AAFB9000 000040
[    0.000000] ACPI: SLIC 0x00000000AAFFD000 000176 (v01 DELL   CL09     00000001 ASL  00040000)
[    0.000000] ACPI: UEFI 0x00000000AAFFC000 000236 (v01 DELL   CL09     00000001 ASL  00040000)
[    0.000000] ACPI: ASF! 0x00000000AAFFB000 0000A5 (v32 DELL   CL09     00000001 ASL  00040000)
[    0.000000] ACPI: HPET 0x00000000AAFF9000 000038 (v01 DELL   CL09     00000001 ASL  00040000)
[    0.000000] ACPI: APIC 0x00000000AAFF8000 00008C (v03 DELL   CL09     00000001 ASL  00040000)
[    0.000000] ACPI: MCFG 0x00000000AAFF7000 00003C (v01 DELL   CL09     00000001 ASL  00040000)
[    0.000000] ACPI: SLIC 0x00000000AAFEC000 000176 (v01 DELL   CL09     00000001 ASL  00040000)
[    0.000000] ACPI: SSDT 0x00000000AAFEB000 0006FE (v01 COMPAL CRV ORB  00001000 ACPI 00040000)
[    0.000000] ACPI: BOOT 0x00000000AAFE9000 000028 (v01 DELL   CL09     00000001 ASL  00040000)
[    0.000000] ACPI: ASPT 0x00000000AAFE7000 000034 (v07 DELL   CL09     00000001 ASL  00040000)
[    0.000000] ACPI: DBGP 0x00000000AAFE6000 000034 (v01 DELL   CL09     00000001 ASL  00040000)
[    0.000000] ACPI: FPDT 0x00000000AAFE4000 000044 (v01 DELL   CL09     00000001 ASL  00040000)
[    0.000000] ACPI: MSDM 0x00000000AAFE3000 000055 (v03 DELL   CL09     00000001 ASL  00040000)
[    0.000000] ACPI: SSDT 0x00000000AAFE2000 0008A2 (v01 COMPAL CRV ORB  00003000 ACPI 00040000)
[    0.000000] ACPI: SSDT 0x00000000AAFE1000 000A92 (v01 COMPAL CRV ORB  00003000 ACPI 00040000)
[    0.000000] ACPI: DMAR 0x00000000AAFE0000 0000B8 (v01 DELL   CL09     00000001 ASL  00040000)
[    0.000000] ACPI: Local APIC address 0xfee00000
[    0.000000] No NUMA configuration found
[    0.000000] Faking a node at [mem 0x0000000000000000-0x00000001cf5fffff]
[    0.000000] NODE_DATA(0) allocated [mem 0x1cf5f3000-0x1cf5f7fff]
[    0.000000]  [ffffea0000000000-ffffea00073fffff] PMD -> [ffff8801c8c00000-ffff8801cebfffff] on node 0
[    0.000000] Zone ranges:
[    0.000000]   DMA      [mem 0x00001000-0x00ffffff]
[    0.000000]   DMA32    [mem 0x01000000-0xffffffff]
[    0.000000]   Normal   [mem 0x100000000-0x1cf5fffff]
[    0.000000] Movable zone start for each node
[    0.000000] Early memory node ranges
[    0.000000]   node   0: [mem 0x00001000-0x0009cfff]
[    0.000000]   node   0: [mem 0x00100000-0x1fffffff]
[    0.000000]   node   0: [mem 0x20200000-0x40003fff]
[    0.000000]   node   0: [mem 0x40005000-0x9ffaffff]
[    0.000000]   node   0: [mem 0xa13b0000-0xaa3befff]
[    0.000000]   node   0: [mem 0xaafff000-0xaaffffff]
[    0.000000]   node   0: [mem 0x100000000-0x1cf5fffff]
[    0.000000] Initmem setup node 0 [mem 0x00001000-0x1cf5fffff]
[    0.000000] On node 0 totalpages: 1540955
[    0.000000]   DMA zone: 64 pages used for memmap
[    0.000000]   DMA zone: 21 pages reserved
[    0.000000]   DMA zone: 3996 pages, LIFO batch:0
[    0.000000]   DMA32 zone: 10743 pages used for memmap
[    0.000000]   DMA32 zone: 687551 pages, LIFO batch:31
[    0.000000]   Normal zone: 13272 pages used for memmap
[    0.000000]   Normal zone: 849408 pages, LIFO batch:31
[    0.000000] Reserving Intel graphics stolen memory at 0xaba00000-0xaf9fffff
[    0.000000] ACPI: PM-Timer IO Port: 0x408
[    0.000000] ACPI: Local APIC address 0xfee00000
[    0.000000] ACPI: LAPIC (acpi_id[0x01] lapic_id[0x00] enabled)
[    0.000000] ACPI: LAPIC (acpi_id[0x02] lapic_id[0x01] enabled)
[    0.000000] ACPI: LAPIC (acpi_id[0x03] lapic_id[0x02] enabled)
[    0.000000] ACPI: LAPIC (acpi_id[0x04] lapic_id[0x03] enabled)
[    0.000000] ACPI: LAPIC (acpi_id[0x05] lapic_id[0x00] disabled)
[    0.000000] ACPI: LAPIC (acpi_id[0x06] lapic_id[0x00] disabled)
[    0.000000] ACPI: LAPIC (acpi_id[0x07] lapic_id[0x00] disabled)
[    0.000000] ACPI: LAPIC (acpi_id[0x08] lapic_id[0x00] disabled)
[    0.000000] ACPI: IOAPIC (id[0x00] address[0xfec00000] gsi_base[0])
[    0.000000] IOAPIC[0]: apic_id 0, version 32, address 0xfec00000, GSI 0-23
[    0.000000] ACPI: INT_SRC_OVR (bus 0 bus_irq 0 global_irq 2 dfl dfl)
[    0.000000] ACPI: INT_SRC_OVR (bus 0 bus_irq 9 global_irq 9 high level)
[    0.000000] ACPI: IRQ0 used by override.
[    0.000000] ACPI: IRQ9 used by override.
[    0.000000] Using ACPI (MADT) for SMP configuration information
[    0.000000] ACPI: HPET id: 0x8086a201 base: 0xfed00000
[    0.000000] smpboot: Allowing 8 CPUs, 4 hotplug CPUs
[    0.000000] PM: Registered nosave memory: [mem 0x00000000-0x00000fff]
[    0.000000] PM: Registered nosave memory: [mem 0x0009d000-0x0009dfff]
[    0.000000] PM: Registered nosave memory: [mem 0x0009e000-0x0009ffff]
[    0.000000] PM: Registered nosave memory: [mem 0x000a0000-0x000dffff]
[    0.000000] PM: Registered nosave memory: [mem 0x000e0000-0x000fffff]
[    0.000000] PM: Registered nosave memory: [mem 0x20000000-0x201fffff]
[    0.000000] PM: Registered nosave memory: [mem 0x40004000-0x40004fff]
[    0.000000] PM: Registered nosave memory: [mem 0x9ffb0000-0xa13affff]
[    0.000000] PM: Registered nosave memory: [mem 0xaa3bf000-0xaaebefff]
[    0.000000] PM: Registered nosave memory: [mem 0xaaebf000-0xaafbefff]
[    0.000000] PM: Registered nosave memory: [mem 0xaafbf000-0xaaffefff]
[    0.000000] PM: Registered nosave memory: [mem 0xab000000-0xaf9fffff]
[    0.000000] PM: Registered nosave memory: [mem 0xafa00000-0xdfffffff]
[    0.000000] PM: Registered nosave memory: [mem 0xe0000000-0xefffffff]
[    0.000000] PM: Registered nosave memory: [mem 0xf0000000-0xfeafffff]
[    0.000000] PM: Registered nosave memory: [mem 0xfeb00000-0xfeb03fff]
[    0.000000] PM: Registered nosave memory: [mem 0xfeb04000-0xfebfffff]
[    0.000000] PM: Registered nosave memory: [mem 0xfec00000-0xfec00fff]
[    0.000000] PM: Registered nosave memory: [mem 0xfec01000-0xfed0ffff]
[    0.000000] PM: Registered nosave memory: [mem 0xfed10000-0xfed19fff]
[    0.000000] PM: Registered nosave memory: [mem 0xfed1a000-0xfed1bfff]
[    0.000000] PM: Registered nosave memory: [mem 0xfed1c000-0xfed1ffff]
[    0.000000] PM: Registered nosave memory: [mem 0xfed20000-0xfedfffff]
[    0.000000] PM: Registered nosave memory: [mem 0xfee00000-0xfee00fff]
[    0.000000] PM: Registered nosave memory: [mem 0xfee01000-0xffb7ffff]
[    0.000000] PM: Registered nosave memory: [mem 0xffb80000-0xffffffff]
[    0.000000] e820: [mem 0xafa00000-0xdfffffff] available for PCI devices
[    0.000000] Booting paravirtualized kernel on bare hardware
[    0.000000] setup_percpu: NR_CPUS:256 nr_cpumask_bits:256 nr_cpu_ids:8 nr_node_ids:1
[    0.000000] PERCPU: Embedded 31 pages/cpu @ffff8801cf200000 s86144 r8192 d32640 u262144
[    0.000000] pcpu-alloc: s86144 r8192 d32640 u262144 alloc=1*2097152
[    0.000000] pcpu-alloc: [0] 0 1 2 3 4 5 6 7 
[    0.000000] Built 1 zonelists in Node order, mobility grouping on.  Total pages: 1516855
[    0.000000] Policy zone: Normal
[    0.000000] Kernel command line: BOOT_IMAGE=/vmlinuz-3.19.0-31-generic root=/dev/mapper/ubuntu--vg-root ro quiet splash vt.handoff=7
[    0.000000] PID hash table entries: 4096 (order: 3, 32768 bytes)
[    0.000000] xsave: enabled xstate_bv 0x7, cntxt size 0x340 using standard form
[    0.000000] AGP: Checking aperture...
[    0.000000] AGP: No AGP bridge found
[    0.000000] Calgary: detecting Calgary via BIOS EBDA area
[    0.000000] Calgary: Unable to locate Rio Grande table in EBDA - bailing!
[    0.000000] Memory: 5950828K/6163820K available (7920K kernel code, 1174K rwdata, 3756K rodata, 1408K init, 1292K bss, 212992K reserved, 0K cma-reserved)
[    0.000000] SLUB: HWalign=64, Order=0-3, MinObjects=0, CPUs=8, Nodes=1
[    0.000000] Hierarchical RCU implementation.
[    0.000000] 	RCU dyntick-idle grace-period acceleration is enabled.
[    0.000000] 	RCU restricting CPUs from NR_CPUS=256 to nr_cpu_ids=8.
[    0.000000] RCU: Adjusting geometry for rcu_fanout_leaf=16, nr_cpu_ids=8
[    0.000000] NR_IRQS:16640 nr_irqs:488 16
[    0.000000] 	Offload RCU callbacks from all CPUs
[    0.000000] 	Offload RCU callbacks from CPUs: 0-7.
[    0.000000] vt handoff: transparent VT on vt#7
[    0.000000] Console: colour dummy device 80x25
[    0.000000] console [tty0] enabled
[    0.000000] hpet clockevent registered
[    0.000000] tsc: Fast TSC calibration using PIT
[    0.000000] tsc: Detected 1696.017 MHz processor
[    0.000051] Calibrating delay loop (skipped), value calculated using timer frequency.. 3392.03 BogoMIPS (lpj=6784068)
[    0.000055] pid_max: default: 32768 minimum: 301
[    0.000062] ACPI: Core revision 20141107
[    0.009622] ACPI: All ACPI Tables successfully acquired
[    0.009653] Security Framework initialized
[    0.009674] AppArmor: AppArmor initialized
[    0.009676] Yama: becoming mindful.
[    0.010439] Dentry cache hash table entries: 1048576 (order: 11, 8388608 bytes)
[    0.013514] Inode-cache hash table entries: 524288 (order: 10, 4194304 bytes)
[    0.014875] Mount-cache hash table entries: 16384 (order: 5, 131072 bytes)
[    0.014890] Mountpoint-cache hash table entries: 16384 (order: 5, 131072 bytes)
[    0.015166] Initializing cgroup subsys memory
[    0.015173] Initializing cgroup subsys devices
[    0.015177] Initializing cgroup subsys freezer
[    0.015179] Initializing cgroup subsys net_cls
[    0.015182] Initializing cgroup subsys blkio
[    0.015185] Initializing cgroup subsys perf_event
[    0.015188] Initializing cgroup subsys net_prio
[    0.015190] Initializing cgroup subsys hugetlb
[    0.015222] CPU: Physical Processor ID: 0
[    0.015224] CPU: Processor Core ID: 0
[    0.015230] ENERGY_PERF_BIAS: Set to 'normal', was 'performance'
[    0.015230] ENERGY_PERF_BIAS: View and update with x86_energy_perf_policy(8)
[    0.015785] mce: CPU supports 7 MCE banks
[    0.015800] CPU0: Thermal monitoring enabled (TM1)
[    0.015810] process: using mwait in idle threads
[    0.015815] Last level iTLB entries: 4KB 512, 2MB 8, 4MB 8
[    0.015815] Last level dTLB entries: 4KB 512, 2MB 32, 4MB 32, 1GB 0
[    0.016021] Freeing SMP alternatives memory: 32K (ffffffff81e87000 - ffffffff81e8f000)
[    0.029744] ftrace: allocating 30020 entries in 118 pages
[    0.049696] dmar: Host address width 36
[    0.049700] dmar: DRHD base: 0x000000fed90000 flags: 0x0
[    0.049708] dmar: IOMMU 0: reg_base_addr fed90000 ver 1:0 cap c0000020e60262 ecap f0101a
[    0.049709] dmar: DRHD base: 0x000000fed91000 flags: 0x1
[    0.049715] dmar: IOMMU 1: reg_base_addr fed91000 ver 1:0 cap c9008020660262 ecap f0105a
[    0.049716] dmar: RMRR base: 0x000000aae8c000 end: 0x000000aaeabfff
[    0.049718] dmar: RMRR base: 0x000000ab800000 end: 0x000000af9fffff
[    0.049793] IOAPIC id 0 under DRHD base  0xfed91000 IOMMU 1
[    0.049794] HPET id 0 under DRHD base 0xfed91000
[    0.049796] Queued invalidation will be enabled to support x2apic and Intr-remapping.
[    0.050003] Enabled IRQ remapping in x2apic mode
[    0.050005] Enabling x2apic
[    0.050006] Enabled x2apic
[    0.050013] Switched APIC routing to cluster x2apic.
[    0.050490] ..TIMER: vector=0x30 apic1=0 pin1=2 apic2=-1 pin2=-1
[    0.090191] smpboot: CPU0: Intel(R) Core(TM) i5-3317U CPU @ 1.70GHz (fam: 06, model: 3a, stepping: 09)
[    0.090202] TSC deadline timer enabled
[    0.090235] Performance Events: PEBS fmt1+, 16-deep LBR, IvyBridge events, full-width counters, Intel PMU driver.
[    0.090264] ... version:                3
[    0.090266] ... bit width:              48
[    0.090267] ... generic registers:      4
[    0.090268] ... value mask:             0000ffffffffffff
[    0.090269] ... max period:             0000ffffffffffff
[    0.090271] ... fixed-purpose events:   3
[    0.090272] ... event mask:             000000070000000f
[    0.091520] x86: Booting SMP configuration:
[    0.091523] .... node  #0, CPUs:      #1
[    0.105332] NMI watchdog: enabled on all CPUs, permanently consumes one hw-PMU counter.
[    0.105473]  #2 #3
[    0.132921] x86: Booted up 1 node, 4 CPUs
[    0.132925] smpboot: Total of 4 processors activated (13568.13 BogoMIPS)
[    0.137459] devtmpfs: initialized
[    0.141416] evm: security.selinux
[    0.141418] evm: security.SMACK64
[    0.141419] evm: security.SMACK64EXEC
[    0.141420] evm: security.SMACK64TRANSMUTE
[    0.141422] evm: security.SMACK64MMAP
[    0.141423] evm: security.ima
[    0.141424] evm: security.capability
[    0.141500] PM: Registering ACPI NVS region [mem 0xaaebf000-0xaafbefff] (1048576 bytes)
[    0.141723] pinctrl core: initialized pinctrl subsystem
[    0.141856] RTC time:  4:17:14, date: 11/25/15
[    0.141995] NET: Registered protocol family 16
[    0.145249] cpuidle: using governor ladder
[    0.149239] cpuidle: using governor menu
[    0.149324] ACPI FADT declares the system doesn't support PCIe ASPM, so disable it
[    0.149326] ACPI: bus type PCI registered
[    0.149328] acpiphp: ACPI Hot Plug PCI Controller Driver version: 0.5
[    0.149430] PCI: MMCONFIG for domain 0000 [bus 00-ff] at [mem 0xe0000000-0xefffffff] (base 0xe0000000)
[    0.149433] PCI: MMCONFIG at [mem 0xe0000000-0xefffffff] reserved in E820
[    0.149901] PCI: Using configuration type 1 for base access
[    0.149910] dmi type 0xB1 record - unknown flag
[    0.153779] ACPI: Added _OSI(Module Device)
[    0.153782] ACPI: Added _OSI(Processor Device)
[    0.153784] ACPI: Added _OSI(3.0 _SCP Extensions)
[    0.153786] ACPI: Added _OSI(Processor Aggregator Device)
[    0.157331] ACPI: Executed 1 blocks of module-level executable AML code
[    0.160812] ACPI: Dynamic OEM Table Load:
[    0.160826] ACPI: SSDT 0xFFFF8801C77DB000 00083B (v01 PmRef  Cpu0Cst  00003001 INTL 20111123)
[    0.161565] ACPI: Dynamic OEM Table Load:
[    0.161575] ACPI: SSDT 0xFFFF8801C76FF000 000303 (v01 PmRef  ApIst    00003000 INTL 20111123)
[    0.162202] ACPI: Dynamic OEM Table Load:
[    0.162211] ACPI: SSDT 0xFFFF8801C770BC00 000119 (v01 PmRef  ApCst    00003000 INTL 20111123)
[    0.163554] ACPI: Interpreter enabled
[    0.163563] ACPI Exception: AE_NOT_FOUND, While evaluating Sleep State [\_S1_] (20141107/hwxface-580)
[    0.163569] ACPI Exception: AE_NOT_FOUND, While evaluating Sleep State [\_S2_] (20141107/hwxface-580)
[    0.163588] ACPI: (supports S0 S3 S4 S5)
[    0.163590] ACPI: Using IOAPIC for interrupt routing
[    0.163625] PCI: Using host bridge windows from ACPI; if necessary, use "pci=nocrs" and report a bug
[    0.309956] ACPI: PCI Root Bridge [PCI0] (domain 0000 [bus 00-fe])
[    0.309963] acpi PNP0A08:00: _OSC: OS supports [ExtendedConfig ASPM ClockPM Segments MSI]
[    0.310119] \_SB_.PCI0:_OSC invalid UUID
[    0.310121] _OSC request data:1 1f 0 
[    0.310126] acpi PNP0A08:00: _OSC failed (AE_ERROR); disabling ASPM
[    0.310950] PCI host bridge to bus 0000:00
[    0.310954] pci_bus 0000:00: root bus resource [bus 00-fe]
[    0.310957] pci_bus 0000:00: root bus resource [io  0x0000-0x0cf7]
[    0.310959] pci_bus 0000:00: root bus resource [io  0x0d00-0xffff]
[    0.310962] pci_bus 0000:00: root bus resource [mem 0x000a0000-0x000bffff]
[    0.310964] pci_bus 0000:00: root bus resource [mem 0xafa00000-0xfeafffff]
[    0.310974] pci 0000:00:00.0: [8086:0154] type 00 class 0x060000
[    0.311084] pci 0000:00:02.0: [8086:0166] type 00 class 0x030000
[    0.311099] pci 0000:00:02.0: reg 0x10: [mem 0xc0000000-0xc03fffff 64bit]
[    0.311107] pci 0000:00:02.0: reg 0x18: [mem 0xb0000000-0xbfffffff 64bit pref]
[    0.311113] pci 0000:00:02.0: reg 0x20: [io  0x3000-0x303f]
[    0.311255] pci 0000:00:14.0: [8086:1e31] type 00 class 0x0c0330
[    0.311282] pci 0000:00:14.0: reg 0x10: [mem 0xc0600000-0xc060ffff 64bit]
[    0.311373] pci 0000:00:14.0: PME# supported from D3hot D3cold
[    0.311427] pci 0000:00:14.0: System wakeup disabled by ACPI
[    0.311487] pci 0000:00:16.0: [8086:1e3a] type 00 class 0x078000
[    0.311516] pci 0000:00:16.0: reg 0x10: [mem 0xc0614000-0xc061400f 64bit]
[    0.311610] pci 0000:00:16.0: PME# supported from D0 D3hot D3cold
[    0.311719] pci 0000:00:1a.0: [8086:1e2d] type 00 class 0x0c0320
[    0.311745] pci 0000:00:1a.0: reg 0x10: [mem 0xc0619000-0xc06193ff]
[    0.311852] pci 0000:00:1a.0: PME# supported from D0 D3hot D3cold
[    0.311947] pci 0000:00:1b.0: [8086:1e20] type 00 class 0x040300
[    0.311970] pci 0000:00:1b.0: reg 0x10: [mem 0xc0610000-0xc0613fff 64bit]
[    0.312067] pci 0000:00:1b.0: PME# supported from D0 D3hot D3cold
[    0.312155] pci 0000:00:1c.0: [8086:1e10] type 01 class 0x060400
[    0.312261] pci 0000:00:1c.0: PME# supported from D0 D3hot D3cold
[    0.312318] pci 0000:00:1c.0: System wakeup disabled by ACPI
[    0.312371] pci 0000:00:1c.1: [8086:1e12] type 01 class 0x060400
[    0.312473] pci 0000:00:1c.1: PME# supported from D0 D3hot D3cold
[    0.312520] pci 0000:00:1c.1: System wakeup disabled by ACPI
[    0.312586] pci 0000:00:1d.0: [8086:1e26] type 00 class 0x0c0320
[    0.312612] pci 0000:00:1d.0: reg 0x10: [mem 0xc0618000-0xc06183ff]
[    0.312723] pci 0000:00:1d.0: PME# supported from D0 D3hot D3cold
[    0.312782] pci 0000:00:1d.0: System wakeup disabled by ACPI
[    0.312835] pci 0000:00:1f.0: [8086:1e59] type 00 class 0x060100
[    0.313041] pci 0000:00:1f.2: [8086:1e03] type 00 class 0x010601
[    0.313065] pci 0000:00:1f.2: reg 0x10: [io  0x3088-0x308f]
[    0.313075] pci 0000:00:1f.2: reg 0x14: [io  0x3094-0x3097]
[    0.313085] pci 0000:00:1f.2: reg 0x18: [io  0x3080-0x3087]
[    0.313095] pci 0000:00:1f.2: reg 0x1c: [io  0x3090-0x3093]
[    0.313105] pci 0000:00:1f.2: reg 0x20: [io  0x3060-0x307f]
[    0.313116] pci 0000:00:1f.2: reg 0x24: [mem 0xc0617000-0xc06177ff]
[    0.313175] pci 0000:00:1f.2: PME# supported from D3hot
[    0.313259] pci 0000:00:1f.3: [8086:1e22] type 00 class 0x0c0500
[    0.313280] pci 0000:00:1f.3: reg 0x10: [mem 0xc0615000-0xc06150ff 64bit]
[    0.313308] pci 0000:00:1f.3: reg 0x20: [io  0x3040-0x305f]
[    0.313585] pci 0000:01:00.0: [10ec:8136] type 00 class 0x020000
[    0.313671] pci 0000:01:00.0: reg 0x10: [io  0x2000-0x20ff]
[    0.313799] pci 0000:01:00.0: reg 0x18: [mem 0xc0404000-0xc0404fff 64bit pref]
[    0.313878] pci 0000:01:00.0: reg 0x20: [mem 0xc0400000-0xc0403fff 64bit pref]
[    0.314310] pci 0000:01:00.0: supports D1 D2
[    0.314312] pci 0000:01:00.0: PME# supported from D0 D1 D2 D3hot D3cold
[    0.321514] pci 0000:00:1c.0: PCI bridge to [bus 01]
[    0.321520] pci 0000:00:1c.0:   bridge window [io  0x2000-0x2fff]
[    0.321530] pci 0000:00:1c.0:   bridge window [mem 0xc0400000-0xc04fffff 64bit pref]
[    0.321679] pci 0000:02:00.0: [8086:0887] type 00 class 0x028000
[    0.321743] pci 0000:02:00.0: reg 0x10: [mem 0xc0500000-0xc0501fff 64bit]
[    0.322029] pci 0000:02:00.0: PME# supported from D0 D3hot D3cold
[    0.329535] pci 0000:00:1c.1: PCI bridge to [bus 02]
[    0.329543] pci 0000:00:1c.1:   bridge window [mem 0xc0500000-0xc05fffff]
[    0.401821] ACPI: PCI Interrupt Link [LNKA] (IRQs 1 3 4 5 6 10 11 12 14 15) *7
[    0.401888] ACPI: PCI Interrupt Link [LNKB] (IRQs 1 3 4 5 6 10 *11 12 14 15)
[    0.401950] ACPI: PCI Interrupt Link [LNKC] (IRQs 1 3 4 5 6 10 11 12 14 15) *0, disabled.
[    0.402013] ACPI: PCI Interrupt Link [LNKD] (IRQs 1 3 4 5 6 *10 11 12 14 15)
[    0.402075] ACPI: PCI Interrupt Link [LNKE] (IRQs 1 3 4 5 6 10 11 12 14 15) *0, disabled.
[    0.402137] ACPI: PCI Interrupt Link [LNKF] (IRQs 1 3 4 5 6 10 11 12 14 15) *7
[    0.402201] ACPI: PCI Interrupt Link [LNKG] (IRQs 1 3 4 5 6 *10 11 12 14 15)
[    0.402263] ACPI: PCI Interrupt Link [LNKH] (IRQs 1 3 4 5 6 10 *11 12 14 15)
[    0.402421] ACPI: Enabled 5 GPEs in block 00 to 3F
[    0.402471] ACPI : EC: GPE = 0x17, I/O: command/status = 0x66, data = 0x62
[    0.402593] vgaarb: setting as boot device: PCI:0000:00:02.0
[    0.402596] vgaarb: device added: PCI:0000:00:02.0,decodes=io+mem,owns=io+mem,locks=none
[    0.402599] vgaarb: loaded
[    0.402601] vgaarb: bridge control possible 0000:00:02.0
[    0.402924] SCSI subsystem initialized
[    0.402985] libata version 3.00 loaded.
[    0.403017] ACPI: bus type USB registered
[    0.403040] usbcore: registered new interface driver usbfs
[    0.403056] usbcore: registered new interface driver hub
[    0.403083] usbcore: registered new device driver usb
[    0.403272] PCI: Using ACPI for IRQ routing
[    0.410947] PCI: pci_cache_line_size set to 64 bytes
[    0.411056] e820: reserve RAM buffer [mem 0x0009d400-0x0009ffff]
[    0.411058] e820: reserve RAM buffer [mem 0x40004000-0x43ffffff]
[    0.411060] e820: reserve RAM buffer [mem 0x9ffb0000-0x9fffffff]
[    0.411062] e820: reserve RAM buffer [mem 0xaa3bf000-0xabffffff]
[    0.411064] e820: reserve RAM buffer [mem 0xab000000-0xabffffff]
[    0.411066] e820: reserve RAM buffer [mem 0x1cf600000-0x1cfffffff]
[    0.411206] NetLabel: Initializing
[    0.411208] NetLabel:  domain hash size = 128
[    0.411209] NetLabel:  protocols = UNLABELED CIPSOv4
[    0.411225] NetLabel:  unlabeled traffic allowed by default
[    0.411312] hpet0: at MMIO 0xfed00000, IRQs 2, 8, 0, 0, 0, 0, 0, 0
[    0.411319] hpet0: 8 comparators, 64-bit 14.318180 MHz counter
[    0.413365] Switched to clocksource hpet
[    0.420610] AppArmor: AppArmor Filesystem Enabled
[    0.420697] pnp: PnP ACPI init
[    0.420851] system 00:00: [io  0x0680-0x069f] has been reserved
[    0.420854] system 00:00: [io  0x1000-0x100f] has been reserved
[    0.420857] system 00:00: [io  0xffff] has been reserved
[    0.420859] system 00:00: [io  0xffff] has been reserved
[    0.420862] system 00:00: [io  0x0400-0x0453] could not be reserved
[    0.420864] system 00:00: [io  0x0458-0x047f] has been reserved
[    0.420867] system 00:00: [io  0x0500-0x057f] has been reserved
[    0.420869] system 00:00: [io  0x164e-0x164f] has been reserved
[    0.420872] system 00:00: [io  0xfd60-0xfd63] has been reserved
[    0.420876] system 00:00: Plug and Play ACPI device, IDs PNP0c02 (active)
[    0.420924] pnp 00:01: Plug and Play ACPI device, IDs PNP0b00 (active)
[    0.420987] system 00:02: [io  0x0454-0x0457] has been reserved
[    0.420991] system 00:02: Plug and Play ACPI device, IDs INT3f0d PNP0c02 (active)
[    0.421037] pnp 00:03: Plug and Play ACPI device, IDs PNP0303 (active)
[    0.421077] pnp 00:04: Plug and Play ACPI device, IDs DLL0599 PNP0f13 (active)
[    0.489604] system 00:05: [mem 0xfed1c000-0xfed1ffff] has been reserved
[    0.489607] system 00:05: [mem 0xfed10000-0xfed17fff] has been reserved
[    0.489609] system 00:05: [mem 0xfed18000-0xfed18fff] has been reserved
[    0.489612] system 00:05: [mem 0xfed19000-0xfed19fff] has been reserved
[    0.489614] system 00:05: [mem 0xe0000000-0xefffffff] has been reserved
[    0.489617] system 00:05: [mem 0xfed20000-0xfed3ffff] has been reserved
[    0.489620] system 00:05: [mem 0xfed90000-0xfed93fff] could not be reserved
[    0.489622] system 00:05: [mem 0xff000000-0xff000fff] has been reserved
[    0.489625] system 00:05: [mem 0xff010000-0xffffffff] could not be reserved
[    0.489627] system 00:05: [mem 0xfee00000-0xfeefffff] could not be reserved
[    0.489630] system 00:05: [mem 0xafa00000-0xafa00fff] has been reserved
[    0.489633] system 00:05: Plug and Play ACPI device, IDs PNP0c02 (active)
[    0.489955] system 00:06: [mem 0x20000000-0x201fffff] has been reserved
[    0.489957] system 00:06: [mem 0x40004000-0x40004fff] has been reserved
[    0.489961] system 00:06: Plug and Play ACPI device, IDs PNP0c01 (active)
[    0.489984] pnp: PnP ACPI: found 7 devices
[    0.496910] pci 0000:00:1c.0: PCI bridge to [bus 01]
[    0.496916] pci 0000:00:1c.0:   bridge window [io  0x2000-0x2fff]
[    0.496928] pci 0000:00:1c.0:   bridge window [mem 0xc0400000-0xc04fffff 64bit pref]
[    0.496937] pci 0000:00:1c.1: PCI bridge to [bus 02]
[    0.496944] pci 0000:00:1c.1:   bridge window [mem 0xc0500000-0xc05fffff]
[    0.496957] pci_bus 0000:00: resource 4 [io  0x0000-0x0cf7]
[    0.496959] pci_bus 0000:00: resource 5 [io  0x0d00-0xffff]
[    0.496962] pci_bus 0000:00: resource 6 [mem 0x000a0000-0x000bffff]
[    0.496964] pci_bus 0000:00: resource 7 [mem 0xafa00000-0xfeafffff]
[    0.496967] pci_bus 0000:01: resource 0 [io  0x2000-0x2fff]
[    0.496969] pci_bus 0000:01: resource 2 [mem 0xc0400000-0xc04fffff 64bit pref]
[    0.496972] pci_bus 0000:02: resource 1 [mem 0xc0500000-0xc05fffff]
[    0.497007] NET: Registered protocol family 2
[    0.497253] TCP established hash table entries: 65536 (order: 7, 524288 bytes)
[    0.497478] TCP bind hash table entries: 65536 (order: 8, 1048576 bytes)
[    0.497626] TCP: Hash tables configured (established 65536 bind 65536)
[    0.497648] TCP: reno registered
[    0.497664] UDP hash table entries: 4096 (order: 5, 131072 bytes)
[    0.497703] UDP-Lite hash table entries: 4096 (order: 5, 131072 bytes)
[    0.497786] NET: Registered protocol family 1
[    0.497806] pci 0000:00:02.0: Video device with shadowed ROM
[    0.885754] PCI: CLS 64 bytes, default 64
[    0.885826] Trying to unpack rootfs image as initramfs...
[    1.577604] Freeing initrd memory: 31024K (ffff880034358000 - ffff8800361a4000)
[    1.577658] PCI-DMA: Using software bounce buffering for IO (SWIOTLB)
[    1.577662] software IO TLB [mem 0xa63bf000-0xaa3bf000] (64MB) mapped at [ffff8800a63bf000-ffff8800aa3befff]
[    1.577711] Simple Boot Flag at 0x44 set to 0x1
[    1.577945] RAPL PMU detected, hw unit 2^-16 Joules, API unit is 2^-32 Joules, 3 fixed counters 163840 ms ovfl timer
[    1.578063] microcode: CPU0 sig=0x306a9, pf=0x10, revision=0x15
[    1.578073] microcode: CPU1 sig=0x306a9, pf=0x10, revision=0x15
[    1.578085] microcode: CPU2 sig=0x306a9, pf=0x10, revision=0x15
[    1.578096] microcode: CPU3 sig=0x306a9, pf=0x10, revision=0x15
[    1.578162] microcode: Microcode Update Driver: v2.00 <tigran@aivazian.fsnet.co.uk>, Peter Oruba
[    1.578200] Scanning for low memory corruption every 60 seconds
[    1.578659] futex hash table entries: 2048 (order: 5, 131072 bytes)
[    1.578688] Initialise system trusted keyring
[    1.578719] audit: initializing netlink subsys (disabled)
[    1.578736] audit: type=2000 audit(1448425035.552:1): initialized
[    1.579229] HugeTLB registered 2 MB page size, pre-allocated 0 pages
[    1.581256] zpool: loaded
[    1.581261] zbud: loaded
[    1.581473] VFS: Disk quotas dquot_6.5.2
[    1.581522] VFS: Dquot-cache hash table entries: 512 (order 0, 4096 bytes)
[    1.582142] fuse init (API version 7.23)
[    1.582333] Key type big_key registered
[    1.582810] Key type asymmetric registered
[    1.582813] Asymmetric key parser 'x509' registered
[    1.582861] Block layer SCSI generic (bsg) driver version 0.4 loaded (major 252)
[    1.582913] io scheduler noop registered
[    1.582917] io scheduler deadline registered (default)
[    1.582957] io scheduler cfq registered
[    1.583396] pci_hotplug: PCI Hot Plug PCI Core version: 0.5
[    1.583421] pciehp: PCI Express Hot Plug Controller Driver version: 0.4
[    1.583462] vesafb: mode is 1366x768x32, linelength=5504, pages=0
[    1.583464] vesafb: scrolling: redraw
[    1.583466] vesafb: Truecolor: size=8:8:8:8, shift=24:16:8:0
[    1.583474] mtrr: no more MTRRs available
[    1.583493] vesafb: framebuffer at 0xb0000000, mapped to 0xffffc90010f00000, using 4160k, total 4160k
[    1.583601] Console: switching to colour frame buffer device 170x48
[    1.583625] fb0: VESA VGA frame buffer device
[    1.583649] intel_idle: MWAIT substates: 0x21120
[    1.583651] intel_idle: v0.4 model 0x3A
[    1.583652] intel_idle: lapic_timer_reliable_states 0xffffffff
[    1.583968] ACPI: AC Adapter [ACAD] (on-line)
[    1.584097] input: Power Button as /devices/LNXSYSTM:00/LNXSYBUS:00/PNP0A08:00/device:01/PNP0C0C:00/input/input0
[    1.584102] ACPI: Power Button [PWRB]
[    1.584161] input: Lid Switch as /devices/LNXSYSTM:00/LNXSYBUS:00/PNP0C0D:00/input/input1
[    1.584184] ACPI: Lid Switch [LID0]
[    1.584233] input: Power Button as /devices/LNXSYSTM:00/LNXPWRBN:00/input/input2
[    1.584236] ACPI: Power Button [PWRF]
[    1.584608] GHES: HEST is not enabled!
[    1.584731] Serial: 8250/16550 driver, 32 ports, IRQ sharing enabled
[    1.822208] ACPI: Battery Slot [BAT1] (battery present)
[    1.822448] Linux agpgart interface v0.103
[    1.824464] brd: module loaded
[    1.825336] loop: module loaded
[    1.825618] libphy: Fixed MDIO Bus: probed
[    1.825622] tun: Universal TUN/TAP device driver, 1.6
[    1.825623] tun: (C) 1999-2004 Max Krasnyansky <maxk@qualcomm.com>
[    1.825686] PPP generic driver version 2.4.2
[    1.825939] xhci_hcd 0000:00:14.0: xHCI Host Controller
[    1.825947] xhci_hcd 0000:00:14.0: new USB bus registered, assigned bus number 1
[    1.826074] xhci_hcd 0000:00:14.0: cache line size of 64 is not supported
[    1.826185] usb usb1: New USB device found, idVendor=1d6b, idProduct=0002
[    1.826188] usb usb1: New USB device strings: Mfr=3, Product=2, SerialNumber=1
[    1.826190] usb usb1: Product: xHCI Host Controller
[    1.826193] usb usb1: Manufacturer: Linux 3.19.0-31-generic xhci-hcd
[    1.826195] usb usb1: SerialNumber: 0000:00:14.0
[    1.826347] hub 1-0:1.0: USB hub found
[    1.826359] hub 1-0:1.0: 4 ports detected
[    1.826788] xhci_hcd 0000:00:14.0: xHCI Host Controller
[    1.826793] xhci_hcd 0000:00:14.0: new USB bus registered, assigned bus number 2
[    1.826837] usb usb2: New USB device found, idVendor=1d6b, idProduct=0003
[    1.826840] usb usb2: New USB device strings: Mfr=3, Product=2, SerialNumber=1
[    1.826842] usb usb2: Product: xHCI Host Controller
[    1.826844] usb usb2: Manufacturer: Linux 3.19.0-31-generic xhci-hcd
[    1.826846] usb usb2: SerialNumber: 0000:00:14.0
[    1.826986] hub 2-0:1.0: USB hub found
[    1.826998] hub 2-0:1.0: 4 ports detected
[    1.827417] ehci_hcd: USB 2.0 'Enhanced' Host Controller (EHCI) Driver
[    1.827424] ehci-pci: EHCI PCI platform driver
[    1.827548] ehci-pci 0000:00:1a.0: EHCI Host Controller
[    1.827554] ehci-pci 0000:00:1a.0: new USB bus registered, assigned bus number 3
[    1.827572] ehci-pci 0000:00:1a.0: debug port 2
[    1.831484] ehci-pci 0000:00:1a.0: cache line size of 64 is not supported
[    1.831502] ehci-pci 0000:00:1a.0: irq 16, io mem 0xc0619000
[    1.842043] ehci-pci 0000:00:1a.0: USB 2.0 started, EHCI 1.00
[    1.842094] usb usb3: New USB device found, idVendor=1d6b, idProduct=0002
[    1.842097] usb usb3: New USB device strings: Mfr=3, Product=2, SerialNumber=1
[    1.842099] usb usb3: Product: EHCI Host Controller
[    1.842101] usb usb3: Manufacturer: Linux 3.19.0-31-generic ehci_hcd
[    1.842103] usb usb3: SerialNumber: 0000:00:1a.0
[    1.842251] hub 3-0:1.0: USB hub found
[    1.842259] hub 3-0:1.0: 2 ports detected
[    1.842497] ehci-pci 0000:00:1d.0: EHCI Host Controller
[    1.842503] ehci-pci 0000:00:1d.0: new USB bus registered, assigned bus number 4
[    1.842520] ehci-pci 0000:00:1d.0: debug port 2
[    1.846412] ehci-pci 0000:00:1d.0: cache line size of 64 is not supported
[    1.846430] ehci-pci 0000:00:1d.0: irq 23, io mem 0xc0618000
[    1.858048] ehci-pci 0000:00:1d.0: USB 2.0 started, EHCI 1.00
[    1.858102] usb usb4: New USB device found, idVendor=1d6b, idProduct=0002
[    1.858105] usb usb4: New USB device strings: Mfr=3, Product=2, SerialNumber=1
[    1.858107] usb usb4: Product: EHCI Host Controller
[    1.858109] usb usb4: Manufacturer: Linux 3.19.0-31-generic ehci_hcd
[    1.858111] usb usb4: SerialNumber: 0000:00:1d.0
[    1.858259] hub 4-0:1.0: USB hub found
[    1.858267] hub 4-0:1.0: 2 ports detected
[    1.858389] ehci-platform: EHCI generic platform driver
[    1.858403] ohci_hcd: USB 1.1 'Open' Host Controller (OHCI) Driver
[    1.858409] ohci-pci: OHCI PCI platform driver
[    1.858422] ohci-platform: OHCI generic platform driver
[    1.858432] uhci_hcd: USB Universal Host Controller Interface driver
[    1.858499] i8042: PNP: PS/2 Controller [PNP0303:PS2K,PNP0f13:PS2M] at 0x60,0x64 irq 1,12
[    1.873090] serio: i8042 KBD port at 0x60,0x64 irq 1
[    1.873096] serio: i8042 AUX port at 0x60,0x64 irq 12
[    1.873269] mousedev: PS/2 mouse device common for all mice
[    1.875088] rtc_cmos 00:01: RTC can wake from S4
[    1.875237] rtc_cmos 00:01: rtc core: registered rtc_cmos as rtc0
[    1.875270] rtc_cmos 00:01: alarms up to one month, 242 bytes nvram, hpet irqs
[    1.875281] i2c /dev entries driver
[    1.875366] device-mapper: uevent: version 1.0.3
[    1.875462] device-mapper: ioctl: 4.29.0-ioctl (2014-10-28) initialised: dm-devel@redhat.com
[    1.875486] Intel P-state driver initializing.
[    1.875640] Consider also installing thermald for improved thermal control.
[    1.875647] ledtrig-cpu: registered to indicate activity on CPUs
[    1.875907] PCCT header not found.
[    1.875909] ACPI PCC probe failed.
[    1.875992] TCP: cubic registered
[    1.876077] NET: Registered protocol family 10
[    1.876341] NET: Registered protocol family 17
[    1.876357] Key type dns_resolver registered
[    1.876656] Loading compiled-in X.509 certificates
[    1.877483] Loaded X.509 cert 'Magrathea: Glacier signing key: 64743f490dd07d3934c763fc5fd31bd224b71520'
[    1.877506] registered taskstats version 1
[    1.879147] Key type trusted registered
[    1.882106] Key type encrypted registered
[    1.882118] AppArmor: AppArmor sha1 policy hashing enabled
[    1.882125] ima: No TPM chip found, activating TPM-bypass!
[    1.882150] evm: HMAC attrs: 0x1
[    1.882481]   Magic number: 7:52:263
[    1.882573] rtc_cmos 00:01: setting system clock to 2015-11-25 04:17:15 UTC (1448425035)
[    1.882641] BIOS EDD facility v0.16 2004-Jun-25, 0 devices found
[    1.882643] EDD information not available.
[    1.882720] PM: Hibernation image not present or could not be loaded.
[    1.883000] Freeing unused kernel memory: 1408K (ffffffff81d27000 - ffffffff81e87000)
[    1.883003] Write protecting the kernel read-only data: 12288k
[    1.883207] Freeing unused kernel memory: 260K (ffff8800017bf000 - ffff880001800000)
[    1.883299] Freeing unused kernel memory: 340K (ffff880001bab000 - ffff880001c00000)
[    1.893686] input: AT Translated Set 2 keyboard as /devices/platform/i8042/serio0/input/input3
[    1.893766] systemd-udevd[119]: starting version 204
[    1.911043] wmi: Mapper loaded
[    1.915245] ahci 0000:00:1f.2: version 3.0
[    1.915738] r8169 Gigabit Ethernet driver 2.3LK-NAPI loaded
[    1.915747] r8169 0000:01:00.0: can't disable ASPM; OS doesn't have ASPM control
[    1.916173] r8169 0000:01:00.0 eth0: RTL8105e at 0xffffc90010c94000, d4:be:d9:87:5c:97, XID 00c00000 IRQ 28
[    1.917742] [drm] Initialized drm 1.1.0 20060810
[    1.930643] ahci 0000:00:1f.2: AHCI 0001.0300 32 slots 6 ports 6 Gbps 0x5 impl SATA mode
[    1.930650] ahci 0000:00:1f.2: flags: 64bit ncq pm led clo pio slum part ems apst 
[    1.938913] scsi host0: ahci
[    1.944865] AVX version of gcm_enc/dec engaged.
[    1.944867] AES CTR mode by8 optimization enabled
[    1.948244] scsi host1: ahci
[    1.956266] scsi host2: ahci
[    1.958649] scsi host3: ahci
[    1.958787] scsi host4: ahci
[    1.958960] scsi host5: ahci
[    1.959036] ata1: SATA max UDMA/133 abar m2048@0xc0617000 port 0xc0617100 irq 27
[    1.959039] ata2: DUMMY
[    1.959043] ata3: SATA max UDMA/133 abar m2048@0xc0617000 port 0xc0617200 irq 27
[    1.959045] ata4: DUMMY
[    1.959047] ata5: DUMMY
[    1.959048] ata6: DUMMY
[    1.961235] [drm] Memory usable by graphics device = 2048M
[    1.961240] checking generic (b0000000 410000) vs hw (b0000000 10000000)
[    1.961242] fb: switching to inteldrmfb from VESA VGA
[    1.961268] Console: switching to colour dummy device 80x25
[    1.961341] [drm] Replacing VGA console driver
[    1.986255] [drm] Supports vblank timestamp caching Rev 2 (21.10.2013).
[    1.986257] [drm] Driver supports precise vblank timestamp query.
[    1.986392] vgaarb: device changed decodes: PCI:0000:00:02.0,olddecodes=io+mem,decodes=io+mem:owns=io+mem
[    2.011273] ACPI: Video Device [GFX0] (multi-head: yes  rom: no  post: no)
[    2.011397] input: Video Bus as /devices/LNXSYSTM:00/LNXSYBUS:00/PNP0A08:00/LNXVIDEO:01/input/input6
[    2.011511] [drm] Initialized i915 1.6.0 20141121 for 0000:00:02.0 on minor 0
[    2.082226] [drm] GMBUS [i915 gmbus vga] timed out, falling back to bit banging on pin 2
[    2.099368] fbcon: inteldrmfb (fb0) is primary device
[    2.099391] Console: switching to colour frame buffer device 170x48
[    2.099410] i915 0000:00:02.0: fb0: inteldrmfb frame buffer device
[    2.099412] i915 0000:00:02.0: registered panic notifier
[    2.138264] usb 1-1: new full-speed USB device number 2 using xhci_hcd
[    2.154281] usb 3-1: new high-speed USB device number 2 using ehci-pci
[    2.170283] usb 4-1: new high-speed USB device number 2 using ehci-pci
[    2.271355] usb 1-1: New USB device found, idVendor=045e, idProduct=0745
[    2.271375] usb 1-1: New USB device strings: Mfr=1, Product=2, SerialNumber=0
[    2.271377] usb 1-1: Product: Microsoft\xffffffc2\xffffffae\xffffffae Nano Transceiver v2.0
[    2.271378] usb 1-1: Manufacturer: Microsoft
[    2.274769] hidraw: raw HID events driver (C) Jiri Kosina
[    2.278255] ata1: SATA link up 3.0 Gbps (SStatus 123 SControl 300)
[    2.278332] ata3: SATA link up 1.5 Gbps (SStatus 113 SControl 300)
[    2.283432] ata3.00: ATAPI: TSSTcorp DVD+/-RW SU-208BB, D300, max UDMA/100
[    2.287041] usb 3-1: New USB device found, idVendor=8087, idProduct=0024
[    2.287044] usb 3-1: New USB device strings: Mfr=0, Product=0, SerialNumber=0
[    2.287464] hub 3-1:1.0: USB hub found
[    2.287721] hub 3-1:1.0: 6 ports detected
[    2.288322] usbcore: registered new interface driver usbhid
[    2.288325] usbhid: USB HID core driver
[    2.289977] input: Microsoft Microsoft\xffffffc2\xffffffae\xffffffae Nano Transceiver v2.0 as /devices/pci0000:00/0000:00:14.0/usb1/1-1/1-1:1.0/0003:045E:0745.0001/input/input7
[    2.291810] ata3.00: configured for UDMA/100
[    2.303027] usb 4-1: New USB device found, idVendor=8087, idProduct=0024
[    2.303030] usb 4-1: New USB device strings: Mfr=0, Product=0, SerialNumber=0
[    2.303520] hub 4-1:1.0: USB hub found
[    2.303676] hub 4-1:1.0: 6 ports detected
[    2.306468] ata1.00: ATA-8: ST500LT012-9WS142, 0001SDM1, max UDMA/133
[    2.306477] ata1.00: 976773168 sectors, multi 16: LBA48 NCQ (depth 31/32)
[    2.307249] ata1.00: configured for UDMA/133
[    2.307376] scsi 0:0:0:0: Direct-Access     ATA      ST500LT012-9WS14 SDM1 PQ: 0 ANSI: 5
[    2.307631] sd 0:0:0:0: Attached scsi generic sg0 type 0
[    2.307637] sd 0:0:0:0: [sda] 976773168 512-byte logical blocks: (500 GB/465 GiB)
[    2.307640] sd 0:0:0:0: [sda] 4096-byte physical blocks
[    2.307702] sd 0:0:0:0: [sda] Write Protect is off
[    2.307706] sd 0:0:0:0: [sda] Mode Sense: 00 3a 00 00
[    2.307740] sd 0:0:0:0: [sda] Write cache: enabled, read cache: enabled, doesn't support DPO or FUA
[    2.310372] scsi 2:0:0:0: CD-ROM            TSSTcorp DVD+-RW SU-208BB D300 PQ: 0 ANSI: 5
[    2.339260] sr 2:0:0:0: [sr0] scsi3-mmc drive: 24x/24x writer dvd-ram cd/rw xa/form2 cdda tray
[    2.339265] cdrom: Uniform CD-ROM driver Revision: 3.20
[    2.339503] sr 2:0:0:0: Attached scsi CD-ROM sr0
[    2.339680] sr 2:0:0:0: Attached scsi generic sg1 type 5
[    2.342620] hid-generic 0003:045E:0745.0001: input,hidraw0: USB HID v1.11 Keyboard [Microsoft Microsoft\xffffffc2\xffffffae\xffffffae Nano Transceiver v2.0] on usb-0000:00:14.0-1/input0
[    2.342988] input: Microsoft Microsoft\xffffffc2\xffffffae\xffffffae Nano Transceiver v2.0 as /devices/pci0000:00/0000:00:14.0/usb1/1-1/1-1:1.1/0003:045E:0745.0002/input/input8
[    2.359705]  sda: sda1 sda2 < sda5 >
[    2.360304] sd 0:0:0:0: [sda] Attached SCSI disk
[    2.398741] hid-generic 0003:045E:0745.0002: input,hidraw1: USB HID v1.11 Mouse [Microsoft Microsoft\xffffffc2\xffffffae\xffffffae Nano Transceiver v2.0] on usb-0000:00:14.0-1/input1
[    2.408216] input: Microsoft Microsoft\xffffffc2\xffffffae\xffffffae Nano Transceiver v2.0 as /devices/pci0000:00/0000:00:14.0/usb1/1-1/1-1:1.2/0003:045E:0745.0003/input/input9
[    2.462792] hid-generic 0003:045E:0745.0003: input,hiddev0,hidraw2: USB HID v1.11 Device [Microsoft Microsoft\xffffffc2\xffffffae\xffffffae Nano Transceiver v2.0] on usb-0000:00:14.0-1/input2
[    2.562476] usb 3-1.1: new full-speed USB device number 3 using ehci-pci
[    2.574437] tsc: Refined TSC clocksource calibration: 1696.147 MHz
[    2.659254] usb 3-1.1: New USB device found, idVendor=8087, idProduct=07da
[    2.659259] usb 3-1.1: New USB device strings: Mfr=0, Product=0, SerialNumber=0
[    2.687355] psmouse serio1: synaptics: queried max coordinates: x [..5674], y [..4754]
[    2.730534] usb 3-1.3: new high-speed USB device number 4 using ehci-pci
[    2.746072] psmouse serio1: synaptics: queried min coordinates: x [1268..], y [1098..]
[    2.824253] usb 3-1.3: New USB device found, idVendor=0bda, idProduct=0129
[    2.824257] usb 3-1.3: New USB device strings: Mfr=1, Product=2, SerialNumber=3
[    2.824259] usb 3-1.3: Product: USB2.0-CRW
[    2.824260] usb 3-1.3: Manufacturer: Generic
[    2.824261] usb 3-1.3: SerialNumber: 20100201396000000
[    2.829642] usbcore: registered new interface driver rtsx_usb
[    2.866083] psmouse serio1: synaptics: Touchpad model: 1, fw: 8.1, id: 0x1e2b1, caps: 0xd00123/0x840300/0x26c00, board id: 2382, fw id: 1238635
[    2.894545] usb 3-1.4: new high-speed USB device number 5 using ehci-pci
[    2.947118] input: SynPS/2 Synaptics TouchPad as /devices/platform/i8042/serio1/input/input5
[    2.981911] [drm:intel_set_pch_fifo_underrun_reporting [i915]] *ERROR* uncleared pch fifo underrun on pch transcoder A
[    2.981927] [drm:intel_pch_fifo_underrun_irq_handler [i915]] *ERROR* PCH transcoder A FIFO underrun
[    3.044061] usb 3-1.4: New USB device found, idVendor=0bda, idProduct=58c2
[    3.044065] usb 3-1.4: New USB device strings: Mfr=3, Product=1, SerialNumber=2
[    3.044066] usb 3-1.4: Product: Laptop_Integrated_Webcam_HD
[    3.044068] usb 3-1.4: Manufacturer: CNFCH41F301030002430
[    3.044069] usb 3-1.4: SerialNumber: 0x0001
[    3.574929] Switched to clocksource tsc
[    8.626470] random: cryptsetup urandom read with 122 bits of entropy available
[    8.630612] random: nonblocking pool is initialized
[   10.006186] EXT4-fs (dm-1): INFO: recovery required on readonly filesystem
[   10.006189] EXT4-fs (dm-1): write access will be enabled during recovery
[   11.305303] EXT4-fs (dm-1): orphan cleanup on readonly fs
[   11.305395] EXT4-fs (dm-1): 5 orphan inodes deleted
[   11.305396] EXT4-fs (dm-1): recovery complete
[   11.474538] EXT4-fs (dm-1): mounted filesystem with ordered data mode. Opts: (null)
[   22.819002] Adding 6160380k swap on /dev/mapper/ubuntu--vg-swap_1.  Priority:-1 extents:1 across:6160380k FS
[   22.932177] systemd-udevd[442]: starting version 204
[   23.006675] lp: driver loaded but no devices found
[   23.012361] ppdev: user-space parallel port driver
[   23.168315] shpchp: Standard Hot Plug PCI Controller Driver version: 0.4
[   23.168374] ACPI Warning: SystemIO range 0x0000000000000428-0x000000000000042f conflicts with OpRegion 0x0000000000000400-0x000000000000047f (\PMIO) (20141107/utaddress-258)
[   23.168382] ACPI: If an ACPI driver is available for this device, you should use it instead of the native driver
[   23.168387] ACPI Warning: SystemIO range 0x0000000000000540-0x000000000000054f conflicts with OpRegion 0x0000000000000500-0x0000000000000563 (\GPIO) (20141107/utaddress-258)
[   23.168391] ACPI: If an ACPI driver is available for this device, you should use it instead of the native driver
[   23.168393] ACPI Warning: SystemIO range 0x0000000000000530-0x000000000000053f conflicts with OpRegion 0x0000000000000500-0x0000000000000563 (\GPIO) (20141107/utaddress-258)
[   23.168398] ACPI: If an ACPI driver is available for this device, you should use it instead of the native driver
[   23.168399] ACPI Warning: SystemIO range 0x0000000000000500-0x000000000000052f conflicts with OpRegion 0x0000000000000500-0x0000000000000563 (\GPIO) (20141107/utaddress-258)
[   23.168404] ACPI: If an ACPI driver is available for this device, you should use it instead of the native driver
[   23.168405] lpc_ich: Resource conflict(s) found affecting gpio_ich
[   23.183785] cfg80211: Calling CRDA to update world regulatory domain
[   23.199305] Intel(R) Wireless WiFi driver for Linux, in-tree:
[   23.199309] Copyright(c) 2003- 2014 Intel Corporation
[   23.199480] iwlwifi 0000:02:00.0: can't disable ASPM; OS doesn't have ASPM control
[   23.238839] intel_rapl: Found RAPL domain package
[   23.238844] intel_rapl: Found RAPL domain core
[   23.238847] intel_rapl: Found RAPL domain uncore
[   23.256804] Bluetooth: Core ver 2.20
[   23.256825] NET: Registered protocol family 31
[   23.256828] Bluetooth: HCI device and connection manager initialized
[   23.256832] Bluetooth: HCI socket layer initialized
[   23.256836] Bluetooth: L2CAP socket layer initialized
[   23.256843] Bluetooth: SCO socket layer initialized
[   23.259801] usbcore: registered new interface driver btusb
[   23.300493] dcdbas dcdbas: Dell Systems Management Base Driver (version 5.6.0-3.2)
[   23.302628] sound hdaudioC0D0: ALC3221: SKU not ready 0x598301f0
[   23.302924] sound hdaudioC0D0: autoconfig: line_outs=1 (0x14/0x0/0x0/0x0/0x0) type:speaker
[   23.302928] sound hdaudioC0D0:    speaker_outs=0 (0x0/0x0/0x0/0x0/0x0)
[   23.302931] sound hdaudioC0D0:    hp_outs=1 (0x21/0x0/0x0/0x0/0x0)
[   23.302933] sound hdaudioC0D0:    mono: mono_out=0x0
[   23.302935] sound hdaudioC0D0:    inputs:
[   23.302938] sound hdaudioC0D0:      Mic=0x19
[   23.302941] sound hdaudioC0D0:      Internal Mic=0x12
[   23.321689] input: Dell WMI hotkeys as /devices/virtual/input/input10
[   23.322700] input: HDA Intel PCH Mic as /devices/pci0000:00/0000:00:1b.0/sound/card0/input11
[   23.322802] input: HDA Intel PCH Front Headphone as /devices/pci0000:00/0000:00:1b.0/sound/card0/input12
[   23.322897] input: HDA Intel PCH HDMI/DP,pcm=3 as /devices/pci0000:00/0000:00:1b.0/sound/card0/input13
[   23.529892] audit: type=1400 audit(1448425057.132:2): apparmor="STATUS" operation="profile_load" profile="unconfined" name="/sbin/dhclient" pid=563 comm="apparmor_parser"
[   23.529899] audit: type=1400 audit(1448425057.132:3): apparmor="STATUS" operation="profile_load" profile="unconfined" name="/usr/lib/NetworkManager/nm-dhcp-client.action" pid=563 comm="apparmor_parser"
[   23.529903] audit: type=1400 audit(1448425057.132:4): apparmor="STATUS" operation="profile_load" profile="unconfined" name="/usr/lib/connman/scripts/dhclient-script" pid=563 comm="apparmor_parser"
[   23.529920] audit: type=1400 audit(1448425057.132:5): apparmor="STATUS" operation="profile_replace" profile="unconfined" name="/sbin/dhclient" pid=562 comm="apparmor_parser"
[   23.529927] audit: type=1400 audit(1448425057.132:6): apparmor="STATUS" operation="profile_replace" profile="unconfined" name="/usr/lib/NetworkManager/nm-dhcp-client.action" pid=562 comm="apparmor_parser"
[   23.529931] audit: type=1400 audit(1448425057.132:7): apparmor="STATUS" operation="profile_replace" profile="unconfined" name="/usr/lib/connman/scripts/dhclient-script" pid=562 comm="apparmor_parser"
[   23.530322] audit: type=1400 audit(1448425057.132:8): apparmor="STATUS" operation="profile_replace" profile="unconfined" name="/usr/lib/NetworkManager/nm-dhcp-client.action" pid=563 comm="apparmor_parser"
[   23.530327] audit: type=1400 audit(1448425057.132:9): apparmor="STATUS" operation="profile_replace" profile="unconfined" name="/usr/lib/connman/scripts/dhclient-script" pid=563 comm="apparmor_parser"
[   23.530400] audit: type=1400 audit(1448425057.132:10): apparmor="STATUS" operation="profile_replace" profile="unconfined" name="/usr/lib/NetworkManager/nm-dhcp-client.action" pid=562 comm="apparmor_parser"
[   23.530408] audit: type=1400 audit(1448425057.132:11): apparmor="STATUS" operation="profile_replace" profile="unconfined" name="/usr/lib/connman/scripts/dhclient-script" pid=562 comm="apparmor_parser"
[   23.559186] EXT4-fs (dm-1): re-mounted. Opts: errors=remount-ro
[   23.860328] cfg80211: World regulatory domain updated:
[   23.860332] cfg80211:  DFS Master region: unset
[   23.860333] cfg80211:   (start_freq - end_freq @ bandwidth), (max_antenna_gain, max_eirp), (dfs_cac_time)
[   23.860335] cfg80211:   (2402000 KHz - 2472000 KHz @ 40000 KHz), (300 mBi, 2000 mBm), (N/A)
[   23.860337] cfg80211:   (2457000 KHz - 2482000 KHz @ 40000 KHz), (300 mBi, 2000 mBm), (N/A)
[   23.860338] cfg80211:   (2474000 KHz - 2494000 KHz @ 20000 KHz), (300 mBi, 2000 mBm), (N/A)
[   23.860339] cfg80211:   (5170000 KHz - 5250000 KHz @ 40000 KHz), (300 mBi, 2000 mBm), (N/A)
[   23.860341] cfg80211:   (5735000 KHz - 5835000 KHz @ 40000 KHz), (300 mBi, 2000 mBm), (N/A)
[   24.663001] iwlwifi 0000:02:00.0: loaded firmware version 18.168.6.1 op_mode iwldvm
[   24.677855] iwlwifi 0000:02:00.0: CONFIG_IWLWIFI_DEBUG disabled
[   24.677858] iwlwifi 0000:02:00.0: CONFIG_IWLWIFI_DEBUGFS enabled
[   24.677860] iwlwifi 0000:02:00.0: CONFIG_IWLWIFI_DEVICE_TRACING enabled
[   24.677862] iwlwifi 0000:02:00.0: Detected Intel(R) Centrino(R) Wireless-N 2230 BGN, REV=0xC8
[   24.677958] iwlwifi 0000:02:00.0: L1 Enabled - LTR Disabled
[   24.698554] ieee80211 phy0: Selected rate control algorithm 'iwl-agn-rs'
[   24.934009] media: Linux media interface: v0.10
[   24.940569] Linux video capture interface: v2.00
[   24.950188] uvcvideo: Found UVC 1.00 device Laptop_Integrated_Webcam_HD (0bda:58c2)
[   24.955864] input: Laptop_Integrated_Webcam_HD as /devices/pci0000:00/0000:00:1a.0/usb3/3-1/3-1.4/3-1.4:1.0/input/input14
[   24.955951] usbcore: registered new interface driver uvcvideo
[   24.955954] USB Video Class driver (1.1.1)
[   26.349907] EXT4-fs (sda1): mounting ext2 file system using the ext4 subsystem
[   26.366041] EXT4-fs (sda1): mounted filesystem without journal. Opts: (null)
[   26.444774] init: Failed to spawn click-system-hooks main process: unable to execute: No such file or directory
[   26.495745] init: failsafe main process (856) killed by TERM signal
[   26.892273] Bluetooth: RFCOMM TTY layer initialized
[   26.892281] Bluetooth: RFCOMM socket layer initialized
[   26.892288] Bluetooth: RFCOMM ver 1.11
[   26.932487] Bluetooth: BNEP (Ethernet Emulation) ver 1.3
[   26.932491] Bluetooth: BNEP filters: protocol multicast
[   26.932495] Bluetooth: BNEP socket layer initialized
[   27.181137] init: cups main process (970) killed by HUP signal
[   27.181147] init: cups main process ended, respawning
[   29.225712] r8169 0000:01:00.0 eth0: link down
[   29.225751] IPv6: ADDRCONF(NETDEV_UP): eth0: link is not ready
[   29.227772] iwlwifi 0000:02:00.0: L1 Enabled - LTR Disabled
[   29.235285] iwlwifi 0000:02:00.0: Radio type=0x2-0x0-0x0
[   29.482023] iwlwifi 0000:02:00.0: L1 Enabled - LTR Disabled
[   29.489552] iwlwifi 0000:02:00.0: Radio type=0x2-0x0-0x0
[   29.548938] IPv6: ADDRCONF(NETDEV_UP): wlan0: link is not ready
[   30.055225] ip_tables: (C) 2000-2006 Netfilter Core Team
[   30.068696] ip6_tables: (C) 2000-2006 Netfilter Core Team
[   30.808987] wlan0: authenticate with 68:15:90:45:63:32
[   30.816707] wlan0: send auth to 68:15:90:45:63:32 (try 1/3)
[   30.819264] wlan0: authenticated
[   30.819434] wlan0: associate with 68:15:90:45:63:32 (try 1/3)
[   30.823610] wlan0: RX AssocResp from 68:15:90:45:63:32 (capab=0xc11 status=0 aid=1)
[   30.826934] wlan0: associated
[   30.826964] IPv6: ADDRCONF(NETDEV_CHANGE): wlan0: link becomes ready
[   30.827148] cfg80211: Calling CRDA for country: CA
[   30.855733] cfg80211: Regulatory domain changed to country: CA
[   30.855737] cfg80211:  DFS Master region: unset
[   30.855738] cfg80211:   (start_freq - end_freq @ bandwidth), (max_antenna_gain, max_eirp), (dfs_cac_time)
[   30.855741] cfg80211:   (2402000 KHz - 2472000 KHz @ 40000 KHz), (300 mBi, 2700 mBm), (N/A)
[   30.855742] cfg80211:   (5170000 KHz - 5250000 KHz @ 40000 KHz), (300 mBi, 1700 mBm), (N/A)
[   30.855744] cfg80211:   (5250000 KHz - 5330000 KHz @ 40000 KHz), (300 mBi, 2000 mBm), (0 s)
[   30.855745] cfg80211:   (5490000 KHz - 5710000 KHz @ 40000 KHz), (300 mBi, 2000 mBm), (0 s)
[   30.855746] cfg80211:   (5735000 KHz - 5835000 KHz @ 40000 KHz), (300 mBi, 3000 mBm), (N/A)
[   31.086359] wlan0: deauthenticating from 68:15:90:45:63:32 by local choice (Reason: 2=PREV_AUTH_NOT_VALID)
[   31.089758] wlan0: authenticate with 68:15:90:45:63:32
[   31.090603] wlan0: send auth to 68:15:90:45:63:32 (try 1/3)
[   31.090913] cfg80211: Calling CRDA to update world regulatory domain
[   31.092391] wlan0: authenticated
[   31.092763] cfg80211: World regulatory domain updated:
[   31.092767] cfg80211:  DFS Master region: unset
[   31.092768] cfg80211:   (start_freq - end_freq @ bandwidth), (max_antenna_gain, max_eirp), (dfs_cac_time)
[   31.092770] cfg80211:   (2402000 KHz - 2472000 KHz @ 40000 KHz), (300 mBi, 2000 mBm), (N/A)
[   31.092772] cfg80211:   (2457000 KHz - 2482000 KHz @ 40000 KHz), (300 mBi, 2000 mBm), (N/A)
[   31.092773] cfg80211:   (2474000 KHz - 2494000 KHz @ 20000 KHz), (300 mBi, 2000 mBm), (N/A)
[   31.092775] cfg80211:   (5170000 KHz - 5250000 KHz @ 40000 KHz), (300 mBi, 2000 mBm), (N/A)
[   31.092776] cfg80211:   (5735000 KHz - 5835000 KHz @ 40000 KHz), (300 mBi, 2000 mBm), (N/A)
[   31.095587] wlan0: associate with 68:15:90:45:63:32 (try 1/3)
[   31.099843] wlan0: RX AssocResp from 68:15:90:45:63:32 (capab=0xc11 status=0 aid=1)
[   31.106290] wlan0: associated
[   31.106329] cfg80211: Calling CRDA for country: CA
[   31.108195] cfg80211: Regulatory domain changed to country: CA
[   31.108198] cfg80211:  DFS Master region: unset
[   31.108200] cfg80211:   (start_freq - end_freq @ bandwidth), (max_antenna_gain, max_eirp), (dfs_cac_time)
[   31.108202] cfg80211:   (2402000 KHz - 2472000 KHz @ 40000 KHz), (300 mBi, 2700 mBm), (N/A)
[   31.108204] cfg80211:   (5170000 KHz - 5250000 KHz @ 40000 KHz), (300 mBi, 1700 mBm), (N/A)
[   31.108205] cfg80211:   (5250000 KHz - 5330000 KHz @ 40000 KHz), (300 mBi, 2000 mBm), (0 s)
[   31.108207] cfg80211:   (5490000 KHz - 5710000 KHz @ 40000 KHz), (300 mBi, 2000 mBm), (0 s)
[   31.108208] cfg80211:   (5735000 KHz - 5835000 KHz @ 40000 KHz), (300 mBi, 3000 mBm), (N/A)
[   31.146091] init: plymouth-upstart-bridge main process ended, respawning
[   31.151533] init: plymouth-upstart-bridge main process (1418) terminated with status 1
[   31.151568] init: plymouth-upstart-bridge main process ended, respawning
[   57.150732] audit_printk_skb: 168 callbacks suppressed
[   57.150736] audit: type=1400 audit(1448425092.341:68): apparmor="STATUS" operation="profile_replace" profile="unconfined" name="/usr/lib/cups/backend/cups-pdf" pid=2297 comm="apparmor_parser"
[   57.150743] audit: type=1400 audit(1448425092.341:69): apparmor="STATUS" operation="profile_replace" profile="unconfined" name="/usr/sbin/cupsd" pid=2297 comm="apparmor_parser"
[   57.151125] audit: type=1400 audit(1448425092.341:70): apparmor="STATUS" operation="profile_replace" profile="unconfined" name="/usr/sbin/cupsd" pid=2297 comm="apparmor_parser"
[  344.986164] usbcore: deregistering interface driver uvcvideo
[  370.151030] usbcam: module verification failed: signature and/or  required key missing - tainting kernel
[  370.151569] ===usbcam_init: registering usb device with usbcore
[  370.151688] usbcore: registered new interface driver usbcam
[  370.151696] ===usbcam_init: device registered with return value: 0
[  444.166294] usb 1-2: new high-speed USB device number 3 using xhci_hcd
[  444.481476] usb 1-2: New USB device found, idVendor=046d, idProduct=0994
[  444.481485] usb 1-2: New USB device strings: Mfr=0, Product=0, SerialNumber=2
[  444.481492] usb 1-2: SerialNumber: 7921D4E0
[  444.482159] ===usbcam_probe: Found proper Interface Subclass
[  444.482163] ===usbcam_probe: Done detecting Interface(s)
[  444.482624] ===usbcam_probe: Registered driver with USBCORE
[  444.482799] ===usbcam_probe: all good
[  444.482803] ===usbcam_init: Initializing URB status Semaphore
[  444.482806] ===usbcam_init: Initializing URB counter to 0
[  444.482919] usbcam: probe of 1-2:1.2 failed with error -1
[  444.483004] usbcam: probe of 1-2:1.3 failed with error -1
[  444.496610] media: Linux media interface: v0.10
[  444.501150] Linux video capture interface: v2.00
[  444.571292] uvcvideo: Found UVC 1.00 device Laptop_Integrated_Webcam_HD (0bda:58c2)
[  444.577394] input: Laptop_Integrated_Webcam_HD as /devices/pci0000:00/0000:00:1a.0/usb3/3-1/3-1.4/3-1.4:1.0/input/input15
[  444.577592] usbcore: registered new interface driver uvcvideo
[  444.577595] USB Video Class driver (1.1.1)
[  451.183486] usb 1-2: Warning! Unlikely big volume range (=3584), cval->res is probably wrong.
[  451.183498] usb 1-2: [5] FU [Mic Capture Volume] ch = 1, val = 1280/4864/1
[  451.184448] usbcore: registered new interface driver snd-usb-audio
[  491.727919] ===usbcam_open: Opening usbcam driver in READONLY MODE!
[  491.727989] ===usbcam_ioctl: Entering IOCTL_STREAMON
[  491.728067] ===usbcam_ioctl: Entering IOCTL_GRAB
[  491.728074] ===usbcam_urbinit: (/home/muka/REPOS/GIT/ele_784/lab2/src/usbcam.c,urbInit,479)
[  491.728077] ===usbcam_urbinit: (/home/muka/REPOS/GIT/ele_784/lab2/src/usbcam.c,urbInit,481)
[  491.728079] ===usbcam_urbinit: (/home/muka/REPOS/GIT/ele_784/lab2/src/usbcam.c,urbInit,483)
[  491.728082] ===usbcam_urbinit: (/home/muka/REPOS/GIT/ele_784/lab2/src/usbcam.c,urbInit,489)
[  491.728085] ===usbcam_urbinit: (/home/muka/REPOS/GIT/ele_784/lab2/src/usbcam.c,urbInit,501)
[  491.728094] ===usbcam_urbinit: (/home/muka/REPOS/GIT/ele_784/lab2/src/usbcam.c,urbInit,503)
[  491.728097] ===usbcam_urbinit: (/home/muka/REPOS/GIT/ele_784/lab2/src/usbcam.c,urbInit,513)
[  491.728099] ===usbcam_urbInit: initializing isochronous urb: 0
[  491.728102] ===usbcam_urbinit: (/home/muka/REPOS/GIT/ele_784/lab2/src/usbcam.c,urbInit,523)
[  491.728165] BUG: unable to handle kernel paging request at ffffffff81091210
[  491.728280] IP: [<ffffffff815abd6a>] usb_free_urb+0xa/0x30
[  491.728337] PGD 1c19067 PUD 1c1a063 PMD 10001e1 
[  491.728392] Oops: 0003 [#1] SMP 
[  491.728440] Modules linked in: snd_usb_audio snd_usbmidi_lib uvcvideo videobuf2_vmalloc videobuf2_memops videobuf2_core v4l2_common videodev media usbcam(OE) ctr ccm ip6table_filter ip6_tables iptable_filter ip_tables x_tables bnep rfcomm rtsx_usb_ms memstick arc4 iwldvm mac80211 dell_wmi sparse_keymap snd_hda_codec_hdmi dell_laptop dcdbas snd_hda_codec_realtek snd_hda_codec_generic i8k snd_hda_intel snd_hda_controller snd_hda_codec snd_hwdep btusb bluetooth intel_rapl iosf_mbi x86_pkg_temp_thermal intel_powerclamp coretemp kvm_intel snd_pcm kvm snd_seq_midi snd_seq_midi_event snd_rawmidi snd_seq snd_seq_device joydev iwlwifi serio_raw snd_timer cfg80211 lpc_ich snd shpchp soundcore mei_me mei mac_hid parport_pc ppdev lp parport dm_crypt rtsx_usb_sdmmc rtsx_usb hid_generic usbhid hid crct10dif_pclmul crc32_pclmul ghash_clmulni_intel aesni_intel i915 aes_x86_64 lrw gf128mul glue_helper ablk_helper cryptd i2c_algo_bit drm_kms_helper psmouse drm r8169 ahci libahci mii wmi video [last unloaded: videobuf2_memops]
[  491.729380] CPU: 2 PID: 8547 Comm: usbcam_test Tainted: G           OE  3.19.0-31-generic #36~14.04.1-Ubuntu
[  491.729461] Hardware name: Dell Inc. Inspiron 5521/00F5CR, BIOS A03 10/24/2012
[  491.729536] task: ffff8801c3f475c0 ti: ffff8801af914000 task.ti: ffff8801af914000
[  491.729641] RIP: 0010:[<ffffffff815abd6a>]  [<ffffffff815abd6a>] usb_free_urb+0xa/0x30
[  491.729765] RSP: 0018:ffff8801af917e30  EFLAGS: 00010282
[  491.729810] RAX: ffff8801bb04cb30 RBX: 0000000000000005 RCX: 0000000000006400
[  491.729868] RDX: 0000000000000028 RSI: ffff8801c6bff080 RDI: ffffffff81091210
[  491.729927] RBP: ffff8801af917ea8 R08: 000000000000000a R09: ffff8801c6bff080
[  491.729985] R10: 0000000000000394 R11: ffff8801af917afe R12: 0000000000000001
[  491.730043] R13: 0000000000000001 R14: 0000000000000280 R15: ffff8801bb04c800
[  491.730109] FS:  00007f78c0bf4740(0000) GS:ffff8801cf280000(0000) knlGS:0000000000000000
[  491.730176] CS:  0010 DS: 0000 ES: 0000 CR0: 0000000080050033
[  491.730223] CR2: ffffffff81091210 CR3: 00000001c41b4000 CR4: 00000000001407e0
[  491.730311] Stack:
[  491.730340]  ffffffffc080392d ffffffff810a725d ffff8801cf293ef8 ffff8801c3d67628
[  491.730456]  00000001cf293ef8 0000000000006400 0040800000006400 ffffffff00000003
[  491.730567]  000000009c5d013a ffff8801af917ed8 ffff8800a45b8000 ffff8801b75c8fb8
[  491.730673] Call Trace:
[  491.730723]  [<ffffffffc080392d>] ? usbcam_ioctl+0x3ad/0x7fd [usbcam]
[  491.730819]  [<ffffffff810a725d>] ? set_next_entity+0x9d/0xb0
[  491.730896]  [<ffffffff811ffc48>] do_vfs_ioctl+0x2f8/0x510
[  491.730947]  [<ffffffff817b254b>] ? __schedule+0x37b/0x820
[  491.730995]  [<ffffffff811ffee1>] SyS_ioctl+0x81/0xa0
[  491.731041]  [<ffffffff817b6dcd>] system_call_fastpath+0x16/0x1b
[  491.731091] Code: 75 df 48 8d 75 c8 48 c7 c7 d0 c8 cc 81 e8 6f 8d b0 ff 48 83 c4 38 5b 5d c3 0f 1f 84 00 00 00 00 00 0f 1f 44 00 00 48 85 ff 74 18 <f0> 83 2f 01 74 08 c3 0f 1f 80 00 00 00 00 55 48 89 e5 e8 6f f6 
[  491.731345] RIP  [<ffffffff815abd6a>] usb_free_urb+0xa/0x30
[  491.731396]  RSP <ffff8801af917e30>
[  491.731426] CR2: ffffffff81091210
[  491.742789] ---[ end trace 42a2585dc53ca12c ]---
[  491.742968] ===usbcam_release: Releasing usbcam driver in from READONLY MODE!
